Initialized native services in: C:\Users\julie\.gradle\native
Initialized jansi services in: C:\Users\julie\.gradle\native
Received JVM installation metadata from 'C:\Program Files\Eclipse Adoptium\jdk-17.0.17.10-hotspot': {JAVA_HOME=C:\Program Files\Eclipse Adoptium\jdk-17.0.17.10-hotspot, JAVA_VERSION=17.0.17, JAVA_VENDOR=Eclipse Adoptium, RUNTIME_NAME=OpenJDK Runtime Environment, RUNTIME_VERSION=17.0.17+10, VM_NAME=OpenJDK 64-Bit Server VM, VM_VERSION=17.0.17+10, VM_VENDOR=Eclipse Adoptium, OS_ARCH=amd64}
The client will now receive all logging from the daemon (pid: 17748). The daemon log file: C:\Users\julie\.gradle\daemon\8.5\daemon-17748.out.log
Starting 9th build in daemon [uptime: 11 mins 25.991 secs, performance: 99%, GC rate: 0.00/s, heap usage: 0% of 1 GiB]
Using 16 worker leases.
Now considering [E:\Dev\projects\gdrivesync] as hierarchies to watch
Watching the file system is configured to be enabled if available
File system watching is active
Starting Build
Settings evaluated using settings file 'E:\Dev\projects\gdrivesync\settings.gradle.kts'.
Projects loaded. Root project using build file 'E:\Dev\projects\gdrivesync\build.gradle.kts'.
Included projects: [root project 'GDriveSync', project ':app']

> Configure project :
Evaluating root project 'GDriveSync' using build file 'E:\Dev\projects\gdrivesync\build.gradle.kts'.
Caching disabled for Kotlin DSL accessors for root project 'GDriveSync' because:
  Build cache is disabled
Skipping Kotlin DSL accessors for root project 'GDriveSync' as it is up-to-date.

> Configure project :app
Evaluating project ':app' using build file 'E:\Dev\projects\gdrivesync\app\build.gradle.kts'.
Using default execution profile
Using Kotlin Gradle Plugin gradle81 variant
Caching disabled for Kotlin DSL accessors for project ':app' because:
  Build cache is disabled
Skipping Kotlin DSL accessors for project ':app' as it is up-to-date.
All projects evaluated.
Task name matched 'assembleDebug'
Selected primary task 'assembleDebug' from project :
Tasks to be executed: [task ':app:preBuild', task ':app:preDebugBuild', task ':app:mergeDebugNativeDebugMetadata', task ':app:checkKotlinGradlePluginConfigurationErrors', task ':app:checkDebugAarMetadata', task ':app:generateDebugResValues', task ':app:mapDebugSourceSetPaths', task ':app:generateDebugResources', task ':app:mergeDebugResources', task ':app:createDebugCompatibleScreenManifests', task ':app:extractDeepLinksDebug', task ':app:processDebugMainManifest', task ':app:processDebugManifest', task ':app:processDebugManifestForPackage', task ':app:processDebugResources', task ':app:kaptGenerateStubsDebugKotlin', task ':app:kaptDebugKotlin', task ':app:compileDebugKotlin', task ':app:javaPreCompileDebug', task ':app:compileDebugJavaWithJavac', task ':app:mergeDebugShaders', task ':app:compileDebugShaders', task ':app:generateDebugAssets', task ':app:mergeDebugAssets', task ':app:compressDebugAssets', task ':app:desugarDebugFileDependencies', task ':app:dexBuilderDebug', task ':app:mergeDebugGlobalSynthetics', task ':app:processDebugJavaRes', task ':app:mergeDebugJavaResource', task ':app:checkDebugDuplicateClasses', task ':app:mergeExtDexDebug', task ':app:mergeLibDexDebug', task ':app:mergeProjectDexDebug', task ':app:mergeDebugJniLibFolders', task ':app:mergeDebugNativeLibs', task ':app:stripDebugDebugSymbols', task ':app:validateSigningDebug', task ':app:writeDebugAppMetadata', task ':app:writeDebugSigningConfigVersions', task ':app:packageDebug', task ':app:createDebugApkListingFileRedirect', task ':app:assembleDebug']
Tasks that were excluded: []
Resolve mutations for :app:preBuild (Thread[Execution worker,5,main]) started.
:app:preBuild (Thread[Execution worker,5,main]) started.

> Task :app:preBuild UP-TO-DATE
Skipping task ':app:preBuild' as it has no actions.
Resolve mutations for :app:preDebugBuild (Thread[Execution worker,5,main]) started.
:app:preDebugBuild (Thread[Execution worker Thread 9,5,main]) started.

> Task :app:preDebugBuild UP-TO-DATE
Skipping task ':app:preDebugBuild' as it has no actions.
Resolve mutations for :app:mergeDebugNativeDebugMetadata (Thread[Execution worker Thread 9,5,main]) started.
:app:mergeDebugNativeDebugMetadata (Thread[Execution worker Thread 9,5,main]) started.

> Task :app:mergeDebugNativeDebugMetadata NO-SOURCE
Skipping task ':app:mergeDebugNativeDebugMetadata' as it has no source files and no previous output files.
Resolve mutations for :app:checkKotlinGradlePluginConfigurationErrors (Thread[Execution worker Thread 9,5,main]) started.
:app:checkKotlinGradlePluginConfigurationErrors (Thread[Execution worker Thread 10,5,main]) started.

> Task :app:checkKotlinGradlePluginConfigurationErrors
Caching disabled for task ':app:checkKotlinGradlePluginConfigurationErrors' because:
  Build cache is disabled
Task ':app:checkKotlinGradlePluginConfigurationErrors' is not up-to-date because:
  Task has not declared any outputs despite executing actions.
Resolve mutations for :app:checkDebugAarMetadata (Thread[Execution worker Thread 10,5,main]) started.
:app:checkDebugAarMetadata (Thread[Execution worker Thread 12,5,main]) started.

> Task :app:checkDebugAarMetadata UP-TO-DATE
Transforming play-services-auth-20.7.0.aar (com.google.android.gms:play-services-auth:20.7.0) with JetifyTransform
Transforming play-services-auth-20.7.0.aar (com.google.android.gms:play-services-auth:20.7.0) with ExtractAarTransform
Transforming play-services-auth-20.7.0.aar (com.google.android.gms:play-services-auth:20.7.0) with AarTransform
Transforming play-services-auth-api-phone-18.0.1.aar (com.google.android.gms:play-services-auth-api-phone:18.0.1) with JetifyTransform
Transforming play-services-auth-api-phone-18.0.1.aar (com.google.android.gms:play-services-auth-api-phone:18.0.1) with ExtractAarTransform
Transforming play-services-basement-18.2.0.aar (com.google.android.gms:play-services-basement:18.2.0) with JetifyTransform
Transforming play-services-basement-18.2.0.aar (com.google.android.gms:play-services-basement:18.2.0) with JetifyTransform
Transforming play-services-auth-api-phone-18.0.1.aar (com.google.android.gms:play-services-auth-api-phone:18.0.1) with AarTransform
Transforming play-services-basement-18.2.0.aar (com.google.android.gms:play-services-basement:18.2.0) with ExtractAarTransform
Transforming play-services-basement-18.2.0.aar (com.google.android.gms:play-services-basement:18.2.0) with ExtractAarTransform
Transforming play-services-basement-18.2.0.aar (com.google.android.gms:play-services-basement:18.2.0) with JetifyTransform
Transforming play-services-basement-18.2.0.aar (com.google.android.gms:play-services-basement:18.2.0) with AarTransform
Transforming play-services-basement-18.2.0.aar (com.google.android.gms:play-services-basement:18.2.0) with ExtractAarTransform
Transforming play-services-basement-18.2.0.aar (com.google.android.gms:play-services-basement:18.2.0) with JetifyTransform
Transforming play-services-basement-18.2.0.aar (com.google.android.gms:play-services-basement:18.2.0) with AarTransform
Transforming play-services-basement-18.2.0.aar (com.google.android.gms:play-services-basement:18.2.0) with ExtractAarTransform
Transforming play-services-base-18.0.1.aar (com.google.android.gms:play-services-base:18.0.1) with JetifyTransform
Transforming play-services-basement-18.2.0.aar (com.google.android.gms:play-services-basement:18.2.0) with AarTransform
Transforming play-services-base-18.0.1.aar (com.google.android.gms:play-services-base:18.0.1) with ExtractAarTransform
Transforming play-services-fido-20.0.1.aar (com.google.android.gms:play-services-fido:20.0.1) with JetifyTransform
Transforming play-services-tasks-18.0.1.aar (com.google.android.gms:play-services-tasks:18.0.1) with JetifyTransform
Transforming play-services-tasks-18.0.1.aar (com.google.android.gms:play-services-tasks:18.0.1) with JetifyTransform
Transforming play-services-basement-18.2.0.aar (com.google.android.gms:play-services-basement:18.2.0) with AarTransform
Transforming fragment-1.0.0.aar (androidx.fragment:fragment:1.0.0) with JetifyTransform
Transforming play-services-basement-18.2.0.aar (com.google.android.gms:play-services-basement:18.2.0) with JetifyTransform
Transforming fragment-1.0.0.aar (androidx.fragment:fragment:1.0.0) with ExtractAarTransform
Transforming play-services-basement-18.2.0.aar (com.google.android.gms:play-services-basement:18.2.0) with ExtractAarTransform
Transforming fragment-1.0.0.aar (androidx.fragment:fragment:1.0.0) with AarTransform
Transforming play-services-basement-18.2.0.aar (com.google.android.gms:play-services-basement:18.2.0) with AarTransform
Transforming play-services-auth-base-18.0.4.aar (com.google.android.gms:play-services-auth-base:18.0.4) with JetifyTransform
Transforming fragment-1.0.0.aar (androidx.fragment:fragment:1.0.0) with JetifyTransform
Transforming fragment-1.0.0.aar (androidx.fragment:fragment:1.0.0) with JetifyTransform
Transforming play-services-tasks-18.0.1.aar (com.google.android.gms:play-services-tasks:18.0.1) with ExtractAarTransform
Transforming fragment-1.0.0.aar (androidx.fragment:fragment:1.0.0) with ExtractAarTransform
Transforming play-services-tasks-18.0.1.aar (com.google.android.gms:play-services-tasks:18.0.1) with AarTransform
Transforming fragment-1.0.0.aar (androidx.fragment:fragment:1.0.0) with AarTransform
Transforming play-services-tasks-18.0.1.aar (com.google.android.gms:play-services-tasks:18.0.1) with ExtractAarTransform
Transforming play-services-tasks-18.0.1.aar (com.google.android.gms:play-services-tasks:18.0.1) with JetifyTransform
Transforming play-services-fido-20.0.1.aar (com.google.android.gms:play-services-fido:20.0.1) with ExtractAarTransform
Transforming play-services-tasks-18.0.1.aar (com.google.android.gms:play-services-tasks:18.0.1) with ExtractAarTransform
Transforming play-services-fido-20.0.1.aar (com.google.android.gms:play-services-fido:20.0.1) with AarTransform
Transforming play-services-tasks-18.0.1.aar (com.google.android.gms:play-services-tasks:18.0.1) with AarTransform
Transforming play-services-tasks-18.0.1.aar (com.google.android.gms:play-services-tasks:18.0.1) with JetifyTransform
Transforming play-services-tasks-18.0.1.aar (com.google.android.gms:play-services-tasks:18.0.1) with JetifyTransform
Transforming play-services-base-18.0.1.aar (com.google.android.gms:play-services-base:18.0.1) with AarTransform
Transforming work-runtime-ktx-2.9.0.aar (androidx.work:work-runtime-ktx:2.9.0) with JetifyTransform
Transforming play-services-base-18.0.1.aar (com.google.android.gms:play-services-base:18.0.1) with JetifyTransform
Transforming play-services-base-18.0.1.aar (com.google.android.gms:play-services-base:18.0.1) with JetifyTransform
Transforming play-services-base-18.0.1.aar (com.google.android.gms:play-services-base:18.0.1) with JetifyTransform
Transforming work-runtime-2.9.0.aar (androidx.work:work-runtime:2.9.0) with JetifyTransform
Transforming play-services-base-18.0.1.aar (com.google.android.gms:play-services-base:18.0.1) with ExtractAarTransform
Transforming work-runtime-2.9.0.aar (androidx.work:work-runtime:2.9.0) with ExtractAarTransform
Transforming play-services-base-18.0.1.aar (com.google.android.gms:play-services-base:18.0.1) with AarTransform
Transforming play-services-base-18.0.1.aar (com.google.android.gms:play-services-base:18.0.1) with ExtractAarTransform
Transforming work-runtime-ktx-2.9.0.aar (androidx.work:work-runtime-ktx:2.9.0) with ExtractAarTransform
Transforming play-services-tasks-18.0.1.aar (com.google.android.gms:play-services-tasks:18.0.1) with ExtractAarTransform
Transforming work-runtime-ktx-2.9.0.aar (androidx.work:work-runtime-ktx:2.9.0) with AarTransform
Transforming play-services-tasks-18.0.1.aar (com.google.android.gms:play-services-tasks:18.0.1) with ExtractAarTransform
Transforming loader-1.0.0.aar (androidx.loader:loader:1.0.0) with JetifyTransform
Transforming play-services-tasks-18.0.1.aar (com.google.android.gms:play-services-tasks:18.0.1) with AarTransform
Transforming loader-1.0.0.aar (androidx.loader:loader:1.0.0) with JetifyTransform
Transforming loader-1.0.0.aar (androidx.loader:loader:1.0.0) with JetifyTransform
Transforming play-services-tasks-18.0.1.aar (com.google.android.gms:play-services-tasks:18.0.1) with AarTransform
Transforming loader-1.0.0.aar (androidx.loader:loader:1.0.0) with ExtractAarTransform
Transforming legacy-support-core-utils-1.0.0.aar (androidx.legacy:legacy-support-core-utils:1.0.0) with JetifyTransform
Transforming legacy-support-core-utils-1.0.0.aar (androidx.legacy:legacy-support-core-utils:1.0.0) with JetifyTransform
Transforming fragment-1.0.0.aar (androidx.fragment:fragment:1.0.0) with ExtractAarTransform
Transforming play-services-auth-base-18.0.4.aar (com.google.android.gms:play-services-auth-base:18.0.4) with ExtractAarTransform
Transforming fragment-1.0.0.aar (androidx.fragment:fragment:1.0.0) with AarTransform
Transforming legacy-support-core-ui-1.0.0.aar (androidx.legacy:legacy-support-core-ui:1.0.0) with JetifyTransform
Transforming play-services-auth-base-18.0.4.aar (com.google.android.gms:play-services-auth-base:18.0.4) with AarTransform
Transforming legacy-support-core-ui-1.0.0.aar (androidx.legacy:legacy-support-core-ui:1.0.0) with ExtractAarTransform
Transforming navigation-runtime-ktx-2.7.5.aar (androidx.navigation:navigation-runtime-ktx:2.7.5) with JetifyTransform
Transforming navigation-compose-2.7.5.aar (androidx.navigation:navigation-compose:2.7.5) with JetifyTransform
Transforming navigation-runtime-ktx-2.7.5.aar (androidx.navigation:navigation-runtime-ktx:2.7.5) with ExtractAarTransform
Transforming navigation-compose-2.7.5.aar (androidx.navigation:navigation-compose:2.7.5) with ExtractAarTransform
Transforming navigation-runtime-ktx-2.7.5.aar (androidx.navigation:navigation-runtime-ktx:2.7.5) with AarTransform
Transforming navigation-compose-2.7.5.aar (androidx.navigation:navigation-compose:2.7.5) with AarTransform
Transforming legacy-support-core-utils-1.0.0.aar (androidx.legacy:legacy-support-core-utils:1.0.0) with ExtractAarTransform
Transforming legacy-support-core-utils-1.0.0.aar (androidx.legacy:legacy-support-core-utils:1.0.0) with ExtractAarTransform
Transforming navigation-common-ktx-2.7.5.aar (androidx.navigation:navigation-common-ktx:2.7.5) with JetifyTransform
Transforming legacy-support-core-utils-1.0.0.aar (androidx.legacy:legacy-support-core-utils:1.0.0) with AarTransform
Transforming activity-1.8.1.aar (androidx.activity:activity:1.8.1) with JetifyTransform
Transforming loader-1.0.0.aar (androidx.loader:loader:1.0.0) with AarTransform
Transforming navigation-runtime-2.7.5.aar (androidx.navigation:navigation-runtime:2.7.5) with JetifyTransform
Transforming activity-ktx-1.8.1.aar (androidx.activity:activity-ktx:1.8.1) with JetifyTransform
Transforming loader-1.0.0.aar (androidx.loader:loader:1.0.0) with ExtractAarTransform
Transforming loader-1.0.0.aar (androidx.loader:loader:1.0.0) with ExtractAarTransform
Transforming material-ripple-release.aar (androidx.compose.material:material-ripple-android:1.5.4) with JetifyTransform
Transforming loader-1.0.0.aar (androidx.loader:loader:1.0.0) with AarTransform
Transforming material-ripple-release.aar (androidx.compose.material:material-ripple-android:1.5.4) with ExtractAarTransform
Transforming navigation-common-2.7.5.aar (androidx.navigation:navigation-common:2.7.5) with JetifyTransform
Transforming play-services-tasks-18.0.1.aar (com.google.android.gms:play-services-tasks:18.0.1) with AarTransform
Transforming play-services-base-18.0.1.aar (com.google.android.gms:play-services-base:18.0.1) with AarTransform
Transforming work-runtime-2.9.0.aar (androidx.work:work-runtime:2.9.0) with AarTransform
Transforming play-services-base-18.0.1.aar (com.google.android.gms:play-services-base:18.0.1) with ExtractAarTransform
Transforming material-icons-extended-release.aar (androidx.compose.material:material-icons-extended-android:1.5.4) with JetifyTransform
Transforming play-services-base-18.0.1.aar (com.google.android.gms:play-services-base:18.0.1) with AarTransform
Transforming material-release.aar (androidx.compose.material:material-android:1.5.4) with JetifyTransform
Transforming navigation-common-2.7.5.aar (androidx.navigation:navigation-common:2.7.5) with ExtractAarTransform
Transforming material-icons-core-release.aar (androidx.compose.material:material-icons-core-android:1.5.4) with JetifyTransform
Transforming material-ripple-release.aar (androidx.compose.material:material-ripple-android:1.5.4) with AarTransform
Transforming material-icons-core-release.aar (androidx.compose.material:material-icons-core-android:1.5.4) with ExtractAarTransform
Transforming loader-1.0.0.aar (androidx.loader:loader:1.0.0) with AarTransform
Transforming activity-ktx-1.8.1.aar (androidx.activity:activity-ktx:1.8.1) with ExtractAarTransform
Transforming navigation-runtime-2.7.5.aar (androidx.navigation:navigation-runtime:2.7.5) with ExtractAarTransform
Transforming activity-1.8.1.aar (androidx.activity:activity:1.8.1) with ExtractAarTransform
Transforming navigation-common-ktx-2.7.5.aar (androidx.navigation:navigation-common-ktx:2.7.5) with ExtractAarTransform
Transforming activity-1.8.1.aar (androidx.activity:activity:1.8.1) with AarTransform
Transforming legacy-support-core-utils-1.0.0.aar (androidx.legacy:legacy-support-core-utils:1.0.0) with AarTransform
Transforming material3-1.1.2.aar (androidx.compose.material3:material3:1.1.2) with JetifyTransform
Transforming foundation-release.aar (androidx.compose.foundation:foundation-android:1.5.4) with JetifyTransform
Transforming material3-1.1.2.aar (androidx.compose.material3:material3:1.1.2) with ExtractAarTransform
Transforming legacy-support-core-ui-1.0.0.aar (androidx.legacy:legacy-support-core-ui:1.0.0) with AarTransform
Transforming material3-1.1.2.aar (androidx.compose.material3:material3:1.1.2) with AarTransform
Transforming ui-tooling-data-release.aar (androidx.compose.ui:ui-tooling-data-android:1.5.4) with JetifyTransform
Transforming foundation-release.aar (androidx.compose.foundation:foundation-android:1.5.4) with ExtractAarTransform
Transforming ui-tooling-data-release.aar (androidx.compose.ui:ui-tooling-data-android:1.5.4) with ExtractAarTransform
Transforming ui-unit-release.aar (androidx.compose.ui:ui-unit-android:1.5.4) with JetifyTransform
Transforming navigation-common-ktx-2.7.5.aar (androidx.navigation:navigation-common-ktx:2.7.5) with AarTransform
Transforming foundation-layout-release.aar (androidx.compose.foundation:foundation-layout-android:1.5.4) with JetifyTransform
Transforming ui-geometry-release.aar (androidx.compose.ui:ui-geometry-android:1.5.4) with JetifyTransform
Transforming foundation-layout-release.aar (androidx.compose.foundation:foundation-layout-android:1.5.4) with ExtractAarTransform
Transforming ui-geometry-release.aar (androidx.compose.ui:ui-geometry-android:1.5.4) with ExtractAarTransform
Transforming foundation-layout-release.aar (androidx.compose.foundation:foundation-layout-android:1.5.4) with AarTransform
Transforming ui-geometry-release.aar (androidx.compose.ui:ui-geometry-android:1.5.4) with AarTransform
Transforming ui-util-release.aar (androidx.compose.ui:ui-util-android:1.5.4) with JetifyTransform
Transforming navigation-runtime-2.7.5.aar (androidx.navigation:navigation-runtime:2.7.5) with AarTransform
Transforming ui-util-release.aar (androidx.compose.ui:ui-util-android:1.5.4) with ExtractAarTransform
Transforming activity-ktx-1.8.1.aar (androidx.activity:activity-ktx:1.8.1) with AarTransform
Transforming ui-text-release.aar (androidx.compose.ui:ui-text-android:1.5.4) with JetifyTransform
Transforming animation-release.aar (androidx.compose.animation:animation-android:1.5.4) with JetifyTransform
Transforming material-icons-core-release.aar (androidx.compose.material:material-icons-core-android:1.5.4) with AarTransform
Transforming ui-tooling-preview-release.aar (androidx.compose.ui:ui-tooling-preview-android:1.5.4) with JetifyTransform
Transforming animation-core-release.aar (androidx.compose.animation:animation-core-android:1.5.4) with JetifyTransform
Transforming navigation-common-2.7.5.aar (androidx.navigation:navigation-common:2.7.5) with AarTransform
Transforming animation-core-release.aar (androidx.compose.animation:animation-core-android:1.5.4) with ExtractAarTransform
Transforming material-release.aar (androidx.compose.material:material-android:1.5.4) with ExtractAarTransform
Transforming material-icons-extended-release.aar (androidx.compose.material:material-icons-extended-android:1.5.4) with ExtractAarTransform
Transforming material-release.aar (androidx.compose.material:material-android:1.5.4) with AarTransform
Transforming ui-graphics-release.aar (androidx.compose.ui:ui-graphics-android:1.5.4) with JetifyTransform
Transforming animation-core-release.aar (androidx.compose.animation:animation-core-android:1.5.4) with AarTransform
Transforming ui-graphics-release.aar (androidx.compose.ui:ui-graphics-android:1.5.4) with ExtractAarTransform
Transforming ui-tooling-release.aar (androidx.compose.ui:ui-tooling-android:1.5.4) with JetifyTransform
Transforming lifecycle-service-2.6.2.aar (androidx.lifecycle:lifecycle-service:2.6.2) with JetifyTransform
Transforming ui-tooling-preview-release.aar (androidx.compose.ui:ui-tooling-preview-android:1.5.4) with ExtractAarTransform
Transforming animation-release.aar (androidx.compose.animation:animation-android:1.5.4) with ExtractAarTransform
Transforming ui-text-release.aar (androidx.compose.ui:ui-text-android:1.5.4) with ExtractAarTransform
Transforming ui-util-release.aar (androidx.compose.ui:ui-util-android:1.5.4) with AarTransform
Transforming ui-text-release.aar (androidx.compose.ui:ui-text-android:1.5.4) with AarTransform
Transforming ui-unit-release.aar (androidx.compose.ui:ui-unit-android:1.5.4) with ExtractAarTransform
Transforming ui-tooling-data-release.aar (androidx.compose.ui:ui-tooling-data-android:1.5.4) with AarTransform
Transforming ui-unit-release.aar (androidx.compose.ui:ui-unit-android:1.5.4) with AarTransform
Transforming foundation-release.aar (androidx.compose.foundation:foundation-android:1.5.4) with AarTransform
Transforming lifecycle-process-2.6.2.aar (androidx.lifecycle:lifecycle-process:2.6.2) with JetifyTransform
Transforming activity-compose-1.8.1.aar (androidx.activity:activity-compose:1.8.1) with JetifyTransform
Transforming animation-release.aar (androidx.compose.animation:animation-android:1.5.4) with AarTransform
Transforming savedstate-ktx-1.2.1.aar (androidx.savedstate:savedstate-ktx:1.2.1) with JetifyTransform
Transforming lifecycle-livedata-2.6.2.aar (androidx.lifecycle:lifecycle-livedata:2.6.2) with JetifyTransform
Transforming ui-tooling-preview-release.aar (androidx.compose.ui:ui-tooling-preview-android:1.5.4) with AarTransform
Transforming emoji2-1.4.0.aar (androidx.emoji2:emoji2:1.4.0) with JetifyTransform
Transforming lifecycle-service-2.6.2.aar (androidx.lifecycle:lifecycle-service:2.6.2) with ExtractAarTransform
Transforming ui-tooling-release.aar (androidx.compose.ui:ui-tooling-android:1.5.4) with ExtractAarTransform
Transforming lifecycle-service-2.6.2.aar (androidx.lifecycle:lifecycle-service:2.6.2) with AarTransform
Transforming lifecycle-livedata-2.6.2.aar (androidx.lifecycle:lifecycle-livedata:2.6.2) with JetifyTransform
Transforming ui-graphics-release.aar (androidx.compose.ui:ui-graphics-android:1.5.4) with AarTransform
Transforming ui-test-manifest-1.5.4.aar (androidx.compose.ui:ui-test-manifest:1.5.4) with JetifyTransform
Transforming savedstate-1.2.1.aar (androidx.savedstate:savedstate:1.2.1) with JetifyTransform
Transforming material-icons-extended-release.aar (androidx.compose.material:material-icons-extended-android:1.5.4) with AarTransform
Transforming savedstate-1.2.1.aar (androidx.savedstate:savedstate:1.2.1) with ExtractAarTransform
Transforming lifecycle-livedata-core-2.6.2.aar (androidx.lifecycle:lifecycle-livedata-core:2.6.2) with JetifyTransform
Transforming ui-test-manifest-1.5.4.aar (androidx.compose.ui:ui-test-manifest:1.5.4) with ExtractAarTransform
Transforming lifecycle-livedata-2.6.2.aar (androidx.lifecycle:lifecycle-livedata:2.6.2) with ExtractAarTransform
Transforming lifecycle-viewmodel-savedstate-2.6.2.aar (androidx.lifecycle:lifecycle-viewmodel-savedstate:2.6.2) with JetifyTransform
Transforming lifecycle-livedata-2.6.2.aar (androidx.lifecycle:lifecycle-livedata:2.6.2) with AarTransform
Transforming ui-tooling-release.aar (androidx.compose.ui:ui-tooling-android:1.5.4) with AarTransform
Transforming emoji2-1.4.0.aar (androidx.emoji2:emoji2:1.4.0) with ExtractAarTransform
Transforming lifecycle-livedata-2.6.2.aar (androidx.lifecycle:lifecycle-livedata:2.6.2) with ExtractAarTransform
Transforming savedstate-ktx-1.2.1.aar (androidx.savedstate:savedstate-ktx:1.2.1) with ExtractAarTransform
Transforming lifecycle-livedata-2.6.2.aar (androidx.lifecycle:lifecycle-livedata:2.6.2) with AarTransform
Transforming activity-compose-1.8.1.aar (androidx.activity:activity-compose:1.8.1) with ExtractAarTransform
Transforming lifecycle-process-2.6.2.aar (androidx.lifecycle:lifecycle-process:2.6.2) with ExtractAarTransform
Transforming activity-compose-1.8.1.aar (androidx.activity:activity-compose:1.8.1) with AarTransform
Transforming lifecycle-process-2.6.2.aar (androidx.lifecycle:lifecycle-process:2.6.2) with AarTransform
Transforming lifecycle-viewmodel-ktx-2.6.2.aar (androidx.lifecycle:lifecycle-viewmodel-ktx:2.6.2) with JetifyTransform
Transforming lifecycle-viewmodel-2.6.2.aar (androidx.lifecycle:lifecycle-viewmodel:2.6.2) with JetifyTransform
Transforming lifecycle-viewmodel-ktx-2.6.2.aar (androidx.lifecycle:lifecycle-viewmodel-ktx:2.6.2) with ExtractAarTransform
Transforming lifecycle-viewmodel-2.6.2.aar (androidx.lifecycle:lifecycle-viewmodel:2.6.2) with ExtractAarTransform
Transforming lifecycle-viewmodel-ktx-2.6.2.aar (androidx.lifecycle:lifecycle-viewmodel-ktx:2.6.2) with AarTransform
Transforming savedstate-ktx-1.2.1.aar (androidx.savedstate:savedstate-ktx:1.2.1) with AarTransform
Transforming emoji2-1.4.0.aar (androidx.emoji2:emoji2:1.4.0) with AarTransform
Transforming autofill-1.0.0.aar (androidx.autofill:autofill:1.0.0) with JetifyTransform
Transforming lifecycle-runtime-2.6.2.aar (androidx.lifecycle:lifecycle-runtime:2.6.2) with JetifyTransform
Transforming lifecycle-viewmodel-savedstate-2.6.2.aar (androidx.lifecycle:lifecycle-viewmodel-savedstate:2.6.2) with ExtractAarTransform
Transforming ui-test-manifest-1.5.4.aar (androidx.compose.ui:ui-test-manifest:1.5.4) with AarTransform
Transforming lifecycle-livedata-core-2.6.2.aar (androidx.lifecycle:lifecycle-livedata-core:2.6.2) with ExtractAarTransform
Transforming savedstate-1.2.1.aar (androidx.savedstate:savedstate:1.2.1) with AarTransform
Transforming lifecycle-livedata-core-2.6.2.aar (androidx.lifecycle:lifecycle-livedata-core:2.6.2) with AarTransform
Transforming lifecycle-viewmodel-savedstate-2.6.2.aar (androidx.lifecycle:lifecycle-viewmodel-savedstate:2.6.2) with AarTransform
Transforming ui-release.aar (androidx.compose.ui:ui-android:1.5.4) with JetifyTransform
Transforming lifecycle-runtime-2.6.2.aar (androidx.lifecycle:lifecycle-runtime:2.6.2) with ExtractAarTransform
Transforming ui-release.aar (androidx.compose.ui:ui-android:1.5.4) with ExtractAarTransform
Transforming lifecycle-runtime-2.6.2.aar (androidx.lifecycle:lifecycle-runtime:2.6.2) with AarTransform
Transforming autofill-1.0.0.aar (androidx.autofill:autofill:1.0.0) with ExtractAarTransform
Transforming lifecycle-viewmodel-compose-2.6.2.aar (androidx.lifecycle:lifecycle-viewmodel-compose:2.6.2) with JetifyTransform
Transforming lifecycle-viewmodel-2.6.2.aar (androidx.lifecycle:lifecycle-viewmodel:2.6.2) with AarTransform
Transforming lifecycle-viewmodel-compose-2.6.2.aar (androidx.lifecycle:lifecycle-viewmodel-compose:2.6.2) with ExtractAarTransform
Transforming lifecycle-runtime-ktx-2.6.2.aar (androidx.lifecycle:lifecycle-runtime-ktx:2.6.2) with JetifyTransform
Transforming autofill-1.0.0.aar (androidx.autofill:autofill:1.0.0) with AarTransform
Transforming ui-release.aar (androidx.compose.ui:ui-android:1.5.4) with AarTransform
Transforming drawerlayout-1.0.0.aar (androidx.drawerlayout:drawerlayout:1.0.0) with JetifyTransform
Transforming slidingpanelayout-1.0.0.aar (androidx.slidingpanelayout:slidingpanelayout:1.0.0) with JetifyTransform
Transforming lifecycle-viewmodel-2.6.2.aar (androidx.lifecycle:lifecycle-viewmodel:2.6.2) with JetifyTransform
Transforming lifecycle-viewmodel-2.6.2.aar (androidx.lifecycle:lifecycle-viewmodel:2.6.2) with JetifyTransform
Transforming lifecycle-viewmodel-2.6.2.aar (androidx.lifecycle:lifecycle-viewmodel:2.6.2) with ExtractAarTransform
Transforming coordinatorlayout-1.0.0.aar (androidx.coordinatorlayout:coordinatorlayout:1.0.0) with JetifyTransform
Transforming slidingpanelayout-1.0.0.aar (androidx.slidingpanelayout:slidingpanelayout:1.0.0) with ExtractAarTransform
Transforming drawerlayout-1.0.0.aar (androidx.drawerlayout:drawerlayout:1.0.0) with ExtractAarTransform
Transforming slidingpanelayout-1.0.0.aar (androidx.slidingpanelayout:slidingpanelayout:1.0.0) with AarTransform
Transforming drawerlayout-1.0.0.aar (androidx.drawerlayout:drawerlayout:1.0.0) with AarTransform
Transforming lifecycle-runtime-ktx-2.6.2.aar (androidx.lifecycle:lifecycle-runtime-ktx:2.6.2) with ExtractAarTransform
Transforming viewpager-1.0.0.aar (androidx.viewpager:viewpager:1.0.0) with JetifyTransform
Transforming lifecycle-viewmodel-compose-2.6.2.aar (androidx.lifecycle:lifecycle-viewmodel-compose:2.6.2) with AarTransform
Transforming viewpager-1.0.0.aar (androidx.viewpager:viewpager:1.0.0) with ExtractAarTransform
Transforming swiperefreshlayout-1.0.0.aar (androidx.swiperefreshlayout:swiperefreshlayout:1.0.0) with JetifyTransform
Transforming viewpager-1.0.0.aar (androidx.viewpager:viewpager:1.0.0) with AarTransform
Transforming swiperefreshlayout-1.0.0.aar (androidx.swiperefreshlayout:swiperefreshlayout:1.0.0) with ExtractAarTransform
Transforming lifecycle-runtime-ktx-2.6.2.aar (androidx.lifecycle:lifecycle-runtime-ktx:2.6.2) with AarTransform
Transforming core-1.12.0.aar (androidx.core:core:1.12.0) with JetifyTransform
Transforming customview-1.0.0.aar (androidx.customview:customview:1.0.0) with JetifyTransform
Transforming core-1.12.0.aar (androidx.core:core:1.12.0) with ExtractAarTransform
Transforming core-1.12.0.aar (androidx.core:core:1.12.0) with JetifyTransform
Transforming core-1.12.0.aar (androidx.core:core:1.12.0) with AarTransform
Transforming core-1.12.0.aar (androidx.core:core:1.12.0) with ExtractAarTransform
Transforming customview-1.0.0.aar (androidx.customview:customview:1.0.0) with JetifyTransform
Transforming customview-1.0.0.aar (androidx.customview:customview:1.0.0) with JetifyTransform
Transforming customview-1.0.0.aar (androidx.customview:customview:1.0.0) with JetifyTransform
Transforming customview-1.0.0.aar (androidx.customview:customview:1.0.0) with JetifyTransform
Transforming coordinatorlayout-1.0.0.aar (androidx.coordinatorlayout:coordinatorlayout:1.0.0) with ExtractAarTransform
Transforming customview-1.0.0.aar (androidx.customview:customview:1.0.0) with ExtractAarTransform
Transforming lifecycle-viewmodel-2.6.2.aar (androidx.lifecycle:lifecycle-viewmodel:2.6.2) with AarTransform
Transforming lifecycle-viewmodel-2.6.2.aar (androidx.lifecycle:lifecycle-viewmodel:2.6.2) with ExtractAarTransform
Transforming customview-1.0.0.aar (androidx.customview:customview:1.0.0) with AarTransform
Transforming coordinatorlayout-1.0.0.aar (androidx.coordinatorlayout:coordinatorlayout:1.0.0) with AarTransform
Transforming core-1.12.0.aar (androidx.core:core:1.12.0) with JetifyTransform
Transforming customview-1.0.0.aar (androidx.customview:customview:1.0.0) with ExtractAarTransform
Transforming customview-1.0.0.aar (androidx.customview:customview:1.0.0) with ExtractAarTransform
Transforming customview-1.0.0.aar (androidx.customview:customview:1.0.0) with AarTransform
Transforming customview-1.0.0.aar (androidx.customview:customview:1.0.0) with ExtractAarTransform
Transforming core-1.12.0.aar (androidx.core:core:1.12.0) with AarTransform
Transforming core-1.12.0.aar (androidx.core:core:1.12.0) with JetifyTransform
Transforming core-1.12.0.aar (androidx.core:core:1.12.0) with JetifyTransform
Transforming core-1.12.0.aar (androidx.core:core:1.12.0) with ExtractAarTransform
Transforming core-1.12.0.aar (androidx.core:core:1.12.0) with ExtractAarTransform
Transforming core-1.12.0.aar (androidx.core:core:1.12.0) with AarTransform
Transforming core-1.12.0.aar (androidx.core:core:1.12.0) with JetifyTransform
Transforming core-1.12.0.aar (androidx.core:core:1.12.0) with JetifyTransform
Transforming core-1.12.0.aar (androidx.core:core:1.12.0) with ExtractAarTransform
Transforming core-1.12.0.aar (androidx.core:core:1.12.0) with ExtractAarTransform
Transforming core-1.12.0.aar (androidx.core:core:1.12.0) with JetifyTransform
Transforming customview-1.0.0.aar (androidx.customview:customview:1.0.0) with ExtractAarTransform
Transforming asynclayoutinflater-1.0.0.aar (androidx.asynclayoutinflater:asynclayoutinflater:1.0.0) with JetifyTransform
Transforming customview-1.0.0.aar (androidx.customview:customview:1.0.0) with AarTransform
Transforming swiperefreshlayout-1.0.0.aar (androidx.swiperefreshlayout:swiperefreshlayout:1.0.0) with AarTransform
Transforming asynclayoutinflater-1.0.0.aar (androidx.asynclayoutinflater:asynclayoutinflater:1.0.0) with ExtractAarTransform
Transforming core-1.12.0.aar (androidx.core:core:1.12.0) with ExtractAarTransform
Transforming core-ktx-1.12.0.aar (androidx.core:core-ktx:1.12.0) with JetifyTransform
Transforming core-1.12.0.aar (androidx.core:core:1.12.0) with AarTransform
Transforming core-1.12.0.aar (androidx.core:core:1.12.0) with AarTransform
Transforming core-1.12.0.aar (androidx.core:core:1.12.0) with AarTransform
Transforming customview-poolingcontainer-1.0.0.aar (androidx.customview:customview-poolingcontainer:1.0.0) with JetifyTransform
Transforming core-1.12.0.aar (androidx.core:core:1.12.0) with AarTransform
Transforming customview-1.0.0.aar (androidx.customview:customview:1.0.0) with AarTransform
Transforming sqlite-2.4.0.aar (androidx.sqlite:sqlite:2.4.0) with JetifyTransform
Transforming core-1.12.0.aar (androidx.core:core:1.12.0) with JetifyTransform
Transforming customview-1.0.0.aar (androidx.customview:customview:1.0.0) with AarTransform
Transforming datastore-1.0.0.aar (androidx.datastore:datastore:1.0.0) with JetifyTransform
Transforming core-1.12.0.aar (androidx.core:core:1.12.0) with ExtractAarTransform
Transforming core-1.12.0.aar (androidx.core:core:1.12.0) with JetifyTransform
Transforming lifecycle-viewmodel-2.6.2.aar (androidx.lifecycle:lifecycle-viewmodel:2.6.2) with AarTransform
Transforming core-1.12.0.aar (androidx.core:core:1.12.0) with ExtractAarTransform
Transforming core-1.12.0.aar (androidx.core:core:1.12.0) with JetifyTransform
Transforming sqlite-framework-2.4.0.aar (androidx.sqlite:sqlite-framework:2.4.0) with JetifyTransform
Transforming core-1.12.0.aar (androidx.core:core:1.12.0) with ExtractAarTransform
Transforming core-1.12.0.aar (androidx.core:core:1.12.0) with AarTransform
Transforming datastore-preferences-1.0.0.aar (androidx.datastore:datastore-preferences:1.0.0) with JetifyTransform
Transforming core-1.12.0.aar (androidx.core:core:1.12.0) with AarTransform
Transforming datastore-preferences-1.0.0.aar (androidx.datastore:datastore-preferences:1.0.0) with ExtractAarTransform
Transforming datastore-1.0.0.aar (androidx.datastore:datastore:1.0.0) with ExtractAarTransform
Transforming runtime-release.aar (androidx.compose.runtime:runtime-android:1.5.4) with JetifyTransform
Transforming datastore-1.0.0.aar (androidx.datastore:datastore:1.0.0) with AarTransform
Transforming core-1.12.0.aar (androidx.core:core:1.12.0) with ExtractAarTransform
Transforming interpolator-1.0.0.aar (androidx.interpolator:interpolator:1.0.0) with JetifyTransform
Transforming sqlite-2.4.0.aar (androidx.sqlite:sqlite:2.4.0) with ExtractAarTransform
Transforming customview-poolingcontainer-1.0.0.aar (androidx.customview:customview-poolingcontainer:1.0.0) with ExtractAarTransform
Transforming sqlite-2.4.0.aar (androidx.sqlite:sqlite:2.4.0) with AarTransform
Transforming customview-poolingcontainer-1.0.0.aar (androidx.customview:customview-poolingcontainer:1.0.0) with AarTransform
Transforming interpolator-1.0.0.aar (androidx.interpolator:interpolator:1.0.0) with JetifyTransform
Transforming interpolator-1.0.0.aar (androidx.interpolator:interpolator:1.0.0) with ExtractAarTransform
Transforming room-ktx-2.6.1.aar (androidx.room:room-ktx:2.6.1) with JetifyTransform
Transforming core-ktx-1.12.0.aar (androidx.core:core-ktx:1.12.0) with ExtractAarTransform
Transforming room-runtime-2.6.1.aar (androidx.room:room-runtime:2.6.1) with JetifyTransform
Transforming core-runtime-2.2.0.aar (androidx.arch.core:core-runtime:2.2.0) with JetifyTransform
Transforming asynclayoutinflater-1.0.0.aar (androidx.asynclayoutinflater:asynclayoutinflater:1.0.0) with AarTransform
Transforming core-runtime-2.2.0.aar (androidx.arch.core:core-runtime:2.2.0) with ExtractAarTransform
Transforming room-runtime-2.6.1.aar (androidx.room:room-runtime:2.6.1) with ExtractAarTransform
Transforming core-ktx-1.12.0.aar (androidx.core:core-ktx:1.12.0) with AarTransform
Transforming room-runtime-2.6.1.aar (androidx.room:room-runtime:2.6.1) with AarTransform
Transforming room-ktx-2.6.1.aar (androidx.room:room-ktx:2.6.1) with ExtractAarTransform
Transforming interpolator-1.0.0.aar (androidx.interpolator:interpolator:1.0.0) with AarTransform
Transforming runtime-saveable-release.aar (androidx.compose.runtime:runtime-saveable-android:1.5.4) with JetifyTransform
Transforming interpolator-1.0.0.aar (androidx.interpolator:interpolator:1.0.0) with ExtractAarTransform
Transforming core-1.12.0.aar (androidx.core:core:1.12.0) with AarTransform
Transforming interpolator-1.0.0.aar (androidx.interpolator:interpolator:1.0.0) with JetifyTransform
Transforming runtime-release.aar (androidx.compose.runtime:runtime-android:1.5.4) with ExtractAarTransform
Transforming interpolator-1.0.0.aar (androidx.interpolator:interpolator:1.0.0) with ExtractAarTransform
Transforming datastore-preferences-1.0.0.aar (androidx.datastore:datastore-preferences:1.0.0) with AarTransform
Transforming annotation-experimental-1.3.0.aar (androidx.annotation:annotation-experimental:1.3.0) with JetifyTransform
Transforming core-1.12.0.aar (androidx.core:core:1.12.0) with AarTransform
Transforming documentfile-1.0.0.aar (androidx.documentfile:documentfile:1.0.0) with JetifyTransform
Transforming sqlite-framework-2.4.0.aar (androidx.sqlite:sqlite-framework:2.4.0) with ExtractAarTransform
Transforming localbroadcastmanager-1.0.0.aar (androidx.localbroadcastmanager:localbroadcastmanager:1.0.0) with JetifyTransform
Transforming sqlite-framework-2.4.0.aar (androidx.sqlite:sqlite-framework:2.4.0) with AarTransform
Transforming print-1.0.0.aar (androidx.print:print:1.0.0) with JetifyTransform
Transforming documentfile-1.0.0.aar (androidx.documentfile:documentfile:1.0.0) with ExtractAarTransform
Transforming annotation-experimental-1.3.0.aar (androidx.annotation:annotation-experimental:1.3.0) with ExtractAarTransform
Transforming cursoradapter-1.0.0.aar (androidx.cursoradapter:cursoradapter:1.0.0) with JetifyTransform
Transforming annotation-experimental-1.3.0.aar (androidx.annotation:annotation-experimental:1.3.0) with AarTransform
Transforming cursoradapter-1.0.0.aar (androidx.cursoradapter:cursoradapter:1.0.0) with ExtractAarTransform
Transforming interpolator-1.0.0.aar (androidx.interpolator:interpolator:1.0.0) with AarTransform
Transforming runtime-release.aar (androidx.compose.runtime:runtime-android:1.5.4) with AarTransform
Transforming tracing-1.0.0.aar (androidx.tracing:tracing:1.0.0) with JetifyTransform
Transforming interpolator-1.0.0.aar (androidx.interpolator:interpolator:1.0.0) with AarTransform
Transforming tracing-1.0.0.aar (androidx.tracing:tracing:1.0.0) with ExtractAarTransform
Transforming runtime-saveable-release.aar (androidx.compose.runtime:runtime-saveable-android:1.5.4) with ExtractAarTransform
Transforming startup-runtime-1.1.1.aar (androidx.startup:startup-runtime:1.1.1) with JetifyTransform
Transforming runtime-saveable-release.aar (androidx.compose.runtime:runtime-saveable-android:1.5.4) with AarTransform
Transforming startup-runtime-1.1.1.aar (androidx.startup:startup-runtime:1.1.1) with ExtractAarTransform
Transforming room-ktx-2.6.1.aar (androidx.room:room-ktx:2.6.1) with AarTransform
Transforming profileinstaller-1.3.0.aar (androidx.profileinstaller:profileinstaller:1.3.0) with JetifyTransform
Transforming core-runtime-2.2.0.aar (androidx.arch.core:core-runtime:2.2.0) with AarTransform
Transforming versionedparcelable-1.1.1.aar (androidx.versionedparcelable:versionedparcelable:1.1.1) with JetifyTransform
Transforming profileinstaller-1.3.0.aar (androidx.profileinstaller:profileinstaller:1.3.0) with ExtractAarTransform
Transforming startup-runtime-1.1.1.aar (androidx.startup:startup-runtime:1.1.1) with AarTransform
Transforming tracing-1.0.0.aar (androidx.tracing:tracing:1.0.0) with AarTransform
Transforming cursoradapter-1.0.0.aar (androidx.cursoradapter:cursoradapter:1.0.0) with AarTransform
Transforming documentfile-1.0.0.aar (androidx.documentfile:documentfile:1.0.0) with AarTransform
Transforming print-1.0.0.aar (androidx.print:print:1.0.0) with ExtractAarTransform
Transforming localbroadcastmanager-1.0.0.aar (androidx.localbroadcastmanager:localbroadcastmanager:1.0.0) with ExtractAarTransform
Transforming print-1.0.0.aar (androidx.print:print:1.0.0) with AarTransform
Transforming localbroadcastmanager-1.0.0.aar (androidx.localbroadcastmanager:localbroadcastmanager:1.0.0) with AarTransform
Transforming profileinstaller-1.3.0.aar (androidx.profileinstaller:profileinstaller:1.3.0) with AarTransform
Transforming versionedparcelable-1.1.1.aar (androidx.versionedparcelable:versionedparcelable:1.1.1) with ExtractAarTransform
Transforming versionedparcelable-1.1.1.aar (androidx.versionedparcelable:versionedparcelable:1.1.1) with AarTransform
Caching disabled for task ':app:checkDebugAarMetadata' because:
  Build cache is disabled
Skipping task ':app:checkDebugAarMetadata' as it is up-to-date.
Resolve mutations for :app:generateDebugResValues (Thread[Execution worker Thread 12,5,main]) started.
:app:generateDebugResValues (Thread[Execution worker Thread 14,5,main]) started.

> Task :app:generateDebugResValues UP-TO-DATE
Caching disabled for task ':app:generateDebugResValues' because:
  Build cache is disabled
Skipping task ':app:generateDebugResValues' as it is up-to-date.
Resolve mutations for :app:mapDebugSourceSetPaths (Thread[Execution worker Thread 14,5,main]) started.
:app:mapDebugSourceSetPaths (Thread[Execution worker Thread 14,5,main]) started.

> Task :app:mapDebugSourceSetPaths UP-TO-DATE
Transforming play-services-auth-20.7.0.aar (com.google.android.gms:play-services-auth:20.7.0) with JetifyTransform
Transforming play-services-auth-20.7.0.aar (com.google.android.gms:play-services-auth:20.7.0) with ExtractAarTransform
Transforming play-services-auth-20.7.0.aar (com.google.android.gms:play-services-auth:20.7.0) with AarTransform
Transforming play-services-auth-api-phone-18.0.1.aar (com.google.android.gms:play-services-auth-api-phone:18.0.1) with JetifyTransform
Transforming play-services-auth-api-phone-18.0.1.aar (com.google.android.gms:play-services-auth-api-phone:18.0.1) with ExtractAarTransform
Transforming play-services-auth-api-phone-18.0.1.aar (com.google.android.gms:play-services-auth-api-phone:18.0.1) with AarTransform
Transforming play-services-auth-base-18.0.4.aar (com.google.android.gms:play-services-auth-base:18.0.4) with JetifyTransform
Transforming play-services-auth-base-18.0.4.aar (com.google.android.gms:play-services-auth-base:18.0.4) with ExtractAarTransform
Transforming play-services-auth-base-18.0.4.aar (com.google.android.gms:play-services-auth-base:18.0.4) with AarTransform
Transforming play-services-fido-20.0.1.aar (com.google.android.gms:play-services-fido:20.0.1) with JetifyTransform
Transforming play-services-fido-20.0.1.aar (com.google.android.gms:play-services-fido:20.0.1) with ExtractAarTransform
Transforming play-services-fido-20.0.1.aar (com.google.android.gms:play-services-fido:20.0.1) with AarTransform
Transforming play-services-base-18.0.1.aar (com.google.android.gms:play-services-base:18.0.1) with JetifyTransform
Transforming play-services-base-18.0.1.aar (com.google.android.gms:play-services-base:18.0.1) with ExtractAarTransform
Transforming play-services-base-18.0.1.aar (com.google.android.gms:play-services-base:18.0.1) with AarTransform
Transforming play-services-tasks-18.0.1.aar (com.google.android.gms:play-services-tasks:18.0.1) with JetifyTransform
Transforming play-services-tasks-18.0.1.aar (com.google.android.gms:play-services-tasks:18.0.1) with ExtractAarTransform
Transforming play-services-tasks-18.0.1.aar (com.google.android.gms:play-services-tasks:18.0.1) with AarTransform
Transforming play-services-basement-18.2.0.aar (com.google.android.gms:play-services-basement:18.2.0) with JetifyTransform
Transforming play-services-basement-18.2.0.aar (com.google.android.gms:play-services-basement:18.2.0) with ExtractAarTransform
Transforming play-services-basement-18.2.0.aar (com.google.android.gms:play-services-basement:18.2.0) with AarTransform
Transforming fragment-1.0.0.aar (androidx.fragment:fragment:1.0.0) with JetifyTransform
Transforming fragment-1.0.0.aar (androidx.fragment:fragment:1.0.0) with ExtractAarTransform
Transforming fragment-1.0.0.aar (androidx.fragment:fragment:1.0.0) with AarTransform
Transforming legacy-support-core-ui-1.0.0.aar (androidx.legacy:legacy-support-core-ui:1.0.0) with JetifyTransform
Transforming legacy-support-core-ui-1.0.0.aar (androidx.legacy:legacy-support-core-ui:1.0.0) with ExtractAarTransform
Transforming legacy-support-core-ui-1.0.0.aar (androidx.legacy:legacy-support-core-ui:1.0.0) with AarTransform
Transforming legacy-support-core-utils-1.0.0.aar (androidx.legacy:legacy-support-core-utils:1.0.0) with JetifyTransform
Transforming legacy-support-core-utils-1.0.0.aar (androidx.legacy:legacy-support-core-utils:1.0.0) with ExtractAarTransform
Transforming legacy-support-core-utils-1.0.0.aar (androidx.legacy:legacy-support-core-utils:1.0.0) with AarTransform
Transforming loader-1.0.0.aar (androidx.loader:loader:1.0.0) with JetifyTransform
Transforming loader-1.0.0.aar (androidx.loader:loader:1.0.0) with ExtractAarTransform
Transforming loader-1.0.0.aar (androidx.loader:loader:1.0.0) with AarTransform
Transforming work-runtime-ktx-2.9.0.aar (androidx.work:work-runtime-ktx:2.9.0) with JetifyTransform
Transforming work-runtime-ktx-2.9.0.aar (androidx.work:work-runtime-ktx:2.9.0) with ExtractAarTransform
Transforming work-runtime-ktx-2.9.0.aar (androidx.work:work-runtime-ktx:2.9.0) with AarTransform
Transforming work-runtime-2.9.0.aar (androidx.work:work-runtime:2.9.0) with JetifyTransform
Transforming work-runtime-2.9.0.aar (androidx.work:work-runtime:2.9.0) with ExtractAarTransform
Transforming work-runtime-2.9.0.aar (androidx.work:work-runtime:2.9.0) with AarTransform
Transforming navigation-common-2.7.5.aar (androidx.navigation:navigation-common:2.7.5) with JetifyTransform
Transforming navigation-common-2.7.5.aar (androidx.navigation:navigation-common:2.7.5) with ExtractAarTransform
Transforming navigation-common-2.7.5.aar (androidx.navigation:navigation-common:2.7.5) with AarTransform
Transforming navigation-runtime-2.7.5.aar (androidx.navigation:navigation-runtime:2.7.5) with JetifyTransform
Transforming navigation-runtime-2.7.5.aar (androidx.navigation:navigation-runtime:2.7.5) with ExtractAarTransform
Transforming navigation-runtime-2.7.5.aar (androidx.navigation:navigation-runtime:2.7.5) with AarTransform
Transforming navigation-common-ktx-2.7.5.aar (androidx.navigation:navigation-common-ktx:2.7.5) with JetifyTransform
Transforming navigation-common-ktx-2.7.5.aar (androidx.navigation:navigation-common-ktx:2.7.5) with ExtractAarTransform
Transforming navigation-common-ktx-2.7.5.aar (androidx.navigation:navigation-common-ktx:2.7.5) with AarTransform
Transforming navigation-runtime-ktx-2.7.5.aar (androidx.navigation:navigation-runtime-ktx:2.7.5) with JetifyTransform
Transforming navigation-runtime-ktx-2.7.5.aar (androidx.navigation:navigation-runtime-ktx:2.7.5) with ExtractAarTransform
Transforming navigation-runtime-ktx-2.7.5.aar (androidx.navigation:navigation-runtime-ktx:2.7.5) with AarTransform
Transforming navigation-compose-2.7.5.aar (androidx.navigation:navigation-compose:2.7.5) with JetifyTransform
Transforming navigation-compose-2.7.5.aar (androidx.navigation:navigation-compose:2.7.5) with ExtractAarTransform
Transforming navigation-compose-2.7.5.aar (androidx.navigation:navigation-compose:2.7.5) with AarTransform
Transforming material3-1.1.2.aar (androidx.compose.material3:material3:1.1.2) with JetifyTransform
Transforming material3-1.1.2.aar (androidx.compose.material3:material3:1.1.2) with ExtractAarTransform
Transforming material3-1.1.2.aar (androidx.compose.material3:material3:1.1.2) with AarTransform
Transforming activity-1.8.1.aar (androidx.activity:activity:1.8.1) with JetifyTransform
Transforming activity-1.8.1.aar (androidx.activity:activity:1.8.1) with ExtractAarTransform
Transforming activity-1.8.1.aar (androidx.activity:activity:1.8.1) with AarTransform
Transforming activity-ktx-1.8.1.aar (androidx.activity:activity-ktx:1.8.1) with JetifyTransform
Transforming activity-ktx-1.8.1.aar (androidx.activity:activity-ktx:1.8.1) with ExtractAarTransform
Transforming activity-ktx-1.8.1.aar (androidx.activity:activity-ktx:1.8.1) with AarTransform
Transforming material-ripple-release.aar (androidx.compose.material:material-ripple-android:1.5.4) with JetifyTransform
Transforming material-ripple-release.aar (androidx.compose.material:material-ripple-android:1.5.4) with ExtractAarTransform
Transforming material-ripple-release.aar (androidx.compose.material:material-ripple-android:1.5.4) with AarTransform
Transforming material-icons-core-release.aar (androidx.compose.material:material-icons-core-android:1.5.4) with JetifyTransform
Transforming material-icons-core-release.aar (androidx.compose.material:material-icons-core-android:1.5.4) with ExtractAarTransform
Transforming material-icons-core-release.aar (androidx.compose.material:material-icons-core-android:1.5.4) with AarTransform
Transforming material-icons-extended-release.aar (androidx.compose.material:material-icons-extended-android:1.5.4) with JetifyTransform
Transforming material-icons-extended-release.aar (androidx.compose.material:material-icons-extended-android:1.5.4) with ExtractAarTransform
Transforming material-icons-extended-release.aar (androidx.compose.material:material-icons-extended-android:1.5.4) with AarTransform
Transforming material-release.aar (androidx.compose.material:material-android:1.5.4) with JetifyTransform
Transforming material-release.aar (androidx.compose.material:material-android:1.5.4) with ExtractAarTransform
Transforming material-release.aar (androidx.compose.material:material-android:1.5.4) with AarTransform
Transforming animation-core-release.aar (androidx.compose.animation:animation-core-android:1.5.4) with JetifyTransform
Transforming animation-core-release.aar (androidx.compose.animation:animation-core-android:1.5.4) with ExtractAarTransform
Transforming animation-core-release.aar (androidx.compose.animation:animation-core-android:1.5.4) with AarTransform
Transforming animation-release.aar (androidx.compose.animation:animation-android:1.5.4) with JetifyTransform
Transforming animation-release.aar (androidx.compose.animation:animation-android:1.5.4) with ExtractAarTransform
Transforming animation-release.aar (androidx.compose.animation:animation-android:1.5.4) with AarTransform
Transforming foundation-layout-release.aar (androidx.compose.foundation:foundation-layout-android:1.5.4) with JetifyTransform
Transforming foundation-layout-release.aar (androidx.compose.foundation:foundation-layout-android:1.5.4) with ExtractAarTransform
Transforming foundation-layout-release.aar (androidx.compose.foundation:foundation-layout-android:1.5.4) with AarTransform
Transforming foundation-release.aar (androidx.compose.foundation:foundation-android:1.5.4) with JetifyTransform
Transforming foundation-release.aar (androidx.compose.foundation:foundation-android:1.5.4) with ExtractAarTransform
Transforming foundation-release.aar (androidx.compose.foundation:foundation-android:1.5.4) with AarTransform
Transforming ui-tooling-data-release.aar (androidx.compose.ui:ui-tooling-data-android:1.5.4) with JetifyTransform
Transforming ui-tooling-data-release.aar (androidx.compose.ui:ui-tooling-data-android:1.5.4) with ExtractAarTransform
Transforming ui-tooling-data-release.aar (androidx.compose.ui:ui-tooling-data-android:1.5.4) with AarTransform
Transforming ui-unit-release.aar (androidx.compose.ui:ui-unit-android:1.5.4) with JetifyTransform
Transforming ui-unit-release.aar (androidx.compose.ui:ui-unit-android:1.5.4) with ExtractAarTransform
Transforming ui-unit-release.aar (androidx.compose.ui:ui-unit-android:1.5.4) with AarTransform
Transforming ui-geometry-release.aar (androidx.compose.ui:ui-geometry-android:1.5.4) with JetifyTransform
Transforming ui-geometry-release.aar (androidx.compose.ui:ui-geometry-android:1.5.4) with ExtractAarTransform
Transforming ui-geometry-release.aar (androidx.compose.ui:ui-geometry-android:1.5.4) with AarTransform
Transforming ui-util-release.aar (androidx.compose.ui:ui-util-android:1.5.4) with JetifyTransform
Transforming ui-util-release.aar (androidx.compose.ui:ui-util-android:1.5.4) with ExtractAarTransform
Transforming ui-util-release.aar (androidx.compose.ui:ui-util-android:1.5.4) with AarTransform
Transforming ui-text-release.aar (androidx.compose.ui:ui-text-android:1.5.4) with JetifyTransform
Transforming ui-text-release.aar (androidx.compose.ui:ui-text-android:1.5.4) with ExtractAarTransform
Transforming ui-text-release.aar (androidx.compose.ui:ui-text-android:1.5.4) with AarTransform
Transforming ui-tooling-preview-release.aar (androidx.compose.ui:ui-tooling-preview-android:1.5.4) with JetifyTransform
Transforming ui-tooling-preview-release.aar (androidx.compose.ui:ui-tooling-preview-android:1.5.4) with ExtractAarTransform
Transforming ui-tooling-preview-release.aar (androidx.compose.ui:ui-tooling-preview-android:1.5.4) with AarTransform
Transforming ui-graphics-release.aar (androidx.compose.ui:ui-graphics-android:1.5.4) with JetifyTransform
Transforming ui-graphics-release.aar (androidx.compose.ui:ui-graphics-android:1.5.4) with ExtractAarTransform
Transforming ui-graphics-release.aar (androidx.compose.ui:ui-graphics-android:1.5.4) with AarTransform
Transforming ui-test-manifest-1.5.4.aar (androidx.compose.ui:ui-test-manifest:1.5.4) with JetifyTransform
Transforming ui-test-manifest-1.5.4.aar (androidx.compose.ui:ui-test-manifest:1.5.4) with ExtractAarTransform
Transforming ui-test-manifest-1.5.4.aar (androidx.compose.ui:ui-test-manifest:1.5.4) with AarTransform
Transforming ui-tooling-release.aar (androidx.compose.ui:ui-tooling-android:1.5.4) with JetifyTransform
Transforming ui-tooling-release.aar (androidx.compose.ui:ui-tooling-android:1.5.4) with ExtractAarTransform
Transforming ui-tooling-release.aar (androidx.compose.ui:ui-tooling-android:1.5.4) with AarTransform
Transforming activity-compose-1.8.1.aar (androidx.activity:activity-compose:1.8.1) with JetifyTransform
Transforming activity-compose-1.8.1.aar (androidx.activity:activity-compose:1.8.1) with ExtractAarTransform
Transforming activity-compose-1.8.1.aar (androidx.activity:activity-compose:1.8.1) with AarTransform
Transforming emoji2-1.4.0.aar (androidx.emoji2:emoji2:1.4.0) with JetifyTransform
Transforming emoji2-1.4.0.aar (androidx.emoji2:emoji2:1.4.0) with ExtractAarTransform
Transforming emoji2-1.4.0.aar (androidx.emoji2:emoji2:1.4.0) with AarTransform
Transforming lifecycle-process-2.6.2.aar (androidx.lifecycle:lifecycle-process:2.6.2) with JetifyTransform
Transforming lifecycle-process-2.6.2.aar (androidx.lifecycle:lifecycle-process:2.6.2) with ExtractAarTransform
Transforming lifecycle-process-2.6.2.aar (androidx.lifecycle:lifecycle-process:2.6.2) with AarTransform
Transforming lifecycle-service-2.6.2.aar (androidx.lifecycle:lifecycle-service:2.6.2) with JetifyTransform
Transforming lifecycle-service-2.6.2.aar (androidx.lifecycle:lifecycle-service:2.6.2) with ExtractAarTransform
Transforming lifecycle-service-2.6.2.aar (androidx.lifecycle:lifecycle-service:2.6.2) with AarTransform
Transforming lifecycle-livedata-2.6.2.aar (androidx.lifecycle:lifecycle-livedata:2.6.2) with JetifyTransform
Transforming lifecycle-livedata-2.6.2.aar (androidx.lifecycle:lifecycle-livedata:2.6.2) with ExtractAarTransform
Transforming lifecycle-livedata-2.6.2.aar (androidx.lifecycle:lifecycle-livedata:2.6.2) with AarTransform
Transforming lifecycle-livedata-2.6.2.aar (androidx.lifecycle:lifecycle-livedata:2.6.2) with JetifyTransform
Transforming lifecycle-livedata-2.6.2.aar (androidx.lifecycle:lifecycle-livedata:2.6.2) with ExtractAarTransform
Transforming lifecycle-livedata-2.6.2.aar (androidx.lifecycle:lifecycle-livedata:2.6.2) with AarTransform
Transforming lifecycle-livedata-core-2.6.2.aar (androidx.lifecycle:lifecycle-livedata-core:2.6.2) with JetifyTransform
Transforming lifecycle-livedata-core-2.6.2.aar (androidx.lifecycle:lifecycle-livedata-core:2.6.2) with ExtractAarTransform
Transforming lifecycle-livedata-core-2.6.2.aar (androidx.lifecycle:lifecycle-livedata-core:2.6.2) with AarTransform
Transforming savedstate-ktx-1.2.1.aar (androidx.savedstate:savedstate-ktx:1.2.1) with JetifyTransform
Transforming savedstate-ktx-1.2.1.aar (androidx.savedstate:savedstate-ktx:1.2.1) with ExtractAarTransform
Transforming savedstate-ktx-1.2.1.aar (androidx.savedstate:savedstate-ktx:1.2.1) with AarTransform
Transforming savedstate-1.2.1.aar (androidx.savedstate:savedstate:1.2.1) with JetifyTransform
Transforming savedstate-1.2.1.aar (androidx.savedstate:savedstate:1.2.1) with ExtractAarTransform
Transforming savedstate-1.2.1.aar (androidx.savedstate:savedstate:1.2.1) with AarTransform
Transforming lifecycle-viewmodel-savedstate-2.6.2.aar (androidx.lifecycle:lifecycle-viewmodel-savedstate:2.6.2) with JetifyTransform
Transforming lifecycle-viewmodel-savedstate-2.6.2.aar (androidx.lifecycle:lifecycle-viewmodel-savedstate:2.6.2) with ExtractAarTransform
Transforming lifecycle-viewmodel-savedstate-2.6.2.aar (androidx.lifecycle:lifecycle-viewmodel-savedstate:2.6.2) with AarTransform
Transforming lifecycle-viewmodel-ktx-2.6.2.aar (androidx.lifecycle:lifecycle-viewmodel-ktx:2.6.2) with JetifyTransform
Transforming lifecycle-viewmodel-ktx-2.6.2.aar (androidx.lifecycle:lifecycle-viewmodel-ktx:2.6.2) with ExtractAarTransform
Transforming lifecycle-viewmodel-ktx-2.6.2.aar (androidx.lifecycle:lifecycle-viewmodel-ktx:2.6.2) with AarTransform
Transforming lifecycle-viewmodel-2.6.2.aar (androidx.lifecycle:lifecycle-viewmodel:2.6.2) with JetifyTransform
Transforming lifecycle-viewmodel-2.6.2.aar (androidx.lifecycle:lifecycle-viewmodel:2.6.2) with ExtractAarTransform
Transforming lifecycle-viewmodel-2.6.2.aar (androidx.lifecycle:lifecycle-viewmodel:2.6.2) with AarTransform
Transforming lifecycle-viewmodel-2.6.2.aar (androidx.lifecycle:lifecycle-viewmodel:2.6.2) with JetifyTransform
Transforming lifecycle-viewmodel-2.6.2.aar (androidx.lifecycle:lifecycle-viewmodel:2.6.2) with ExtractAarTransform
Transforming lifecycle-viewmodel-2.6.2.aar (androidx.lifecycle:lifecycle-viewmodel:2.6.2) with AarTransform
Transforming lifecycle-runtime-2.6.2.aar (androidx.lifecycle:lifecycle-runtime:2.6.2) with JetifyTransform
Transforming lifecycle-runtime-2.6.2.aar (androidx.lifecycle:lifecycle-runtime:2.6.2) with ExtractAarTransform
Transforming lifecycle-runtime-2.6.2.aar (androidx.lifecycle:lifecycle-runtime:2.6.2) with AarTransform
Transforming lifecycle-runtime-ktx-2.6.2.aar (androidx.lifecycle:lifecycle-runtime-ktx:2.6.2) with JetifyTransform
Transforming lifecycle-runtime-ktx-2.6.2.aar (androidx.lifecycle:lifecycle-runtime-ktx:2.6.2) with ExtractAarTransform
Transforming lifecycle-runtime-ktx-2.6.2.aar (androidx.lifecycle:lifecycle-runtime-ktx:2.6.2) with AarTransform
Transforming lifecycle-viewmodel-compose-2.6.2.aar (androidx.lifecycle:lifecycle-viewmodel-compose:2.6.2) with JetifyTransform
Transforming lifecycle-viewmodel-compose-2.6.2.aar (androidx.lifecycle:lifecycle-viewmodel-compose:2.6.2) with ExtractAarTransform
Transforming lifecycle-viewmodel-compose-2.6.2.aar (androidx.lifecycle:lifecycle-viewmodel-compose:2.6.2) with AarTransform
Transforming ui-release.aar (androidx.compose.ui:ui-android:1.5.4) with JetifyTransform
Transforming ui-release.aar (androidx.compose.ui:ui-android:1.5.4) with ExtractAarTransform
Transforming ui-release.aar (androidx.compose.ui:ui-android:1.5.4) with AarTransform
Transforming autofill-1.0.0.aar (androidx.autofill:autofill:1.0.0) with JetifyTransform
Transforming autofill-1.0.0.aar (androidx.autofill:autofill:1.0.0) with ExtractAarTransform
Transforming autofill-1.0.0.aar (androidx.autofill:autofill:1.0.0) with AarTransform
Transforming viewpager-1.0.0.aar (androidx.viewpager:viewpager:1.0.0) with JetifyTransform
Transforming viewpager-1.0.0.aar (androidx.viewpager:viewpager:1.0.0) with ExtractAarTransform
Transforming viewpager-1.0.0.aar (androidx.viewpager:viewpager:1.0.0) with AarTransform
Transforming coordinatorlayout-1.0.0.aar (androidx.coordinatorlayout:coordinatorlayout:1.0.0) with JetifyTransform
Transforming coordinatorlayout-1.0.0.aar (androidx.coordinatorlayout:coordinatorlayout:1.0.0) with ExtractAarTransform
Transforming coordinatorlayout-1.0.0.aar (androidx.coordinatorlayout:coordinatorlayout:1.0.0) with AarTransform
Transforming drawerlayout-1.0.0.aar (androidx.drawerlayout:drawerlayout:1.0.0) with JetifyTransform
Transforming drawerlayout-1.0.0.aar (androidx.drawerlayout:drawerlayout:1.0.0) with ExtractAarTransform
Transforming drawerlayout-1.0.0.aar (androidx.drawerlayout:drawerlayout:1.0.0) with AarTransform
Transforming slidingpanelayout-1.0.0.aar (androidx.slidingpanelayout:slidingpanelayout:1.0.0) with JetifyTransform
Transforming slidingpanelayout-1.0.0.aar (androidx.slidingpanelayout:slidingpanelayout:1.0.0) with ExtractAarTransform
Transforming slidingpanelayout-1.0.0.aar (androidx.slidingpanelayout:slidingpanelayout:1.0.0) with AarTransform
Transforming customview-1.0.0.aar (androidx.customview:customview:1.0.0) with JetifyTransform
Transforming customview-1.0.0.aar (androidx.customview:customview:1.0.0) with ExtractAarTransform
Transforming customview-1.0.0.aar (androidx.customview:customview:1.0.0) with AarTransform
Transforming swiperefreshlayout-1.0.0.aar (androidx.swiperefreshlayout:swiperefreshlayout:1.0.0) with JetifyTransform
Transforming swiperefreshlayout-1.0.0.aar (androidx.swiperefreshlayout:swiperefreshlayout:1.0.0) with ExtractAarTransform
Transforming swiperefreshlayout-1.0.0.aar (androidx.swiperefreshlayout:swiperefreshlayout:1.0.0) with AarTransform
Transforming asynclayoutinflater-1.0.0.aar (androidx.asynclayoutinflater:asynclayoutinflater:1.0.0) with JetifyTransform
Transforming asynclayoutinflater-1.0.0.aar (androidx.asynclayoutinflater:asynclayoutinflater:1.0.0) with ExtractAarTransform
Transforming asynclayoutinflater-1.0.0.aar (androidx.asynclayoutinflater:asynclayoutinflater:1.0.0) with AarTransform
Transforming core-1.12.0.aar (androidx.core:core:1.12.0) with JetifyTransform
Transforming core-1.12.0.aar (androidx.core:core:1.12.0) with ExtractAarTransform
Transforming core-1.12.0.aar (androidx.core:core:1.12.0) with AarTransform
Transforming core-1.12.0.aar (androidx.core:core:1.12.0) with JetifyTransform
Transforming core-1.12.0.aar (androidx.core:core:1.12.0) with ExtractAarTransform
Transforming core-1.12.0.aar (androidx.core:core:1.12.0) with AarTransform
Transforming customview-poolingcontainer-1.0.0.aar (androidx.customview:customview-poolingcontainer:1.0.0) with JetifyTransform
Transforming customview-poolingcontainer-1.0.0.aar (androidx.customview:customview-poolingcontainer:1.0.0) with ExtractAarTransform
Transforming customview-poolingcontainer-1.0.0.aar (androidx.customview:customview-poolingcontainer:1.0.0) with AarTransform
Transforming core-ktx-1.12.0.aar (androidx.core:core-ktx:1.12.0) with JetifyTransform
Transforming core-ktx-1.12.0.aar (androidx.core:core-ktx:1.12.0) with ExtractAarTransform
Transforming core-ktx-1.12.0.aar (androidx.core:core-ktx:1.12.0) with AarTransform
Transforming room-runtime-2.6.1.aar (androidx.room:room-runtime:2.6.1) with JetifyTransform
Transforming room-runtime-2.6.1.aar (androidx.room:room-runtime:2.6.1) with ExtractAarTransform
Transforming room-runtime-2.6.1.aar (androidx.room:room-runtime:2.6.1) with AarTransform
Transforming room-ktx-2.6.1.aar (androidx.room:room-ktx:2.6.1) with JetifyTransform
Transforming room-ktx-2.6.1.aar (androidx.room:room-ktx:2.6.1) with ExtractAarTransform
Transforming room-ktx-2.6.1.aar (androidx.room:room-ktx:2.6.1) with AarTransform
Transforming datastore-preferences-1.0.0.aar (androidx.datastore:datastore-preferences:1.0.0) with JetifyTransform
Transforming datastore-preferences-1.0.0.aar (androidx.datastore:datastore-preferences:1.0.0) with ExtractAarTransform
Transforming datastore-preferences-1.0.0.aar (androidx.datastore:datastore-preferences:1.0.0) with AarTransform
Transforming sqlite-framework-2.4.0.aar (androidx.sqlite:sqlite-framework:2.4.0) with JetifyTransform
Transforming sqlite-framework-2.4.0.aar (androidx.sqlite:sqlite-framework:2.4.0) with ExtractAarTransform
Transforming sqlite-framework-2.4.0.aar (androidx.sqlite:sqlite-framework:2.4.0) with AarTransform
Transforming sqlite-2.4.0.aar (androidx.sqlite:sqlite:2.4.0) with JetifyTransform
Transforming sqlite-2.4.0.aar (androidx.sqlite:sqlite:2.4.0) with ExtractAarTransform
Transforming sqlite-2.4.0.aar (androidx.sqlite:sqlite:2.4.0) with AarTransform
Transforming datastore-1.0.0.aar (androidx.datastore:datastore:1.0.0) with JetifyTransform
Transforming datastore-1.0.0.aar (androidx.datastore:datastore:1.0.0) with ExtractAarTransform
Transforming datastore-1.0.0.aar (androidx.datastore:datastore:1.0.0) with AarTransform
Transforming annotation-experimental-1.3.0.aar (androidx.annotation:annotation-experimental:1.3.0) with JetifyTransform
Transforming annotation-experimental-1.3.0.aar (androidx.annotation:annotation-experimental:1.3.0) with ExtractAarTransform
Transforming annotation-experimental-1.3.0.aar (androidx.annotation:annotation-experimental:1.3.0) with AarTransform
Transforming runtime-saveable-release.aar (androidx.compose.runtime:runtime-saveable-android:1.5.4) with JetifyTransform
Transforming runtime-saveable-release.aar (androidx.compose.runtime:runtime-saveable-android:1.5.4) with ExtractAarTransform
Transforming runtime-saveable-release.aar (androidx.compose.runtime:runtime-saveable-android:1.5.4) with AarTransform
Transforming runtime-release.aar (androidx.compose.runtime:runtime-android:1.5.4) with JetifyTransform
Transforming runtime-release.aar (androidx.compose.runtime:runtime-android:1.5.4) with ExtractAarTransform
Transforming runtime-release.aar (androidx.compose.runtime:runtime-android:1.5.4) with AarTransform
Transforming core-runtime-2.2.0.aar (androidx.arch.core:core-runtime:2.2.0) with JetifyTransform
Transforming core-runtime-2.2.0.aar (androidx.arch.core:core-runtime:2.2.0) with ExtractAarTransform
Transforming core-runtime-2.2.0.aar (androidx.arch.core:core-runtime:2.2.0) with AarTransform
Transforming interpolator-1.0.0.aar (androidx.interpolator:interpolator:1.0.0) with JetifyTransform
Transforming interpolator-1.0.0.aar (androidx.interpolator:interpolator:1.0.0) with ExtractAarTransform
Transforming interpolator-1.0.0.aar (androidx.interpolator:interpolator:1.0.0) with AarTransform
Transforming interpolator-1.0.0.aar (androidx.interpolator:interpolator:1.0.0) with JetifyTransform
Transforming interpolator-1.0.0.aar (androidx.interpolator:interpolator:1.0.0) with ExtractAarTransform
Transforming interpolator-1.0.0.aar (androidx.interpolator:interpolator:1.0.0) with AarTransform
Transforming versionedparcelable-1.1.1.aar (androidx.versionedparcelable:versionedparcelable:1.1.1) with JetifyTransform
Transforming versionedparcelable-1.1.1.aar (androidx.versionedparcelable:versionedparcelable:1.1.1) with ExtractAarTransform
Transforming versionedparcelable-1.1.1.aar (androidx.versionedparcelable:versionedparcelable:1.1.1) with AarTransform
Transforming profileinstaller-1.3.0.aar (androidx.profileinstaller:profileinstaller:1.3.0) with JetifyTransform
Transforming profileinstaller-1.3.0.aar (androidx.profileinstaller:profileinstaller:1.3.0) with ExtractAarTransform
Transforming profileinstaller-1.3.0.aar (androidx.profileinstaller:profileinstaller:1.3.0) with AarTransform
Transforming startup-runtime-1.1.1.aar (androidx.startup:startup-runtime:1.1.1) with JetifyTransform
Transforming startup-runtime-1.1.1.aar (androidx.startup:startup-runtime:1.1.1) with ExtractAarTransform
Transforming startup-runtime-1.1.1.aar (androidx.startup:startup-runtime:1.1.1) with AarTransform
Transforming tracing-1.0.0.aar (androidx.tracing:tracing:1.0.0) with JetifyTransform
Transforming tracing-1.0.0.aar (androidx.tracing:tracing:1.0.0) with ExtractAarTransform
Transforming tracing-1.0.0.aar (androidx.tracing:tracing:1.0.0) with AarTransform
Transforming cursoradapter-1.0.0.aar (androidx.cursoradapter:cursoradapter:1.0.0) with JetifyTransform
Transforming cursoradapter-1.0.0.aar (androidx.cursoradapter:cursoradapter:1.0.0) with ExtractAarTransform
Transforming cursoradapter-1.0.0.aar (androidx.cursoradapter:cursoradapter:1.0.0) with AarTransform
Transforming documentfile-1.0.0.aar (androidx.documentfile:documentfile:1.0.0) with JetifyTransform
Transforming documentfile-1.0.0.aar (androidx.documentfile:documentfile:1.0.0) with ExtractAarTransform
Transforming documentfile-1.0.0.aar (androidx.documentfile:documentfile:1.0.0) with AarTransform
Transforming localbroadcastmanager-1.0.0.aar (androidx.localbroadcastmanager:localbroadcastmanager:1.0.0) with JetifyTransform
Transforming localbroadcastmanager-1.0.0.aar (androidx.localbroadcastmanager:localbroadcastmanager:1.0.0) with ExtractAarTransform
Transforming localbroadcastmanager-1.0.0.aar (androidx.localbroadcastmanager:localbroadcastmanager:1.0.0) with AarTransform
Transforming print-1.0.0.aar (androidx.print:print:1.0.0) with JetifyTransform
Transforming print-1.0.0.aar (androidx.print:print:1.0.0) with ExtractAarTransform
Transforming print-1.0.0.aar (androidx.print:print:1.0.0) with AarTransform
Caching disabled for task ':app:mapDebugSourceSetPaths' because:
  Build cache is disabled
Skipping task ':app:mapDebugSourceSetPaths' as it is up-to-date.
Resolve mutations for :app:generateDebugResources (Thread[Execution worker Thread 14,5,main]) started.
:app:generateDebugResources (Thread[Execution worker,5,main]) started.

> Task :app:generateDebugResources UP-TO-DATE
Skipping task ':app:generateDebugResources' as it has no actions.
Resolve mutations for :app:mergeDebugResources (Thread[Execution worker Thread 4,5,main]) started.
:app:mergeDebugResources (Thread[Execution worker Thread 4,5,main]) started.

> Task :app:mergeDebugResources UP-TO-DATE
Caching disabled for task ':app:mergeDebugResources' because:
  Build cache is disabled
Skipping task ':app:mergeDebugResources' as it is up-to-date.
Resolve mutations for :app:createDebugCompatibleScreenManifests (Thread[Execution worker Thread 4,5,main]) started.
:app:createDebugCompatibleScreenManifests (Thread[Execution worker Thread 10,5,main]) started.

> Task :app:createDebugCompatibleScreenManifests UP-TO-DATE
Caching disabled for task ':app:createDebugCompatibleScreenManifests' because:
  Build cache is disabled
Skipping task ':app:createDebugCompatibleScreenManifests' as it is up-to-date.
Resolve mutations for :app:extractDeepLinksDebug (Thread[Execution worker Thread 10,5,main]) started.
:app:extractDeepLinksDebug (Thread[Execution worker Thread 10,5,main]) started.

> Task :app:extractDeepLinksDebug UP-TO-DATE
Caching disabled for task ':app:extractDeepLinksDebug' because:
  Build cache is disabled
Skipping task ':app:extractDeepLinksDebug' as it is up-to-date.
Resolve mutations for :app:processDebugMainManifest (Thread[Execution worker Thread 10,5,main]) started.
:app:processDebugMainManifest (Thread[Execution worker Thread 5,5,main]) started.

> Task :app:processDebugMainManifest UP-TO-DATE
Transforming play-services-auth-20.7.0.aar (com.google.android.gms:play-services-auth:20.7.0) with JetifyTransform
Transforming play-services-auth-20.7.0.aar (com.google.android.gms:play-services-auth:20.7.0) with ExtractAarTransform
Transforming play-services-auth-20.7.0.aar (com.google.android.gms:play-services-auth:20.7.0) with AarTransform
Transforming play-services-auth-api-phone-18.0.1.aar (com.google.android.gms:play-services-auth-api-phone:18.0.1) with JetifyTransform
Transforming play-services-auth-api-phone-18.0.1.aar (com.google.android.gms:play-services-auth-api-phone:18.0.1) with ExtractAarTransform
Transforming play-services-auth-api-phone-18.0.1.aar (com.google.android.gms:play-services-auth-api-phone:18.0.1) with AarTransform
Transforming play-services-auth-base-18.0.4.aar (com.google.android.gms:play-services-auth-base:18.0.4) with JetifyTransform
Transforming play-services-auth-base-18.0.4.aar (com.google.android.gms:play-services-auth-base:18.0.4) with ExtractAarTransform
Transforming play-services-auth-base-18.0.4.aar (com.google.android.gms:play-services-auth-base:18.0.4) with AarTransform
Transforming play-services-fido-20.0.1.aar (com.google.android.gms:play-services-fido:20.0.1) with JetifyTransform
Transforming play-services-fido-20.0.1.aar (com.google.android.gms:play-services-fido:20.0.1) with ExtractAarTransform
Transforming play-services-fido-20.0.1.aar (com.google.android.gms:play-services-fido:20.0.1) with AarTransform
Transforming play-services-base-18.0.1.aar (com.google.android.gms:play-services-base:18.0.1) with JetifyTransform
Transforming play-services-base-18.0.1.aar (com.google.android.gms:play-services-base:18.0.1) with ExtractAarTransform
Transforming play-services-base-18.0.1.aar (com.google.android.gms:play-services-base:18.0.1) with AarTransform
Transforming play-services-tasks-18.0.1.aar (com.google.android.gms:play-services-tasks:18.0.1) with JetifyTransform
Transforming play-services-tasks-18.0.1.aar (com.google.android.gms:play-services-tasks:18.0.1) with ExtractAarTransform
Transforming play-services-tasks-18.0.1.aar (com.google.android.gms:play-services-tasks:18.0.1) with AarTransform
Transforming play-services-basement-18.2.0.aar (com.google.android.gms:play-services-basement:18.2.0) with JetifyTransform
Transforming play-services-basement-18.2.0.aar (com.google.android.gms:play-services-basement:18.2.0) with ExtractAarTransform
Transforming play-services-basement-18.2.0.aar (com.google.android.gms:play-services-basement:18.2.0) with AarTransform
Transforming fragment-1.0.0.aar (androidx.fragment:fragment:1.0.0) with JetifyTransform
Transforming fragment-1.0.0.aar (androidx.fragment:fragment:1.0.0) with ExtractAarTransform
Transforming fragment-1.0.0.aar (androidx.fragment:fragment:1.0.0) with AarTransform
Transforming legacy-support-core-ui-1.0.0.aar (androidx.legacy:legacy-support-core-ui:1.0.0) with JetifyTransform
Transforming legacy-support-core-ui-1.0.0.aar (androidx.legacy:legacy-support-core-ui:1.0.0) with ExtractAarTransform
Transforming legacy-support-core-ui-1.0.0.aar (androidx.legacy:legacy-support-core-ui:1.0.0) with AarTransform
Transforming legacy-support-core-utils-1.0.0.aar (androidx.legacy:legacy-support-core-utils:1.0.0) with JetifyTransform
Transforming legacy-support-core-utils-1.0.0.aar (androidx.legacy:legacy-support-core-utils:1.0.0) with ExtractAarTransform
Transforming legacy-support-core-utils-1.0.0.aar (androidx.legacy:legacy-support-core-utils:1.0.0) with AarTransform
Transforming loader-1.0.0.aar (androidx.loader:loader:1.0.0) with JetifyTransform
Transforming loader-1.0.0.aar (androidx.loader:loader:1.0.0) with ExtractAarTransform
Transforming loader-1.0.0.aar (androidx.loader:loader:1.0.0) with AarTransform
Transforming work-runtime-ktx-2.9.0.aar (androidx.work:work-runtime-ktx:2.9.0) with JetifyTransform
Transforming work-runtime-ktx-2.9.0.aar (androidx.work:work-runtime-ktx:2.9.0) with ExtractAarTransform
Transforming work-runtime-ktx-2.9.0.aar (androidx.work:work-runtime-ktx:2.9.0) with AarTransform
Transforming work-runtime-2.9.0.aar (androidx.work:work-runtime:2.9.0) with JetifyTransform
Transforming work-runtime-2.9.0.aar (androidx.work:work-runtime:2.9.0) with ExtractAarTransform
Transforming work-runtime-2.9.0.aar (androidx.work:work-runtime:2.9.0) with AarTransform
Transforming navigation-common-2.7.5.aar (androidx.navigation:navigation-common:2.7.5) with JetifyTransform
Transforming navigation-common-2.7.5.aar (androidx.navigation:navigation-common:2.7.5) with ExtractAarTransform
Transforming navigation-common-2.7.5.aar (androidx.navigation:navigation-common:2.7.5) with AarTransform
Transforming navigation-runtime-2.7.5.aar (androidx.navigation:navigation-runtime:2.7.5) with JetifyTransform
Transforming navigation-runtime-2.7.5.aar (androidx.navigation:navigation-runtime:2.7.5) with ExtractAarTransform
Transforming navigation-runtime-2.7.5.aar (androidx.navigation:navigation-runtime:2.7.5) with AarTransform
Transforming navigation-common-ktx-2.7.5.aar (androidx.navigation:navigation-common-ktx:2.7.5) with JetifyTransform
Transforming navigation-common-ktx-2.7.5.aar (androidx.navigation:navigation-common-ktx:2.7.5) with ExtractAarTransform
Transforming navigation-common-ktx-2.7.5.aar (androidx.navigation:navigation-common-ktx:2.7.5) with AarTransform
Transforming navigation-runtime-ktx-2.7.5.aar (androidx.navigation:navigation-runtime-ktx:2.7.5) with JetifyTransform
Transforming navigation-runtime-ktx-2.7.5.aar (androidx.navigation:navigation-runtime-ktx:2.7.5) with ExtractAarTransform
Transforming navigation-runtime-ktx-2.7.5.aar (androidx.navigation:navigation-runtime-ktx:2.7.5) with AarTransform
Transforming navigation-compose-2.7.5.aar (androidx.navigation:navigation-compose:2.7.5) with JetifyTransform
Transforming navigation-compose-2.7.5.aar (androidx.navigation:navigation-compose:2.7.5) with ExtractAarTransform
Transforming navigation-compose-2.7.5.aar (androidx.navigation:navigation-compose:2.7.5) with AarTransform
Transforming material3-1.1.2.aar (androidx.compose.material3:material3:1.1.2) with JetifyTransform
Transforming material3-1.1.2.aar (androidx.compose.material3:material3:1.1.2) with ExtractAarTransform
Transforming material3-1.1.2.aar (androidx.compose.material3:material3:1.1.2) with AarTransform
Transforming activity-1.8.1.aar (androidx.activity:activity:1.8.1) with JetifyTransform
Transforming activity-1.8.1.aar (androidx.activity:activity:1.8.1) with ExtractAarTransform
Transforming activity-1.8.1.aar (androidx.activity:activity:1.8.1) with AarTransform
Transforming activity-ktx-1.8.1.aar (androidx.activity:activity-ktx:1.8.1) with JetifyTransform
Transforming activity-ktx-1.8.1.aar (androidx.activity:activity-ktx:1.8.1) with ExtractAarTransform
Transforming activity-ktx-1.8.1.aar (androidx.activity:activity-ktx:1.8.1) with AarTransform
Transforming material-ripple-release.aar (androidx.compose.material:material-ripple-android:1.5.4) with JetifyTransform
Transforming material-ripple-release.aar (androidx.compose.material:material-ripple-android:1.5.4) with ExtractAarTransform
Transforming material-ripple-release.aar (androidx.compose.material:material-ripple-android:1.5.4) with AarTransform
Transforming material-icons-core-release.aar (androidx.compose.material:material-icons-core-android:1.5.4) with JetifyTransform
Transforming material-icons-core-release.aar (androidx.compose.material:material-icons-core-android:1.5.4) with ExtractAarTransform
Transforming material-icons-core-release.aar (androidx.compose.material:material-icons-core-android:1.5.4) with AarTransform
Transforming material-icons-extended-release.aar (androidx.compose.material:material-icons-extended-android:1.5.4) with JetifyTransform
Transforming material-icons-extended-release.aar (androidx.compose.material:material-icons-extended-android:1.5.4) with ExtractAarTransform
Transforming material-icons-extended-release.aar (androidx.compose.material:material-icons-extended-android:1.5.4) with AarTransform
Transforming material-release.aar (androidx.compose.material:material-android:1.5.4) with JetifyTransform
Transforming material-release.aar (androidx.compose.material:material-android:1.5.4) with ExtractAarTransform
Transforming material-release.aar (androidx.compose.material:material-android:1.5.4) with AarTransform
Transforming animation-core-release.aar (androidx.compose.animation:animation-core-android:1.5.4) with JetifyTransform
Transforming animation-core-release.aar (androidx.compose.animation:animation-core-android:1.5.4) with ExtractAarTransform
Transforming animation-core-release.aar (androidx.compose.animation:animation-core-android:1.5.4) with AarTransform
Transforming animation-release.aar (androidx.compose.animation:animation-android:1.5.4) with JetifyTransform
Transforming animation-release.aar (androidx.compose.animation:animation-android:1.5.4) with ExtractAarTransform
Transforming animation-release.aar (androidx.compose.animation:animation-android:1.5.4) with AarTransform
Transforming foundation-layout-release.aar (androidx.compose.foundation:foundation-layout-android:1.5.4) with JetifyTransform
Transforming foundation-layout-release.aar (androidx.compose.foundation:foundation-layout-android:1.5.4) with ExtractAarTransform
Transforming foundation-layout-release.aar (androidx.compose.foundation:foundation-layout-android:1.5.4) with AarTransform
Transforming foundation-release.aar (androidx.compose.foundation:foundation-android:1.5.4) with JetifyTransform
Transforming foundation-release.aar (androidx.compose.foundation:foundation-android:1.5.4) with ExtractAarTransform
Transforming foundation-release.aar (androidx.compose.foundation:foundation-android:1.5.4) with AarTransform
Transforming ui-tooling-data-release.aar (androidx.compose.ui:ui-tooling-data-android:1.5.4) with JetifyTransform
Transforming ui-tooling-data-release.aar (androidx.compose.ui:ui-tooling-data-android:1.5.4) with ExtractAarTransform
Transforming ui-tooling-data-release.aar (androidx.compose.ui:ui-tooling-data-android:1.5.4) with AarTransform
Transforming ui-unit-release.aar (androidx.compose.ui:ui-unit-android:1.5.4) with JetifyTransform
Transforming ui-unit-release.aar (androidx.compose.ui:ui-unit-android:1.5.4) with ExtractAarTransform
Transforming ui-unit-release.aar (androidx.compose.ui:ui-unit-android:1.5.4) with AarTransform
Transforming ui-geometry-release.aar (androidx.compose.ui:ui-geometry-android:1.5.4) with JetifyTransform
Transforming ui-geometry-release.aar (androidx.compose.ui:ui-geometry-android:1.5.4) with ExtractAarTransform
Transforming ui-geometry-release.aar (androidx.compose.ui:ui-geometry-android:1.5.4) with AarTransform
Transforming ui-util-release.aar (androidx.compose.ui:ui-util-android:1.5.4) with JetifyTransform
Transforming ui-util-release.aar (androidx.compose.ui:ui-util-android:1.5.4) with ExtractAarTransform
Transforming ui-util-release.aar (androidx.compose.ui:ui-util-android:1.5.4) with AarTransform
Transforming ui-text-release.aar (androidx.compose.ui:ui-text-android:1.5.4) with JetifyTransform
Transforming ui-text-release.aar (androidx.compose.ui:ui-text-android:1.5.4) with ExtractAarTransform
Transforming ui-text-release.aar (androidx.compose.ui:ui-text-android:1.5.4) with AarTransform
Transforming ui-tooling-preview-release.aar (androidx.compose.ui:ui-tooling-preview-android:1.5.4) with JetifyTransform
Transforming ui-tooling-preview-release.aar (androidx.compose.ui:ui-tooling-preview-android:1.5.4) with ExtractAarTransform
Transforming ui-tooling-preview-release.aar (androidx.compose.ui:ui-tooling-preview-android:1.5.4) with AarTransform
Transforming ui-graphics-release.aar (androidx.compose.ui:ui-graphics-android:1.5.4) with JetifyTransform
Transforming ui-graphics-release.aar (androidx.compose.ui:ui-graphics-android:1.5.4) with ExtractAarTransform
Transforming ui-graphics-release.aar (androidx.compose.ui:ui-graphics-android:1.5.4) with AarTransform
Transforming ui-test-manifest-1.5.4.aar (androidx.compose.ui:ui-test-manifest:1.5.4) with JetifyTransform
Transforming ui-test-manifest-1.5.4.aar (androidx.compose.ui:ui-test-manifest:1.5.4) with ExtractAarTransform
Transforming ui-test-manifest-1.5.4.aar (androidx.compose.ui:ui-test-manifest:1.5.4) with AarTransform
Transforming ui-tooling-release.aar (androidx.compose.ui:ui-tooling-android:1.5.4) with JetifyTransform
Transforming ui-tooling-release.aar (androidx.compose.ui:ui-tooling-android:1.5.4) with ExtractAarTransform
Transforming ui-tooling-release.aar (androidx.compose.ui:ui-tooling-android:1.5.4) with AarTransform
Transforming activity-compose-1.8.1.aar (androidx.activity:activity-compose:1.8.1) with JetifyTransform
Transforming activity-compose-1.8.1.aar (androidx.activity:activity-compose:1.8.1) with ExtractAarTransform
Transforming activity-compose-1.8.1.aar (androidx.activity:activity-compose:1.8.1) with AarTransform
Transforming emoji2-1.4.0.aar (androidx.emoji2:emoji2:1.4.0) with JetifyTransform
Transforming emoji2-1.4.0.aar (androidx.emoji2:emoji2:1.4.0) with ExtractAarTransform
Transforming emoji2-1.4.0.aar (androidx.emoji2:emoji2:1.4.0) with AarTransform
Transforming lifecycle-process-2.6.2.aar (androidx.lifecycle:lifecycle-process:2.6.2) with JetifyTransform
Transforming lifecycle-process-2.6.2.aar (androidx.lifecycle:lifecycle-process:2.6.2) with ExtractAarTransform
Transforming lifecycle-process-2.6.2.aar (androidx.lifecycle:lifecycle-process:2.6.2) with AarTransform
Transforming lifecycle-service-2.6.2.aar (androidx.lifecycle:lifecycle-service:2.6.2) with JetifyTransform
Transforming lifecycle-service-2.6.2.aar (androidx.lifecycle:lifecycle-service:2.6.2) with ExtractAarTransform
Transforming lifecycle-service-2.6.2.aar (androidx.lifecycle:lifecycle-service:2.6.2) with AarTransform
Transforming lifecycle-livedata-2.6.2.aar (androidx.lifecycle:lifecycle-livedata:2.6.2) with JetifyTransform
Transforming lifecycle-livedata-2.6.2.aar (androidx.lifecycle:lifecycle-livedata:2.6.2) with ExtractAarTransform
Transforming lifecycle-livedata-2.6.2.aar (androidx.lifecycle:lifecycle-livedata:2.6.2) with AarTransform
Transforming lifecycle-livedata-2.6.2.aar (androidx.lifecycle:lifecycle-livedata:2.6.2) with JetifyTransform
Transforming lifecycle-livedata-2.6.2.aar (androidx.lifecycle:lifecycle-livedata:2.6.2) with ExtractAarTransform
Transforming lifecycle-livedata-2.6.2.aar (androidx.lifecycle:lifecycle-livedata:2.6.2) with AarTransform
Transforming lifecycle-livedata-core-2.6.2.aar (androidx.lifecycle:lifecycle-livedata-core:2.6.2) with JetifyTransform
Transforming lifecycle-livedata-core-2.6.2.aar (androidx.lifecycle:lifecycle-livedata-core:2.6.2) with ExtractAarTransform
Transforming lifecycle-livedata-core-2.6.2.aar (androidx.lifecycle:lifecycle-livedata-core:2.6.2) with AarTransform
Transforming savedstate-ktx-1.2.1.aar (androidx.savedstate:savedstate-ktx:1.2.1) with JetifyTransform
Transforming savedstate-ktx-1.2.1.aar (androidx.savedstate:savedstate-ktx:1.2.1) with ExtractAarTransform
Transforming savedstate-ktx-1.2.1.aar (androidx.savedstate:savedstate-ktx:1.2.1) with AarTransform
Transforming savedstate-1.2.1.aar (androidx.savedstate:savedstate:1.2.1) with JetifyTransform
Transforming savedstate-1.2.1.aar (androidx.savedstate:savedstate:1.2.1) with ExtractAarTransform
Transforming savedstate-1.2.1.aar (androidx.savedstate:savedstate:1.2.1) with AarTransform
Transforming lifecycle-viewmodel-savedstate-2.6.2.aar (androidx.lifecycle:lifecycle-viewmodel-savedstate:2.6.2) with JetifyTransform
Transforming lifecycle-viewmodel-savedstate-2.6.2.aar (androidx.lifecycle:lifecycle-viewmodel-savedstate:2.6.2) with ExtractAarTransform
Transforming lifecycle-viewmodel-savedstate-2.6.2.aar (androidx.lifecycle:lifecycle-viewmodel-savedstate:2.6.2) with AarTransform
Transforming lifecycle-viewmodel-ktx-2.6.2.aar (androidx.lifecycle:lifecycle-viewmodel-ktx:2.6.2) with JetifyTransform
Transforming lifecycle-viewmodel-ktx-2.6.2.aar (androidx.lifecycle:lifecycle-viewmodel-ktx:2.6.2) with ExtractAarTransform
Transforming lifecycle-viewmodel-ktx-2.6.2.aar (androidx.lifecycle:lifecycle-viewmodel-ktx:2.6.2) with AarTransform
Transforming lifecycle-viewmodel-2.6.2.aar (androidx.lifecycle:lifecycle-viewmodel:2.6.2) with JetifyTransform
Transforming lifecycle-viewmodel-2.6.2.aar (androidx.lifecycle:lifecycle-viewmodel:2.6.2) with ExtractAarTransform
Transforming lifecycle-viewmodel-2.6.2.aar (androidx.lifecycle:lifecycle-viewmodel:2.6.2) with AarTransform
Transforming lifecycle-viewmodel-2.6.2.aar (androidx.lifecycle:lifecycle-viewmodel:2.6.2) with JetifyTransform
Transforming lifecycle-viewmodel-2.6.2.aar (androidx.lifecycle:lifecycle-viewmodel:2.6.2) with ExtractAarTransform
Transforming lifecycle-viewmodel-2.6.2.aar (androidx.lifecycle:lifecycle-viewmodel:2.6.2) with AarTransform
Transforming lifecycle-runtime-2.6.2.aar (androidx.lifecycle:lifecycle-runtime:2.6.2) with JetifyTransform
Transforming lifecycle-runtime-2.6.2.aar (androidx.lifecycle:lifecycle-runtime:2.6.2) with ExtractAarTransform
Transforming lifecycle-runtime-2.6.2.aar (androidx.lifecycle:lifecycle-runtime:2.6.2) with AarTransform
Transforming lifecycle-runtime-ktx-2.6.2.aar (androidx.lifecycle:lifecycle-runtime-ktx:2.6.2) with JetifyTransform
Transforming lifecycle-runtime-ktx-2.6.2.aar (androidx.lifecycle:lifecycle-runtime-ktx:2.6.2) with ExtractAarTransform
Transforming lifecycle-runtime-ktx-2.6.2.aar (androidx.lifecycle:lifecycle-runtime-ktx:2.6.2) with AarTransform
Transforming lifecycle-viewmodel-compose-2.6.2.aar (androidx.lifecycle:lifecycle-viewmodel-compose:2.6.2) with JetifyTransform
Transforming lifecycle-viewmodel-compose-2.6.2.aar (androidx.lifecycle:lifecycle-viewmodel-compose:2.6.2) with ExtractAarTransform
Transforming lifecycle-viewmodel-compose-2.6.2.aar (androidx.lifecycle:lifecycle-viewmodel-compose:2.6.2) with AarTransform
Transforming ui-release.aar (androidx.compose.ui:ui-android:1.5.4) with JetifyTransform
Transforming ui-release.aar (androidx.compose.ui:ui-android:1.5.4) with ExtractAarTransform
Transforming ui-release.aar (androidx.compose.ui:ui-android:1.5.4) with AarTransform
Transforming autofill-1.0.0.aar (androidx.autofill:autofill:1.0.0) with JetifyTransform
Transforming autofill-1.0.0.aar (androidx.autofill:autofill:1.0.0) with ExtractAarTransform
Transforming autofill-1.0.0.aar (androidx.autofill:autofill:1.0.0) with AarTransform
Transforming viewpager-1.0.0.aar (androidx.viewpager:viewpager:1.0.0) with JetifyTransform
Transforming viewpager-1.0.0.aar (androidx.viewpager:viewpager:1.0.0) with ExtractAarTransform
Transforming viewpager-1.0.0.aar (androidx.viewpager:viewpager:1.0.0) with AarTransform
Transforming coordinatorlayout-1.0.0.aar (androidx.coordinatorlayout:coordinatorlayout:1.0.0) with JetifyTransform
Transforming coordinatorlayout-1.0.0.aar (androidx.coordinatorlayout:coordinatorlayout:1.0.0) with ExtractAarTransform
Transforming coordinatorlayout-1.0.0.aar (androidx.coordinatorlayout:coordinatorlayout:1.0.0) with AarTransform
Transforming drawerlayout-1.0.0.aar (androidx.drawerlayout:drawerlayout:1.0.0) with JetifyTransform
Transforming drawerlayout-1.0.0.aar (androidx.drawerlayout:drawerlayout:1.0.0) with ExtractAarTransform
Transforming drawerlayout-1.0.0.aar (androidx.drawerlayout:drawerlayout:1.0.0) with AarTransform
Transforming slidingpanelayout-1.0.0.aar (androidx.slidingpanelayout:slidingpanelayout:1.0.0) with JetifyTransform
Transforming slidingpanelayout-1.0.0.aar (androidx.slidingpanelayout:slidingpanelayout:1.0.0) with ExtractAarTransform
Transforming slidingpanelayout-1.0.0.aar (androidx.slidingpanelayout:slidingpanelayout:1.0.0) with AarTransform
Transforming customview-1.0.0.aar (androidx.customview:customview:1.0.0) with JetifyTransform
Transforming customview-1.0.0.aar (androidx.customview:customview:1.0.0) with ExtractAarTransform
Transforming customview-1.0.0.aar (androidx.customview:customview:1.0.0) with AarTransform
Transforming swiperefreshlayout-1.0.0.aar (androidx.swiperefreshlayout:swiperefreshlayout:1.0.0) with JetifyTransform
Transforming swiperefreshlayout-1.0.0.aar (androidx.swiperefreshlayout:swiperefreshlayout:1.0.0) with ExtractAarTransform
Transforming swiperefreshlayout-1.0.0.aar (androidx.swiperefreshlayout:swiperefreshlayout:1.0.0) with AarTransform
Transforming asynclayoutinflater-1.0.0.aar (androidx.asynclayoutinflater:asynclayoutinflater:1.0.0) with JetifyTransform
Transforming asynclayoutinflater-1.0.0.aar (androidx.asynclayoutinflater:asynclayoutinflater:1.0.0) with ExtractAarTransform
Transforming asynclayoutinflater-1.0.0.aar (androidx.asynclayoutinflater:asynclayoutinflater:1.0.0) with AarTransform
Transforming core-1.12.0.aar (androidx.core:core:1.12.0) with JetifyTransform
Transforming core-1.12.0.aar (androidx.core:core:1.12.0) with ExtractAarTransform
Transforming core-1.12.0.aar (androidx.core:core:1.12.0) with AarTransform
Transforming core-1.12.0.aar (androidx.core:core:1.12.0) with JetifyTransform
Transforming core-1.12.0.aar (androidx.core:core:1.12.0) with ExtractAarTransform
Transforming core-1.12.0.aar (androidx.core:core:1.12.0) with AarTransform
Transforming customview-poolingcontainer-1.0.0.aar (androidx.customview:customview-poolingcontainer:1.0.0) with JetifyTransform
Transforming customview-poolingcontainer-1.0.0.aar (androidx.customview:customview-poolingcontainer:1.0.0) with ExtractAarTransform
Transforming customview-poolingcontainer-1.0.0.aar (androidx.customview:customview-poolingcontainer:1.0.0) with AarTransform
Transforming core-ktx-1.12.0.aar (androidx.core:core-ktx:1.12.0) with JetifyTransform
Transforming core-ktx-1.12.0.aar (androidx.core:core-ktx:1.12.0) with ExtractAarTransform
Transforming core-ktx-1.12.0.aar (androidx.core:core-ktx:1.12.0) with AarTransform
Transforming room-runtime-2.6.1.aar (androidx.room:room-runtime:2.6.1) with JetifyTransform
Transforming room-runtime-2.6.1.aar (androidx.room:room-runtime:2.6.1) with ExtractAarTransform
Transforming room-runtime-2.6.1.aar (androidx.room:room-runtime:2.6.1) with AarTransform
Transforming room-ktx-2.6.1.aar (androidx.room:room-ktx:2.6.1) with JetifyTransform
Transforming room-ktx-2.6.1.aar (androidx.room:room-ktx:2.6.1) with ExtractAarTransform
Transforming room-ktx-2.6.1.aar (androidx.room:room-ktx:2.6.1) with AarTransform
Transforming datastore-preferences-1.0.0.aar (androidx.datastore:datastore-preferences:1.0.0) with JetifyTransform
Transforming datastore-preferences-1.0.0.aar (androidx.datastore:datastore-preferences:1.0.0) with ExtractAarTransform
Transforming datastore-preferences-1.0.0.aar (androidx.datastore:datastore-preferences:1.0.0) with AarTransform
Transforming sqlite-framework-2.4.0.aar (androidx.sqlite:sqlite-framework:2.4.0) with JetifyTransform
Transforming sqlite-framework-2.4.0.aar (androidx.sqlite:sqlite-framework:2.4.0) with ExtractAarTransform
Transforming sqlite-framework-2.4.0.aar (androidx.sqlite:sqlite-framework:2.4.0) with AarTransform
Transforming sqlite-2.4.0.aar (androidx.sqlite:sqlite:2.4.0) with JetifyTransform
Transforming sqlite-2.4.0.aar (androidx.sqlite:sqlite:2.4.0) with ExtractAarTransform
Transforming sqlite-2.4.0.aar (androidx.sqlite:sqlite:2.4.0) with AarTransform
Transforming datastore-1.0.0.aar (androidx.datastore:datastore:1.0.0) with JetifyTransform
Transforming datastore-1.0.0.aar (androidx.datastore:datastore:1.0.0) with ExtractAarTransform
Transforming datastore-1.0.0.aar (androidx.datastore:datastore:1.0.0) with AarTransform
Transforming annotation-experimental-1.3.0.aar (androidx.annotation:annotation-experimental:1.3.0) with JetifyTransform
Transforming annotation-experimental-1.3.0.aar (androidx.annotation:annotation-experimental:1.3.0) with ExtractAarTransform
Transforming annotation-experimental-1.3.0.aar (androidx.annotation:annotation-experimental:1.3.0) with AarTransform
Transforming runtime-saveable-release.aar (androidx.compose.runtime:runtime-saveable-android:1.5.4) with JetifyTransform
Transforming runtime-saveable-release.aar (androidx.compose.runtime:runtime-saveable-android:1.5.4) with ExtractAarTransform
Transforming runtime-saveable-release.aar (androidx.compose.runtime:runtime-saveable-android:1.5.4) with AarTransform
Transforming runtime-release.aar (androidx.compose.runtime:runtime-android:1.5.4) with JetifyTransform
Transforming runtime-release.aar (androidx.compose.runtime:runtime-android:1.5.4) with ExtractAarTransform
Transforming runtime-release.aar (androidx.compose.runtime:runtime-android:1.5.4) with AarTransform
Transforming core-runtime-2.2.0.aar (androidx.arch.core:core-runtime:2.2.0) with JetifyTransform
Transforming core-runtime-2.2.0.aar (androidx.arch.core:core-runtime:2.2.0) with ExtractAarTransform
Transforming core-runtime-2.2.0.aar (androidx.arch.core:core-runtime:2.2.0) with AarTransform
Transforming interpolator-1.0.0.aar (androidx.interpolator:interpolator:1.0.0) with JetifyTransform
Transforming interpolator-1.0.0.aar (androidx.interpolator:interpolator:1.0.0) with ExtractAarTransform
Transforming interpolator-1.0.0.aar (androidx.interpolator:interpolator:1.0.0) with AarTransform
Transforming interpolator-1.0.0.aar (androidx.interpolator:interpolator:1.0.0) with JetifyTransform
Transforming interpolator-1.0.0.aar (androidx.interpolator:interpolator:1.0.0) with ExtractAarTransform
Transforming interpolator-1.0.0.aar (androidx.interpolator:interpolator:1.0.0) with AarTransform
Transforming versionedparcelable-1.1.1.aar (androidx.versionedparcelable:versionedparcelable:1.1.1) with JetifyTransform
Transforming versionedparcelable-1.1.1.aar (androidx.versionedparcelable:versionedparcelable:1.1.1) with ExtractAarTransform
Transforming versionedparcelable-1.1.1.aar (androidx.versionedparcelable:versionedparcelable:1.1.1) with AarTransform
Transforming profileinstaller-1.3.0.aar (androidx.profileinstaller:profileinstaller:1.3.0) with JetifyTransform
Transforming profileinstaller-1.3.0.aar (androidx.profileinstaller:profileinstaller:1.3.0) with ExtractAarTransform
Transforming profileinstaller-1.3.0.aar (androidx.profileinstaller:profileinstaller:1.3.0) with AarTransform
Transforming startup-runtime-1.1.1.aar (androidx.startup:startup-runtime:1.1.1) with JetifyTransform
Transforming startup-runtime-1.1.1.aar (androidx.startup:startup-runtime:1.1.1) with ExtractAarTransform
Transforming startup-runtime-1.1.1.aar (androidx.startup:startup-runtime:1.1.1) with AarTransform
Transforming tracing-1.0.0.aar (androidx.tracing:tracing:1.0.0) with JetifyTransform
Transforming tracing-1.0.0.aar (androidx.tracing:tracing:1.0.0) with ExtractAarTransform
Transforming tracing-1.0.0.aar (androidx.tracing:tracing:1.0.0) with AarTransform
Transforming cursoradapter-1.0.0.aar (androidx.cursoradapter:cursoradapter:1.0.0) with JetifyTransform
Transforming cursoradapter-1.0.0.aar (androidx.cursoradapter:cursoradapter:1.0.0) with ExtractAarTransform
Transforming cursoradapter-1.0.0.aar (androidx.cursoradapter:cursoradapter:1.0.0) with AarTransform
Transforming documentfile-1.0.0.aar (androidx.documentfile:documentfile:1.0.0) with JetifyTransform
Transforming documentfile-1.0.0.aar (androidx.documentfile:documentfile:1.0.0) with ExtractAarTransform
Transforming documentfile-1.0.0.aar (androidx.documentfile:documentfile:1.0.0) with AarTransform
Transforming localbroadcastmanager-1.0.0.aar (androidx.localbroadcastmanager:localbroadcastmanager:1.0.0) with JetifyTransform
Transforming localbroadcastmanager-1.0.0.aar (androidx.localbroadcastmanager:localbroadcastmanager:1.0.0) with ExtractAarTransform
Transforming localbroadcastmanager-1.0.0.aar (androidx.localbroadcastmanager:localbroadcastmanager:1.0.0) with AarTransform
Transforming print-1.0.0.aar (androidx.print:print:1.0.0) with JetifyTransform
Transforming print-1.0.0.aar (androidx.print:print:1.0.0) with ExtractAarTransform
Transforming print-1.0.0.aar (androidx.print:print:1.0.0) with AarTransform
Transforming play-services-auth-20.7.0.aar (com.google.android.gms:play-services-auth:20.7.0) with JetifyTransform
Transforming play-services-auth-20.7.0.aar (com.google.android.gms:play-services-auth:20.7.0) with ExtractAarTransform
Transforming play-services-auth-20.7.0.aar (com.google.android.gms:play-services-auth:20.7.0) with AarTransform
Transforming play-services-auth-api-phone-18.0.1.aar (com.google.android.gms:play-services-auth-api-phone:18.0.1) with JetifyTransform
Transforming play-services-auth-api-phone-18.0.1.aar (com.google.android.gms:play-services-auth-api-phone:18.0.1) with ExtractAarTransform
Transforming play-services-auth-api-phone-18.0.1.aar (com.google.android.gms:play-services-auth-api-phone:18.0.1) with AarTransform
Transforming play-services-auth-base-18.0.4.aar (com.google.android.gms:play-services-auth-base:18.0.4) with JetifyTransform
Transforming play-services-auth-base-18.0.4.aar (com.google.android.gms:play-services-auth-base:18.0.4) with ExtractAarTransform
Transforming play-services-auth-base-18.0.4.aar (com.google.android.gms:play-services-auth-base:18.0.4) with AarTransform
Transforming play-services-fido-20.0.1.aar (com.google.android.gms:play-services-fido:20.0.1) with JetifyTransform
Transforming play-services-fido-20.0.1.aar (com.google.android.gms:play-services-fido:20.0.1) with ExtractAarTransform
Transforming play-services-fido-20.0.1.aar (com.google.android.gms:play-services-fido:20.0.1) with AarTransform
Transforming play-services-base-18.0.1.aar (com.google.android.gms:play-services-base:18.0.1) with JetifyTransform
Transforming play-services-base-18.0.1.aar (com.google.android.gms:play-services-base:18.0.1) with ExtractAarTransform
Transforming play-services-base-18.0.1.aar (com.google.android.gms:play-services-base:18.0.1) with AarTransform
Transforming play-services-tasks-18.0.1.aar (com.google.android.gms:play-services-tasks:18.0.1) with JetifyTransform
Transforming play-services-tasks-18.0.1.aar (com.google.android.gms:play-services-tasks:18.0.1) with ExtractAarTransform
Transforming play-services-tasks-18.0.1.aar (com.google.android.gms:play-services-tasks:18.0.1) with AarTransform
Transforming play-services-basement-18.2.0.aar (com.google.android.gms:play-services-basement:18.2.0) with JetifyTransform
Transforming play-services-basement-18.2.0.aar (com.google.android.gms:play-services-basement:18.2.0) with ExtractAarTransform
Transforming play-services-basement-18.2.0.aar (com.google.android.gms:play-services-basement:18.2.0) with AarTransform
Transforming fragment-1.0.0.aar (androidx.fragment:fragment:1.0.0) with JetifyTransform
Transforming fragment-1.0.0.aar (androidx.fragment:fragment:1.0.0) with ExtractAarTransform
Transforming fragment-1.0.0.aar (androidx.fragment:fragment:1.0.0) with AarTransform
Transforming legacy-support-core-ui-1.0.0.aar (androidx.legacy:legacy-support-core-ui:1.0.0) with JetifyTransform
Transforming legacy-support-core-ui-1.0.0.aar (androidx.legacy:legacy-support-core-ui:1.0.0) with ExtractAarTransform
Transforming legacy-support-core-ui-1.0.0.aar (androidx.legacy:legacy-support-core-ui:1.0.0) with AarTransform
Transforming legacy-support-core-utils-1.0.0.aar (androidx.legacy:legacy-support-core-utils:1.0.0) with JetifyTransform
Transforming legacy-support-core-utils-1.0.0.aar (androidx.legacy:legacy-support-core-utils:1.0.0) with ExtractAarTransform
Transforming legacy-support-core-utils-1.0.0.aar (androidx.legacy:legacy-support-core-utils:1.0.0) with AarTransform
Transforming loader-1.0.0.aar (androidx.loader:loader:1.0.0) with JetifyTransform
Transforming loader-1.0.0.aar (androidx.loader:loader:1.0.0) with ExtractAarTransform
Transforming loader-1.0.0.aar (androidx.loader:loader:1.0.0) with AarTransform
Transforming work-runtime-ktx-2.9.0.aar (androidx.work:work-runtime-ktx:2.9.0) with JetifyTransform
Transforming work-runtime-ktx-2.9.0.aar (androidx.work:work-runtime-ktx:2.9.0) with ExtractAarTransform
Transforming work-runtime-ktx-2.9.0.aar (androidx.work:work-runtime-ktx:2.9.0) with AarTransform
Transforming work-runtime-2.9.0.aar (androidx.work:work-runtime:2.9.0) with JetifyTransform
Transforming work-runtime-2.9.0.aar (androidx.work:work-runtime:2.9.0) with ExtractAarTransform
Transforming work-runtime-2.9.0.aar (androidx.work:work-runtime:2.9.0) with AarTransform
Transforming navigation-common-2.7.5.aar (androidx.navigation:navigation-common:2.7.5) with JetifyTransform
Transforming navigation-common-2.7.5.aar (androidx.navigation:navigation-common:2.7.5) with ExtractAarTransform
Transforming navigation-common-2.7.5.aar (androidx.navigation:navigation-common:2.7.5) with AarTransform
Transforming navigation-runtime-2.7.5.aar (androidx.navigation:navigation-runtime:2.7.5) with JetifyTransform
Transforming navigation-runtime-2.7.5.aar (androidx.navigation:navigation-runtime:2.7.5) with ExtractAarTransform
Transforming navigation-runtime-2.7.5.aar (androidx.navigation:navigation-runtime:2.7.5) with AarTransform
Transforming navigation-common-ktx-2.7.5.aar (androidx.navigation:navigation-common-ktx:2.7.5) with JetifyTransform
Transforming navigation-common-ktx-2.7.5.aar (androidx.navigation:navigation-common-ktx:2.7.5) with ExtractAarTransform
Transforming navigation-common-ktx-2.7.5.aar (androidx.navigation:navigation-common-ktx:2.7.5) with AarTransform
Transforming navigation-runtime-ktx-2.7.5.aar (androidx.navigation:navigation-runtime-ktx:2.7.5) with JetifyTransform
Transforming navigation-runtime-ktx-2.7.5.aar (androidx.navigation:navigation-runtime-ktx:2.7.5) with ExtractAarTransform
Transforming navigation-runtime-ktx-2.7.5.aar (androidx.navigation:navigation-runtime-ktx:2.7.5) with AarTransform
Transforming navigation-compose-2.7.5.aar (androidx.navigation:navigation-compose:2.7.5) with JetifyTransform
Transforming navigation-compose-2.7.5.aar (androidx.navigation:navigation-compose:2.7.5) with ExtractAarTransform
Transforming navigation-compose-2.7.5.aar (androidx.navigation:navigation-compose:2.7.5) with AarTransform
Transforming material3-1.1.2.aar (androidx.compose.material3:material3:1.1.2) with JetifyTransform
Transforming material3-1.1.2.aar (androidx.compose.material3:material3:1.1.2) with ExtractAarTransform
Transforming material3-1.1.2.aar (androidx.compose.material3:material3:1.1.2) with AarTransform
Transforming activity-1.8.1.aar (androidx.activity:activity:1.8.1) with JetifyTransform
Transforming activity-1.8.1.aar (androidx.activity:activity:1.8.1) with ExtractAarTransform
Transforming activity-1.8.1.aar (androidx.activity:activity:1.8.1) with AarTransform
Transforming activity-ktx-1.8.1.aar (androidx.activity:activity-ktx:1.8.1) with JetifyTransform
Transforming activity-ktx-1.8.1.aar (androidx.activity:activity-ktx:1.8.1) with ExtractAarTransform
Transforming activity-ktx-1.8.1.aar (androidx.activity:activity-ktx:1.8.1) with AarTransform
Transforming material-ripple-release.aar (androidx.compose.material:material-ripple-android:1.5.4) with JetifyTransform
Transforming material-ripple-release.aar (androidx.compose.material:material-ripple-android:1.5.4) with ExtractAarTransform
Transforming material-ripple-release.aar (androidx.compose.material:material-ripple-android:1.5.4) with AarTransform
Transforming material-icons-core-release.aar (androidx.compose.material:material-icons-core-android:1.5.4) with JetifyTransform
Transforming material-icons-core-release.aar (androidx.compose.material:material-icons-core-android:1.5.4) with ExtractAarTransform
Transforming material-icons-core-release.aar (androidx.compose.material:material-icons-core-android:1.5.4) with AarTransform
Transforming material-icons-extended-release.aar (androidx.compose.material:material-icons-extended-android:1.5.4) with JetifyTransform
Transforming material-icons-extended-release.aar (androidx.compose.material:material-icons-extended-android:1.5.4) with ExtractAarTransform
Transforming material-icons-extended-release.aar (androidx.compose.material:material-icons-extended-android:1.5.4) with AarTransform
Transforming material-release.aar (androidx.compose.material:material-android:1.5.4) with JetifyTransform
Transforming material-release.aar (androidx.compose.material:material-android:1.5.4) with ExtractAarTransform
Transforming material-release.aar (androidx.compose.material:material-android:1.5.4) with AarTransform
Transforming animation-core-release.aar (androidx.compose.animation:animation-core-android:1.5.4) with JetifyTransform
Transforming animation-core-release.aar (androidx.compose.animation:animation-core-android:1.5.4) with ExtractAarTransform
Transforming animation-core-release.aar (androidx.compose.animation:animation-core-android:1.5.4) with AarTransform
Transforming animation-release.aar (androidx.compose.animation:animation-android:1.5.4) with JetifyTransform
Transforming animation-release.aar (androidx.compose.animation:animation-android:1.5.4) with ExtractAarTransform
Transforming animation-release.aar (androidx.compose.animation:animation-android:1.5.4) with AarTransform
Transforming foundation-layout-release.aar (androidx.compose.foundation:foundation-layout-android:1.5.4) with JetifyTransform
Transforming foundation-layout-release.aar (androidx.compose.foundation:foundation-layout-android:1.5.4) with ExtractAarTransform
Transforming foundation-layout-release.aar (androidx.compose.foundation:foundation-layout-android:1.5.4) with AarTransform
Transforming foundation-release.aar (androidx.compose.foundation:foundation-android:1.5.4) with JetifyTransform
Transforming foundation-release.aar (androidx.compose.foundation:foundation-android:1.5.4) with ExtractAarTransform
Transforming foundation-release.aar (androidx.compose.foundation:foundation-android:1.5.4) with AarTransform
Transforming ui-tooling-data-release.aar (androidx.compose.ui:ui-tooling-data-android:1.5.4) with JetifyTransform
Transforming ui-tooling-data-release.aar (androidx.compose.ui:ui-tooling-data-android:1.5.4) with ExtractAarTransform
Transforming ui-tooling-data-release.aar (androidx.compose.ui:ui-tooling-data-android:1.5.4) with AarTransform
Transforming ui-unit-release.aar (androidx.compose.ui:ui-unit-android:1.5.4) with JetifyTransform
Transforming ui-unit-release.aar (androidx.compose.ui:ui-unit-android:1.5.4) with ExtractAarTransform
Transforming ui-unit-release.aar (androidx.compose.ui:ui-unit-android:1.5.4) with AarTransform
Transforming ui-geometry-release.aar (androidx.compose.ui:ui-geometry-android:1.5.4) with JetifyTransform
Transforming ui-geometry-release.aar (androidx.compose.ui:ui-geometry-android:1.5.4) with ExtractAarTransform
Transforming ui-geometry-release.aar (androidx.compose.ui:ui-geometry-android:1.5.4) with AarTransform
Transforming ui-util-release.aar (androidx.compose.ui:ui-util-android:1.5.4) with JetifyTransform
Transforming ui-util-release.aar (androidx.compose.ui:ui-util-android:1.5.4) with ExtractAarTransform
Transforming ui-util-release.aar (androidx.compose.ui:ui-util-android:1.5.4) with AarTransform
Transforming ui-text-release.aar (androidx.compose.ui:ui-text-android:1.5.4) with JetifyTransform
Transforming ui-text-release.aar (androidx.compose.ui:ui-text-android:1.5.4) with ExtractAarTransform
Transforming ui-text-release.aar (androidx.compose.ui:ui-text-android:1.5.4) with AarTransform
Transforming ui-tooling-preview-release.aar (androidx.compose.ui:ui-tooling-preview-android:1.5.4) with JetifyTransform
Transforming ui-tooling-preview-release.aar (androidx.compose.ui:ui-tooling-preview-android:1.5.4) with ExtractAarTransform
Transforming ui-tooling-preview-release.aar (androidx.compose.ui:ui-tooling-preview-android:1.5.4) with AarTransform
Transforming ui-graphics-release.aar (androidx.compose.ui:ui-graphics-android:1.5.4) with JetifyTransform
Transforming ui-graphics-release.aar (androidx.compose.ui:ui-graphics-android:1.5.4) with ExtractAarTransform
Transforming ui-graphics-release.aar (androidx.compose.ui:ui-graphics-android:1.5.4) with AarTransform
Transforming ui-test-manifest-1.5.4.aar (androidx.compose.ui:ui-test-manifest:1.5.4) with JetifyTransform
Transforming ui-test-manifest-1.5.4.aar (androidx.compose.ui:ui-test-manifest:1.5.4) with ExtractAarTransform
Transforming ui-test-manifest-1.5.4.aar (androidx.compose.ui:ui-test-manifest:1.5.4) with AarTransform
Transforming ui-tooling-release.aar (androidx.compose.ui:ui-tooling-android:1.5.4) with JetifyTransform
Transforming ui-tooling-release.aar (androidx.compose.ui:ui-tooling-android:1.5.4) with ExtractAarTransform
Transforming ui-tooling-release.aar (androidx.compose.ui:ui-tooling-android:1.5.4) with AarTransform
Transforming activity-compose-1.8.1.aar (androidx.activity:activity-compose:1.8.1) with JetifyTransform
Transforming activity-compose-1.8.1.aar (androidx.activity:activity-compose:1.8.1) with ExtractAarTransform
Transforming activity-compose-1.8.1.aar (androidx.activity:activity-compose:1.8.1) with AarTransform
Transforming emoji2-1.4.0.aar (androidx.emoji2:emoji2:1.4.0) with JetifyTransform
Transforming emoji2-1.4.0.aar (androidx.emoji2:emoji2:1.4.0) with ExtractAarTransform
Transforming emoji2-1.4.0.aar (androidx.emoji2:emoji2:1.4.0) with AarTransform
Transforming lifecycle-process-2.6.2.aar (androidx.lifecycle:lifecycle-process:2.6.2) with JetifyTransform
Transforming lifecycle-process-2.6.2.aar (androidx.lifecycle:lifecycle-process:2.6.2) with ExtractAarTransform
Transforming lifecycle-process-2.6.2.aar (androidx.lifecycle:lifecycle-process:2.6.2) with AarTransform
Transforming lifecycle-service-2.6.2.aar (androidx.lifecycle:lifecycle-service:2.6.2) with JetifyTransform
Transforming lifecycle-service-2.6.2.aar (androidx.lifecycle:lifecycle-service:2.6.2) with ExtractAarTransform
Transforming lifecycle-service-2.6.2.aar (androidx.lifecycle:lifecycle-service:2.6.2) with AarTransform
Transforming lifecycle-livedata-2.6.2.aar (androidx.lifecycle:lifecycle-livedata:2.6.2) with JetifyTransform
Transforming lifecycle-livedata-2.6.2.aar (androidx.lifecycle:lifecycle-livedata:2.6.2) with ExtractAarTransform
Transforming lifecycle-livedata-2.6.2.aar (androidx.lifecycle:lifecycle-livedata:2.6.2) with AarTransform
Transforming lifecycle-livedata-2.6.2.aar (androidx.lifecycle:lifecycle-livedata:2.6.2) with JetifyTransform
Transforming lifecycle-livedata-2.6.2.aar (androidx.lifecycle:lifecycle-livedata:2.6.2) with ExtractAarTransform
Transforming lifecycle-livedata-2.6.2.aar (androidx.lifecycle:lifecycle-livedata:2.6.2) with AarTransform
Transforming lifecycle-livedata-core-2.6.2.aar (androidx.lifecycle:lifecycle-livedata-core:2.6.2) with JetifyTransform
Transforming lifecycle-livedata-core-2.6.2.aar (androidx.lifecycle:lifecycle-livedata-core:2.6.2) with ExtractAarTransform
Transforming lifecycle-livedata-core-2.6.2.aar (androidx.lifecycle:lifecycle-livedata-core:2.6.2) with AarTransform
Transforming savedstate-ktx-1.2.1.aar (androidx.savedstate:savedstate-ktx:1.2.1) with JetifyTransform
Transforming savedstate-ktx-1.2.1.aar (androidx.savedstate:savedstate-ktx:1.2.1) with ExtractAarTransform
Transforming savedstate-ktx-1.2.1.aar (androidx.savedstate:savedstate-ktx:1.2.1) with AarTransform
Transforming savedstate-1.2.1.aar (androidx.savedstate:savedstate:1.2.1) with JetifyTransform
Transforming savedstate-1.2.1.aar (androidx.savedstate:savedstate:1.2.1) with ExtractAarTransform
Transforming savedstate-1.2.1.aar (androidx.savedstate:savedstate:1.2.1) with AarTransform
Transforming lifecycle-viewmodel-savedstate-2.6.2.aar (androidx.lifecycle:lifecycle-viewmodel-savedstate:2.6.2) with JetifyTransform
Transforming lifecycle-viewmodel-savedstate-2.6.2.aar (androidx.lifecycle:lifecycle-viewmodel-savedstate:2.6.2) with ExtractAarTransform
Transforming lifecycle-viewmodel-savedstate-2.6.2.aar (androidx.lifecycle:lifecycle-viewmodel-savedstate:2.6.2) with AarTransform
Transforming lifecycle-viewmodel-ktx-2.6.2.aar (androidx.lifecycle:lifecycle-viewmodel-ktx:2.6.2) with JetifyTransform
Transforming lifecycle-viewmodel-ktx-2.6.2.aar (androidx.lifecycle:lifecycle-viewmodel-ktx:2.6.2) with ExtractAarTransform
Transforming lifecycle-viewmodel-ktx-2.6.2.aar (androidx.lifecycle:lifecycle-viewmodel-ktx:2.6.2) with AarTransform
Transforming lifecycle-viewmodel-2.6.2.aar (androidx.lifecycle:lifecycle-viewmodel:2.6.2) with JetifyTransform
Transforming lifecycle-viewmodel-2.6.2.aar (androidx.lifecycle:lifecycle-viewmodel:2.6.2) with ExtractAarTransform
Transforming lifecycle-viewmodel-2.6.2.aar (androidx.lifecycle:lifecycle-viewmodel:2.6.2) with AarTransform
Transforming lifecycle-viewmodel-2.6.2.aar (androidx.lifecycle:lifecycle-viewmodel:2.6.2) with JetifyTransform
Transforming lifecycle-viewmodel-2.6.2.aar (androidx.lifecycle:lifecycle-viewmodel:2.6.2) with ExtractAarTransform
Transforming lifecycle-viewmodel-2.6.2.aar (androidx.lifecycle:lifecycle-viewmodel:2.6.2) with AarTransform
Transforming lifecycle-runtime-2.6.2.aar (androidx.lifecycle:lifecycle-runtime:2.6.2) with JetifyTransform
Transforming lifecycle-runtime-2.6.2.aar (androidx.lifecycle:lifecycle-runtime:2.6.2) with ExtractAarTransform
Transforming lifecycle-runtime-2.6.2.aar (androidx.lifecycle:lifecycle-runtime:2.6.2) with AarTransform
Transforming lifecycle-runtime-ktx-2.6.2.aar (androidx.lifecycle:lifecycle-runtime-ktx:2.6.2) with JetifyTransform
Transforming lifecycle-runtime-ktx-2.6.2.aar (androidx.lifecycle:lifecycle-runtime-ktx:2.6.2) with ExtractAarTransform
Transforming lifecycle-runtime-ktx-2.6.2.aar (androidx.lifecycle:lifecycle-runtime-ktx:2.6.2) with AarTransform
Transforming lifecycle-viewmodel-compose-2.6.2.aar (androidx.lifecycle:lifecycle-viewmodel-compose:2.6.2) with JetifyTransform
Transforming lifecycle-viewmodel-compose-2.6.2.aar (androidx.lifecycle:lifecycle-viewmodel-compose:2.6.2) with ExtractAarTransform
Transforming lifecycle-viewmodel-compose-2.6.2.aar (androidx.lifecycle:lifecycle-viewmodel-compose:2.6.2) with AarTransform
Transforming ui-release.aar (androidx.compose.ui:ui-android:1.5.4) with JetifyTransform
Transforming ui-release.aar (androidx.compose.ui:ui-android:1.5.4) with ExtractAarTransform
Transforming ui-release.aar (androidx.compose.ui:ui-android:1.5.4) with AarTransform
Transforming autofill-1.0.0.aar (androidx.autofill:autofill:1.0.0) with JetifyTransform
Transforming autofill-1.0.0.aar (androidx.autofill:autofill:1.0.0) with ExtractAarTransform
Transforming autofill-1.0.0.aar (androidx.autofill:autofill:1.0.0) with AarTransform
Transforming viewpager-1.0.0.aar (androidx.viewpager:viewpager:1.0.0) with JetifyTransform
Transforming viewpager-1.0.0.aar (androidx.viewpager:viewpager:1.0.0) with ExtractAarTransform
Transforming viewpager-1.0.0.aar (androidx.viewpager:viewpager:1.0.0) with AarTransform
Transforming coordinatorlayout-1.0.0.aar (androidx.coordinatorlayout:coordinatorlayout:1.0.0) with JetifyTransform
Transforming coordinatorlayout-1.0.0.aar (androidx.coordinatorlayout:coordinatorlayout:1.0.0) with ExtractAarTransform
Transforming coordinatorlayout-1.0.0.aar (androidx.coordinatorlayout:coordinatorlayout:1.0.0) with AarTransform
Transforming drawerlayout-1.0.0.aar (androidx.drawerlayout:drawerlayout:1.0.0) with JetifyTransform
Transforming drawerlayout-1.0.0.aar (androidx.drawerlayout:drawerlayout:1.0.0) with ExtractAarTransform
Transforming drawerlayout-1.0.0.aar (androidx.drawerlayout:drawerlayout:1.0.0) with AarTransform
Transforming slidingpanelayout-1.0.0.aar (androidx.slidingpanelayout:slidingpanelayout:1.0.0) with JetifyTransform
Transforming slidingpanelayout-1.0.0.aar (androidx.slidingpanelayout:slidingpanelayout:1.0.0) with ExtractAarTransform
Transforming slidingpanelayout-1.0.0.aar (androidx.slidingpanelayout:slidingpanelayout:1.0.0) with AarTransform
Transforming customview-1.0.0.aar (androidx.customview:customview:1.0.0) with JetifyTransform
Transforming customview-1.0.0.aar (androidx.customview:customview:1.0.0) with ExtractAarTransform
Transforming customview-1.0.0.aar (androidx.customview:customview:1.0.0) with AarTransform
Transforming swiperefreshlayout-1.0.0.aar (androidx.swiperefreshlayout:swiperefreshlayout:1.0.0) with JetifyTransform
Transforming swiperefreshlayout-1.0.0.aar (androidx.swiperefreshlayout:swiperefreshlayout:1.0.0) with ExtractAarTransform
Transforming swiperefreshlayout-1.0.0.aar (androidx.swiperefreshlayout:swiperefreshlayout:1.0.0) with AarTransform
Transforming asynclayoutinflater-1.0.0.aar (androidx.asynclayoutinflater:asynclayoutinflater:1.0.0) with JetifyTransform
Transforming asynclayoutinflater-1.0.0.aar (androidx.asynclayoutinflater:asynclayoutinflater:1.0.0) with ExtractAarTransform
Transforming asynclayoutinflater-1.0.0.aar (androidx.asynclayoutinflater:asynclayoutinflater:1.0.0) with AarTransform
Transforming core-1.12.0.aar (androidx.core:core:1.12.0) with JetifyTransform
Transforming core-1.12.0.aar (androidx.core:core:1.12.0) with ExtractAarTransform
Transforming core-1.12.0.aar (androidx.core:core:1.12.0) with AarTransform
Transforming core-1.12.0.aar (androidx.core:core:1.12.0) with JetifyTransform
Transforming core-1.12.0.aar (androidx.core:core:1.12.0) with ExtractAarTransform
Transforming core-1.12.0.aar (androidx.core:core:1.12.0) with AarTransform
Transforming customview-poolingcontainer-1.0.0.aar (androidx.customview:customview-poolingcontainer:1.0.0) with JetifyTransform
Transforming customview-poolingcontainer-1.0.0.aar (androidx.customview:customview-poolingcontainer:1.0.0) with ExtractAarTransform
Transforming customview-poolingcontainer-1.0.0.aar (androidx.customview:customview-poolingcontainer:1.0.0) with AarTransform
Transforming core-ktx-1.12.0.aar (androidx.core:core-ktx:1.12.0) with JetifyTransform
Transforming core-ktx-1.12.0.aar (androidx.core:core-ktx:1.12.0) with ExtractAarTransform
Transforming core-ktx-1.12.0.aar (androidx.core:core-ktx:1.12.0) with AarTransform
Transforming room-runtime-2.6.1.aar (androidx.room:room-runtime:2.6.1) with JetifyTransform
Transforming room-runtime-2.6.1.aar (androidx.room:room-runtime:2.6.1) with ExtractAarTransform
Transforming room-runtime-2.6.1.aar (androidx.room:room-runtime:2.6.1) with AarTransform
Transforming room-ktx-2.6.1.aar (androidx.room:room-ktx:2.6.1) with JetifyTransform
Transforming room-ktx-2.6.1.aar (androidx.room:room-ktx:2.6.1) with ExtractAarTransform
Transforming room-ktx-2.6.1.aar (androidx.room:room-ktx:2.6.1) with AarTransform
Transforming datastore-preferences-1.0.0.aar (androidx.datastore:datastore-preferences:1.0.0) with JetifyTransform
Transforming datastore-preferences-1.0.0.aar (androidx.datastore:datastore-preferences:1.0.0) with ExtractAarTransform
Transforming datastore-preferences-1.0.0.aar (androidx.datastore:datastore-preferences:1.0.0) with AarTransform
Transforming sqlite-framework-2.4.0.aar (androidx.sqlite:sqlite-framework:2.4.0) with JetifyTransform
Transforming sqlite-framework-2.4.0.aar (androidx.sqlite:sqlite-framework:2.4.0) with ExtractAarTransform
Transforming sqlite-framework-2.4.0.aar (androidx.sqlite:sqlite-framework:2.4.0) with AarTransform
Transforming sqlite-2.4.0.aar (androidx.sqlite:sqlite:2.4.0) with JetifyTransform
Transforming sqlite-2.4.0.aar (androidx.sqlite:sqlite:2.4.0) with ExtractAarTransform
Transforming sqlite-2.4.0.aar (androidx.sqlite:sqlite:2.4.0) with AarTransform
Transforming datastore-1.0.0.aar (androidx.datastore:datastore:1.0.0) with JetifyTransform
Transforming datastore-1.0.0.aar (androidx.datastore:datastore:1.0.0) with ExtractAarTransform
Transforming datastore-1.0.0.aar (androidx.datastore:datastore:1.0.0) with AarTransform
Transforming annotation-experimental-1.3.0.aar (androidx.annotation:annotation-experimental:1.3.0) with JetifyTransform
Transforming annotation-experimental-1.3.0.aar (androidx.annotation:annotation-experimental:1.3.0) with ExtractAarTransform
Transforming annotation-experimental-1.3.0.aar (androidx.annotation:annotation-experimental:1.3.0) with AarTransform
Transforming runtime-saveable-release.aar (androidx.compose.runtime:runtime-saveable-android:1.5.4) with JetifyTransform
Transforming runtime-saveable-release.aar (androidx.compose.runtime:runtime-saveable-android:1.5.4) with ExtractAarTransform
Transforming runtime-saveable-release.aar (androidx.compose.runtime:runtime-saveable-android:1.5.4) with AarTransform
Transforming runtime-release.aar (androidx.compose.runtime:runtime-android:1.5.4) with JetifyTransform
Transforming runtime-release.aar (androidx.compose.runtime:runtime-android:1.5.4) with ExtractAarTransform
Transforming runtime-release.aar (androidx.compose.runtime:runtime-android:1.5.4) with AarTransform
Transforming core-runtime-2.2.0.aar (androidx.arch.core:core-runtime:2.2.0) with JetifyTransform
Transforming core-runtime-2.2.0.aar (androidx.arch.core:core-runtime:2.2.0) with ExtractAarTransform
Transforming core-runtime-2.2.0.aar (androidx.arch.core:core-runtime:2.2.0) with AarTransform
Transforming interpolator-1.0.0.aar (androidx.interpolator:interpolator:1.0.0) with JetifyTransform
Transforming interpolator-1.0.0.aar (androidx.interpolator:interpolator:1.0.0) with ExtractAarTransform
Transforming interpolator-1.0.0.aar (androidx.interpolator:interpolator:1.0.0) with AarTransform
Transforming interpolator-1.0.0.aar (androidx.interpolator:interpolator:1.0.0) with JetifyTransform
Transforming interpolator-1.0.0.aar (androidx.interpolator:interpolator:1.0.0) with ExtractAarTransform
Transforming interpolator-1.0.0.aar (androidx.interpolator:interpolator:1.0.0) with AarTransform
Transforming versionedparcelable-1.1.1.aar (androidx.versionedparcelable:versionedparcelable:1.1.1) with JetifyTransform
Transforming versionedparcelable-1.1.1.aar (androidx.versionedparcelable:versionedparcelable:1.1.1) with ExtractAarTransform
Transforming versionedparcelable-1.1.1.aar (androidx.versionedparcelable:versionedparcelable:1.1.1) with AarTransform
Transforming profileinstaller-1.3.0.aar (androidx.profileinstaller:profileinstaller:1.3.0) with JetifyTransform
Transforming profileinstaller-1.3.0.aar (androidx.profileinstaller:profileinstaller:1.3.0) with ExtractAarTransform
Transforming profileinstaller-1.3.0.aar (androidx.profileinstaller:profileinstaller:1.3.0) with AarTransform
Transforming startup-runtime-1.1.1.aar (androidx.startup:startup-runtime:1.1.1) with JetifyTransform
Transforming startup-runtime-1.1.1.aar (androidx.startup:startup-runtime:1.1.1) with ExtractAarTransform
Transforming startup-runtime-1.1.1.aar (androidx.startup:startup-runtime:1.1.1) with AarTransform
Transforming tracing-1.0.0.aar (androidx.tracing:tracing:1.0.0) with JetifyTransform
Transforming tracing-1.0.0.aar (androidx.tracing:tracing:1.0.0) with ExtractAarTransform
Transforming tracing-1.0.0.aar (androidx.tracing:tracing:1.0.0) with AarTransform
Transforming cursoradapter-1.0.0.aar (androidx.cursoradapter:cursoradapter:1.0.0) with JetifyTransform
Transforming cursoradapter-1.0.0.aar (androidx.cursoradapter:cursoradapter:1.0.0) with ExtractAarTransform
Transforming cursoradapter-1.0.0.aar (androidx.cursoradapter:cursoradapter:1.0.0) with AarTransform
Transforming documentfile-1.0.0.aar (androidx.documentfile:documentfile:1.0.0) with JetifyTransform
Transforming documentfile-1.0.0.aar (androidx.documentfile:documentfile:1.0.0) with ExtractAarTransform
Transforming documentfile-1.0.0.aar (androidx.documentfile:documentfile:1.0.0) with AarTransform
Transforming localbroadcastmanager-1.0.0.aar (androidx.localbroadcastmanager:localbroadcastmanager:1.0.0) with JetifyTransform
Transforming localbroadcastmanager-1.0.0.aar (androidx.localbroadcastmanager:localbroadcastmanager:1.0.0) with ExtractAarTransform
Transforming localbroadcastmanager-1.0.0.aar (androidx.localbroadcastmanager:localbroadcastmanager:1.0.0) with AarTransform
Transforming print-1.0.0.aar (androidx.print:print:1.0.0) with JetifyTransform
Transforming print-1.0.0.aar (androidx.print:print:1.0.0) with ExtractAarTransform
Transforming print-1.0.0.aar (androidx.print:print:1.0.0) with AarTransform
Caching disabled for task ':app:processDebugMainManifest' because:
  Build cache is disabled
Skipping task ':app:processDebugMainManifest' as it is up-to-date.
Resolve mutations for :app:processDebugManifest (Thread[Execution worker Thread 10,5,main]) started.
:app:processDebugManifest (Thread[Execution worker Thread 7,5,main]) started.

> Task :app:processDebugManifest UP-TO-DATE
Caching disabled for task ':app:processDebugManifest' because:
  Build cache is disabled
Skipping task ':app:processDebugManifest' as it is up-to-date.
Resolve mutations for :app:processDebugManifestForPackage (Thread[Execution worker Thread 7,5,main]) started.
:app:processDebugManifestForPackage (Thread[Execution worker Thread 7,5,main]) started.

> Task :app:processDebugManifestForPackage UP-TO-DATE
Caching disabled for task ':app:processDebugManifestForPackage' because:
  Build cache is disabled
Skipping task ':app:processDebugManifestForPackage' as it is up-to-date.
Resolve mutations for :app:processDebugResources (Thread[Execution worker Thread 7,5,main]) started.
:app:processDebugResources (Thread[Execution worker Thread 7,5,main]) started.

> Task :app:processDebugResources UP-TO-DATE
Transforming aapt2-8.2.0-10154469-windows.jar (com.android.tools.build:aapt2:8.2.0-10154469) with Aapt2Extractor
Transforming play-services-auth-20.7.0.aar (com.google.android.gms:play-services-auth:20.7.0) with JetifyTransform
Transforming play-services-auth-20.7.0.aar (com.google.android.gms:play-services-auth:20.7.0) with ExtractAarTransform
Transforming play-services-auth-20.7.0.aar (com.google.android.gms:play-services-auth:20.7.0) with AarResourcesCompilerTransform
Transforming play-services-auth-api-phone-18.0.1.aar (com.google.android.gms:play-services-auth-api-phone:18.0.1) with JetifyTransform
Transforming play-services-auth-api-phone-18.0.1.aar (com.google.android.gms:play-services-auth-api-phone:18.0.1) with ExtractAarTransform
Transforming play-services-auth-api-phone-18.0.1.aar (com.google.android.gms:play-services-auth-api-phone:18.0.1) with AarResourcesCompilerTransform
Transforming play-services-auth-base-18.0.4.aar (com.google.android.gms:play-services-auth-base:18.0.4) with JetifyTransform
Transforming play-services-auth-base-18.0.4.aar (com.google.android.gms:play-services-auth-base:18.0.4) with ExtractAarTransform
Transforming play-services-auth-base-18.0.4.aar (com.google.android.gms:play-services-auth-base:18.0.4) with AarResourcesCompilerTransform
Transforming play-services-fido-20.0.1.aar (com.google.android.gms:play-services-fido:20.0.1) with JetifyTransform
Transforming play-services-fido-20.0.1.aar (com.google.android.gms:play-services-fido:20.0.1) with ExtractAarTransform
Transforming play-services-fido-20.0.1.aar (com.google.android.gms:play-services-fido:20.0.1) with AarResourcesCompilerTransform
Transforming play-services-base-18.0.1.aar (com.google.android.gms:play-services-base:18.0.1) with JetifyTransform
Transforming play-services-base-18.0.1.aar (com.google.android.gms:play-services-base:18.0.1) with ExtractAarTransform
Transforming play-services-base-18.0.1.aar (com.google.android.gms:play-services-base:18.0.1) with AarResourcesCompilerTransform
Transforming play-services-tasks-18.0.1.aar (com.google.android.gms:play-services-tasks:18.0.1) with JetifyTransform
Transforming play-services-tasks-18.0.1.aar (com.google.android.gms:play-services-tasks:18.0.1) with ExtractAarTransform
Transforming play-services-tasks-18.0.1.aar (com.google.android.gms:play-services-tasks:18.0.1) with AarResourcesCompilerTransform
Transforming play-services-basement-18.2.0.aar (com.google.android.gms:play-services-basement:18.2.0) with JetifyTransform
Transforming play-services-basement-18.2.0.aar (com.google.android.gms:play-services-basement:18.2.0) with ExtractAarTransform
Transforming play-services-basement-18.2.0.aar (com.google.android.gms:play-services-basement:18.2.0) with AarResourcesCompilerTransform
Transforming fragment-1.0.0.aar (androidx.fragment:fragment:1.0.0) with JetifyTransform
Transforming fragment-1.0.0.aar (androidx.fragment:fragment:1.0.0) with ExtractAarTransform
Transforming fragment-1.0.0.aar (androidx.fragment:fragment:1.0.0) with AarResourcesCompilerTransform
Transforming legacy-support-core-ui-1.0.0.aar (androidx.legacy:legacy-support-core-ui:1.0.0) with JetifyTransform
Transforming legacy-support-core-ui-1.0.0.aar (androidx.legacy:legacy-support-core-ui:1.0.0) with ExtractAarTransform
Transforming legacy-support-core-ui-1.0.0.aar (androidx.legacy:legacy-support-core-ui:1.0.0) with AarResourcesCompilerTransform
Transforming legacy-support-core-utils-1.0.0.aar (androidx.legacy:legacy-support-core-utils:1.0.0) with JetifyTransform
Transforming legacy-support-core-utils-1.0.0.aar (androidx.legacy:legacy-support-core-utils:1.0.0) with ExtractAarTransform
Transforming legacy-support-core-utils-1.0.0.aar (androidx.legacy:legacy-support-core-utils:1.0.0) with AarResourcesCompilerTransform
Transforming loader-1.0.0.aar (androidx.loader:loader:1.0.0) with JetifyTransform
Transforming loader-1.0.0.aar (androidx.loader:loader:1.0.0) with ExtractAarTransform
Transforming loader-1.0.0.aar (androidx.loader:loader:1.0.0) with AarResourcesCompilerTransform
Transforming work-runtime-ktx-2.9.0.aar (androidx.work:work-runtime-ktx:2.9.0) with JetifyTransform
Transforming work-runtime-ktx-2.9.0.aar (androidx.work:work-runtime-ktx:2.9.0) with ExtractAarTransform
Transforming work-runtime-ktx-2.9.0.aar (androidx.work:work-runtime-ktx:2.9.0) with AarResourcesCompilerTransform
Transforming work-runtime-2.9.0.aar (androidx.work:work-runtime:2.9.0) with JetifyTransform
Transforming work-runtime-2.9.0.aar (androidx.work:work-runtime:2.9.0) with ExtractAarTransform
Transforming work-runtime-2.9.0.aar (androidx.work:work-runtime:2.9.0) with AarResourcesCompilerTransform
Transforming navigation-common-2.7.5.aar (androidx.navigation:navigation-common:2.7.5) with JetifyTransform
Transforming navigation-common-2.7.5.aar (androidx.navigation:navigation-common:2.7.5) with ExtractAarTransform
Transforming navigation-common-2.7.5.aar (androidx.navigation:navigation-common:2.7.5) with AarResourcesCompilerTransform
Transforming navigation-runtime-2.7.5.aar (androidx.navigation:navigation-runtime:2.7.5) with JetifyTransform
Transforming navigation-runtime-2.7.5.aar (androidx.navigation:navigation-runtime:2.7.5) with ExtractAarTransform
Transforming navigation-runtime-2.7.5.aar (androidx.navigation:navigation-runtime:2.7.5) with AarResourcesCompilerTransform
Transforming navigation-common-ktx-2.7.5.aar (androidx.navigation:navigation-common-ktx:2.7.5) with JetifyTransform
Transforming navigation-common-ktx-2.7.5.aar (androidx.navigation:navigation-common-ktx:2.7.5) with ExtractAarTransform
Transforming navigation-common-ktx-2.7.5.aar (androidx.navigation:navigation-common-ktx:2.7.5) with AarResourcesCompilerTransform
Transforming navigation-runtime-ktx-2.7.5.aar (androidx.navigation:navigation-runtime-ktx:2.7.5) with JetifyTransform
Transforming navigation-runtime-ktx-2.7.5.aar (androidx.navigation:navigation-runtime-ktx:2.7.5) with ExtractAarTransform
Transforming navigation-runtime-ktx-2.7.5.aar (androidx.navigation:navigation-runtime-ktx:2.7.5) with AarResourcesCompilerTransform
Transforming navigation-compose-2.7.5.aar (androidx.navigation:navigation-compose:2.7.5) with JetifyTransform
Transforming navigation-compose-2.7.5.aar (androidx.navigation:navigation-compose:2.7.5) with ExtractAarTransform
Transforming navigation-compose-2.7.5.aar (androidx.navigation:navigation-compose:2.7.5) with AarResourcesCompilerTransform
Transforming material3-1.1.2.aar (androidx.compose.material3:material3:1.1.2) with JetifyTransform
Transforming material3-1.1.2.aar (androidx.compose.material3:material3:1.1.2) with ExtractAarTransform
Transforming material3-1.1.2.aar (androidx.compose.material3:material3:1.1.2) with AarResourcesCompilerTransform
Transforming activity-1.8.1.aar (androidx.activity:activity:1.8.1) with JetifyTransform
Transforming activity-1.8.1.aar (androidx.activity:activity:1.8.1) with ExtractAarTransform
Transforming activity-1.8.1.aar (androidx.activity:activity:1.8.1) with AarResourcesCompilerTransform
Transforming activity-ktx-1.8.1.aar (androidx.activity:activity-ktx:1.8.1) with JetifyTransform
Transforming activity-ktx-1.8.1.aar (androidx.activity:activity-ktx:1.8.1) with ExtractAarTransform
Transforming activity-ktx-1.8.1.aar (androidx.activity:activity-ktx:1.8.1) with AarResourcesCompilerTransform
Transforming material-ripple-release.aar (androidx.compose.material:material-ripple-android:1.5.4) with JetifyTransform
Transforming material-ripple-release.aar (androidx.compose.material:material-ripple-android:1.5.4) with ExtractAarTransform
Transforming material-ripple-release.aar (androidx.compose.material:material-ripple-android:1.5.4) with AarResourcesCompilerTransform
Transforming material-icons-core-release.aar (androidx.compose.material:material-icons-core-android:1.5.4) with JetifyTransform
Transforming material-icons-core-release.aar (androidx.compose.material:material-icons-core-android:1.5.4) with ExtractAarTransform
Transforming material-icons-core-release.aar (androidx.compose.material:material-icons-core-android:1.5.4) with AarResourcesCompilerTransform
Transforming material-icons-extended-release.aar (androidx.compose.material:material-icons-extended-android:1.5.4) with JetifyTransform
Transforming material-icons-extended-release.aar (androidx.compose.material:material-icons-extended-android:1.5.4) with ExtractAarTransform
Transforming material-icons-extended-release.aar (androidx.compose.material:material-icons-extended-android:1.5.4) with AarResourcesCompilerTransform
Transforming material-release.aar (androidx.compose.material:material-android:1.5.4) with JetifyTransform
Transforming material-release.aar (androidx.compose.material:material-android:1.5.4) with ExtractAarTransform
Transforming material-release.aar (androidx.compose.material:material-android:1.5.4) with AarResourcesCompilerTransform
Transforming animation-core-release.aar (androidx.compose.animation:animation-core-android:1.5.4) with JetifyTransform
Transforming animation-core-release.aar (androidx.compose.animation:animation-core-android:1.5.4) with ExtractAarTransform
Transforming animation-core-release.aar (androidx.compose.animation:animation-core-android:1.5.4) with AarResourcesCompilerTransform
Transforming animation-release.aar (androidx.compose.animation:animation-android:1.5.4) with JetifyTransform
Transforming animation-release.aar (androidx.compose.animation:animation-android:1.5.4) with ExtractAarTransform
Transforming animation-release.aar (androidx.compose.animation:animation-android:1.5.4) with AarResourcesCompilerTransform
Transforming foundation-layout-release.aar (androidx.compose.foundation:foundation-layout-android:1.5.4) with JetifyTransform
Transforming foundation-layout-release.aar (androidx.compose.foundation:foundation-layout-android:1.5.4) with ExtractAarTransform
Transforming foundation-layout-release.aar (androidx.compose.foundation:foundation-layout-android:1.5.4) with AarResourcesCompilerTransform
Transforming foundation-release.aar (androidx.compose.foundation:foundation-android:1.5.4) with JetifyTransform
Transforming foundation-release.aar (androidx.compose.foundation:foundation-android:1.5.4) with ExtractAarTransform
Transforming foundation-release.aar (androidx.compose.foundation:foundation-android:1.5.4) with AarResourcesCompilerTransform
Transforming ui-tooling-data-release.aar (androidx.compose.ui:ui-tooling-data-android:1.5.4) with JetifyTransform
Transforming ui-tooling-data-release.aar (androidx.compose.ui:ui-tooling-data-android:1.5.4) with ExtractAarTransform
Transforming ui-tooling-data-release.aar (androidx.compose.ui:ui-tooling-data-android:1.5.4) with AarResourcesCompilerTransform
Transforming ui-unit-release.aar (androidx.compose.ui:ui-unit-android:1.5.4) with JetifyTransform
Transforming ui-unit-release.aar (androidx.compose.ui:ui-unit-android:1.5.4) with ExtractAarTransform
Transforming ui-unit-release.aar (androidx.compose.ui:ui-unit-android:1.5.4) with AarResourcesCompilerTransform
Transforming ui-geometry-release.aar (androidx.compose.ui:ui-geometry-android:1.5.4) with JetifyTransform
Transforming ui-geometry-release.aar (androidx.compose.ui:ui-geometry-android:1.5.4) with ExtractAarTransform
Transforming ui-geometry-release.aar (androidx.compose.ui:ui-geometry-android:1.5.4) with AarResourcesCompilerTransform
Transforming ui-util-release.aar (androidx.compose.ui:ui-util-android:1.5.4) with JetifyTransform
Transforming ui-util-release.aar (androidx.compose.ui:ui-util-android:1.5.4) with ExtractAarTransform
Transforming ui-util-release.aar (androidx.compose.ui:ui-util-android:1.5.4) with AarResourcesCompilerTransform
Transforming ui-text-release.aar (androidx.compose.ui:ui-text-android:1.5.4) with JetifyTransform
Transforming ui-text-release.aar (androidx.compose.ui:ui-text-android:1.5.4) with ExtractAarTransform
Transforming ui-text-release.aar (androidx.compose.ui:ui-text-android:1.5.4) with AarResourcesCompilerTransform
Transforming ui-tooling-preview-release.aar (androidx.compose.ui:ui-tooling-preview-android:1.5.4) with JetifyTransform
Transforming ui-tooling-preview-release.aar (androidx.compose.ui:ui-tooling-preview-android:1.5.4) with ExtractAarTransform
Transforming ui-tooling-preview-release.aar (androidx.compose.ui:ui-tooling-preview-android:1.5.4) with AarResourcesCompilerTransform
Transforming ui-graphics-release.aar (androidx.compose.ui:ui-graphics-android:1.5.4) with JetifyTransform
Transforming ui-graphics-release.aar (androidx.compose.ui:ui-graphics-android:1.5.4) with ExtractAarTransform
Transforming ui-graphics-release.aar (androidx.compose.ui:ui-graphics-android:1.5.4) with AarResourcesCompilerTransform
Transforming ui-test-manifest-1.5.4.aar (androidx.compose.ui:ui-test-manifest:1.5.4) with JetifyTransform
Transforming ui-test-manifest-1.5.4.aar (androidx.compose.ui:ui-test-manifest:1.5.4) with ExtractAarTransform
Transforming ui-test-manifest-1.5.4.aar (androidx.compose.ui:ui-test-manifest:1.5.4) with AarResourcesCompilerTransform
Transforming ui-tooling-release.aar (androidx.compose.ui:ui-tooling-android:1.5.4) with JetifyTransform
Transforming ui-tooling-release.aar (androidx.compose.ui:ui-tooling-android:1.5.4) with ExtractAarTransform
Transforming ui-tooling-release.aar (androidx.compose.ui:ui-tooling-android:1.5.4) with AarResourcesCompilerTransform
Transforming activity-compose-1.8.1.aar (androidx.activity:activity-compose:1.8.1) with JetifyTransform
Transforming activity-compose-1.8.1.aar (androidx.activity:activity-compose:1.8.1) with ExtractAarTransform
Transforming activity-compose-1.8.1.aar (androidx.activity:activity-compose:1.8.1) with AarResourcesCompilerTransform
Transforming emoji2-1.4.0.aar (androidx.emoji2:emoji2:1.4.0) with JetifyTransform
Transforming emoji2-1.4.0.aar (androidx.emoji2:emoji2:1.4.0) with ExtractAarTransform
Transforming emoji2-1.4.0.aar (androidx.emoji2:emoji2:1.4.0) with AarResourcesCompilerTransform
Transforming lifecycle-process-2.6.2.aar (androidx.lifecycle:lifecycle-process:2.6.2) with JetifyTransform
Transforming lifecycle-process-2.6.2.aar (androidx.lifecycle:lifecycle-process:2.6.2) with ExtractAarTransform
Transforming lifecycle-process-2.6.2.aar (androidx.lifecycle:lifecycle-process:2.6.2) with AarResourcesCompilerTransform
Transforming lifecycle-service-2.6.2.aar (androidx.lifecycle:lifecycle-service:2.6.2) with JetifyTransform
Transforming lifecycle-service-2.6.2.aar (androidx.lifecycle:lifecycle-service:2.6.2) with ExtractAarTransform
Transforming lifecycle-service-2.6.2.aar (androidx.lifecycle:lifecycle-service:2.6.2) with AarResourcesCompilerTransform
Transforming lifecycle-livedata-2.6.2.aar (androidx.lifecycle:lifecycle-livedata:2.6.2) with JetifyTransform
Transforming lifecycle-livedata-2.6.2.aar (androidx.lifecycle:lifecycle-livedata:2.6.2) with ExtractAarTransform
Transforming lifecycle-livedata-2.6.2.aar (androidx.lifecycle:lifecycle-livedata:2.6.2) with AarResourcesCompilerTransform
Transforming lifecycle-livedata-2.6.2.aar (androidx.lifecycle:lifecycle-livedata:2.6.2) with JetifyTransform
Transforming lifecycle-livedata-2.6.2.aar (androidx.lifecycle:lifecycle-livedata:2.6.2) with ExtractAarTransform
Transforming lifecycle-livedata-2.6.2.aar (androidx.lifecycle:lifecycle-livedata:2.6.2) with AarResourcesCompilerTransform
Transforming lifecycle-livedata-core-2.6.2.aar (androidx.lifecycle:lifecycle-livedata-core:2.6.2) with JetifyTransform
Transforming lifecycle-livedata-core-2.6.2.aar (androidx.lifecycle:lifecycle-livedata-core:2.6.2) with ExtractAarTransform
Transforming lifecycle-livedata-core-2.6.2.aar (androidx.lifecycle:lifecycle-livedata-core:2.6.2) with AarResourcesCompilerTransform
Transforming savedstate-ktx-1.2.1.aar (androidx.savedstate:savedstate-ktx:1.2.1) with JetifyTransform
Transforming savedstate-ktx-1.2.1.aar (androidx.savedstate:savedstate-ktx:1.2.1) with ExtractAarTransform
Transforming savedstate-ktx-1.2.1.aar (androidx.savedstate:savedstate-ktx:1.2.1) with AarResourcesCompilerTransform
Transforming savedstate-1.2.1.aar (androidx.savedstate:savedstate:1.2.1) with JetifyTransform
Transforming savedstate-1.2.1.aar (androidx.savedstate:savedstate:1.2.1) with ExtractAarTransform
Transforming savedstate-1.2.1.aar (androidx.savedstate:savedstate:1.2.1) with AarResourcesCompilerTransform
Transforming lifecycle-viewmodel-savedstate-2.6.2.aar (androidx.lifecycle:lifecycle-viewmodel-savedstate:2.6.2) with JetifyTransform
Transforming lifecycle-viewmodel-savedstate-2.6.2.aar (androidx.lifecycle:lifecycle-viewmodel-savedstate:2.6.2) with ExtractAarTransform
Transforming lifecycle-viewmodel-savedstate-2.6.2.aar (androidx.lifecycle:lifecycle-viewmodel-savedstate:2.6.2) with AarResourcesCompilerTransform
Transforming lifecycle-viewmodel-ktx-2.6.2.aar (androidx.lifecycle:lifecycle-viewmodel-ktx:2.6.2) with JetifyTransform
Transforming lifecycle-viewmodel-ktx-2.6.2.aar (androidx.lifecycle:lifecycle-viewmodel-ktx:2.6.2) with ExtractAarTransform
Transforming lifecycle-viewmodel-ktx-2.6.2.aar (androidx.lifecycle:lifecycle-viewmodel-ktx:2.6.2) with AarResourcesCompilerTransform
Transforming lifecycle-viewmodel-2.6.2.aar (androidx.lifecycle:lifecycle-viewmodel:2.6.2) with JetifyTransform
Transforming lifecycle-viewmodel-2.6.2.aar (androidx.lifecycle:lifecycle-viewmodel:2.6.2) with ExtractAarTransform
Transforming lifecycle-viewmodel-2.6.2.aar (androidx.lifecycle:lifecycle-viewmodel:2.6.2) with AarResourcesCompilerTransform
Transforming lifecycle-viewmodel-2.6.2.aar (androidx.lifecycle:lifecycle-viewmodel:2.6.2) with JetifyTransform
Transforming lifecycle-viewmodel-2.6.2.aar (androidx.lifecycle:lifecycle-viewmodel:2.6.2) with ExtractAarTransform
Transforming lifecycle-viewmodel-2.6.2.aar (androidx.lifecycle:lifecycle-viewmodel:2.6.2) with AarResourcesCompilerTransform
Transforming lifecycle-runtime-2.6.2.aar (androidx.lifecycle:lifecycle-runtime:2.6.2) with JetifyTransform
Transforming lifecycle-runtime-2.6.2.aar (androidx.lifecycle:lifecycle-runtime:2.6.2) with ExtractAarTransform
Transforming lifecycle-runtime-2.6.2.aar (androidx.lifecycle:lifecycle-runtime:2.6.2) with AarResourcesCompilerTransform
Transforming lifecycle-runtime-ktx-2.6.2.aar (androidx.lifecycle:lifecycle-runtime-ktx:2.6.2) with JetifyTransform
Transforming lifecycle-runtime-ktx-2.6.2.aar (androidx.lifecycle:lifecycle-runtime-ktx:2.6.2) with ExtractAarTransform
Transforming lifecycle-runtime-ktx-2.6.2.aar (androidx.lifecycle:lifecycle-runtime-ktx:2.6.2) with AarResourcesCompilerTransform
Transforming lifecycle-viewmodel-compose-2.6.2.aar (androidx.lifecycle:lifecycle-viewmodel-compose:2.6.2) with JetifyTransform
Transforming lifecycle-viewmodel-compose-2.6.2.aar (androidx.lifecycle:lifecycle-viewmodel-compose:2.6.2) with ExtractAarTransform
Transforming lifecycle-viewmodel-compose-2.6.2.aar (androidx.lifecycle:lifecycle-viewmodel-compose:2.6.2) with AarResourcesCompilerTransform
Transforming ui-release.aar (androidx.compose.ui:ui-android:1.5.4) with JetifyTransform
Transforming ui-release.aar (androidx.compose.ui:ui-android:1.5.4) with ExtractAarTransform
Transforming ui-release.aar (androidx.compose.ui:ui-android:1.5.4) with AarResourcesCompilerTransform
Transforming autofill-1.0.0.aar (androidx.autofill:autofill:1.0.0) with JetifyTransform
Transforming autofill-1.0.0.aar (androidx.autofill:autofill:1.0.0) with ExtractAarTransform
Transforming autofill-1.0.0.aar (androidx.autofill:autofill:1.0.0) with AarResourcesCompilerTransform
Transforming viewpager-1.0.0.aar (androidx.viewpager:viewpager:1.0.0) with JetifyTransform
Transforming viewpager-1.0.0.aar (androidx.viewpager:viewpager:1.0.0) with ExtractAarTransform
Transforming viewpager-1.0.0.aar (androidx.viewpager:viewpager:1.0.0) with AarResourcesCompilerTransform
Transforming coordinatorlayout-1.0.0.aar (androidx.coordinatorlayout:coordinatorlayout:1.0.0) with JetifyTransform
Transforming coordinatorlayout-1.0.0.aar (androidx.coordinatorlayout:coordinatorlayout:1.0.0) with ExtractAarTransform
Transforming coordinatorlayout-1.0.0.aar (androidx.coordinatorlayout:coordinatorlayout:1.0.0) with AarResourcesCompilerTransform
Transforming drawerlayout-1.0.0.aar (androidx.drawerlayout:drawerlayout:1.0.0) with JetifyTransform
Transforming drawerlayout-1.0.0.aar (androidx.drawerlayout:drawerlayout:1.0.0) with ExtractAarTransform
Transforming drawerlayout-1.0.0.aar (androidx.drawerlayout:drawerlayout:1.0.0) with AarResourcesCompilerTransform
Transforming slidingpanelayout-1.0.0.aar (androidx.slidingpanelayout:slidingpanelayout:1.0.0) with JetifyTransform
Transforming slidingpanelayout-1.0.0.aar (androidx.slidingpanelayout:slidingpanelayout:1.0.0) with ExtractAarTransform
Transforming slidingpanelayout-1.0.0.aar (androidx.slidingpanelayout:slidingpanelayout:1.0.0) with AarResourcesCompilerTransform
Transforming customview-1.0.0.aar (androidx.customview:customview:1.0.0) with JetifyTransform
Transforming customview-1.0.0.aar (androidx.customview:customview:1.0.0) with ExtractAarTransform
Transforming customview-1.0.0.aar (androidx.customview:customview:1.0.0) with AarResourcesCompilerTransform
Transforming swiperefreshlayout-1.0.0.aar (androidx.swiperefreshlayout:swiperefreshlayout:1.0.0) with JetifyTransform
Transforming swiperefreshlayout-1.0.0.aar (androidx.swiperefreshlayout:swiperefreshlayout:1.0.0) with ExtractAarTransform
Transforming swiperefreshlayout-1.0.0.aar (androidx.swiperefreshlayout:swiperefreshlayout:1.0.0) with AarResourcesCompilerTransform
Transforming asynclayoutinflater-1.0.0.aar (androidx.asynclayoutinflater:asynclayoutinflater:1.0.0) with JetifyTransform
Transforming asynclayoutinflater-1.0.0.aar (androidx.asynclayoutinflater:asynclayoutinflater:1.0.0) with ExtractAarTransform
Transforming asynclayoutinflater-1.0.0.aar (androidx.asynclayoutinflater:asynclayoutinflater:1.0.0) with AarResourcesCompilerTransform
Transforming core-1.12.0.aar (androidx.core:core:1.12.0) with JetifyTransform
Transforming core-1.12.0.aar (androidx.core:core:1.12.0) with ExtractAarTransform
Transforming core-1.12.0.aar (androidx.core:core:1.12.0) with AarResourcesCompilerTransform
Transforming core-1.12.0.aar (androidx.core:core:1.12.0) with JetifyTransform
Transforming core-1.12.0.aar (androidx.core:core:1.12.0) with ExtractAarTransform
Transforming core-1.12.0.aar (androidx.core:core:1.12.0) with AarResourcesCompilerTransform
Transforming customview-poolingcontainer-1.0.0.aar (androidx.customview:customview-poolingcontainer:1.0.0) with JetifyTransform
Transforming customview-poolingcontainer-1.0.0.aar (androidx.customview:customview-poolingcontainer:1.0.0) with ExtractAarTransform
Transforming customview-poolingcontainer-1.0.0.aar (androidx.customview:customview-poolingcontainer:1.0.0) with AarResourcesCompilerTransform
Transforming core-ktx-1.12.0.aar (androidx.core:core-ktx:1.12.0) with JetifyTransform
Transforming core-ktx-1.12.0.aar (androidx.core:core-ktx:1.12.0) with ExtractAarTransform
Transforming core-ktx-1.12.0.aar (androidx.core:core-ktx:1.12.0) with AarResourcesCompilerTransform
Transforming room-runtime-2.6.1.aar (androidx.room:room-runtime:2.6.1) with JetifyTransform
Transforming room-runtime-2.6.1.aar (androidx.room:room-runtime:2.6.1) with ExtractAarTransform
Transforming room-runtime-2.6.1.aar (androidx.room:room-runtime:2.6.1) with AarResourcesCompilerTransform
Transforming room-ktx-2.6.1.aar (androidx.room:room-ktx:2.6.1) with JetifyTransform
Transforming room-ktx-2.6.1.aar (androidx.room:room-ktx:2.6.1) with ExtractAarTransform
Transforming room-ktx-2.6.1.aar (androidx.room:room-ktx:2.6.1) with AarResourcesCompilerTransform
Transforming datastore-preferences-1.0.0.aar (androidx.datastore:datastore-preferences:1.0.0) with JetifyTransform
Transforming datastore-preferences-1.0.0.aar (androidx.datastore:datastore-preferences:1.0.0) with ExtractAarTransform
Transforming datastore-preferences-1.0.0.aar (androidx.datastore:datastore-preferences:1.0.0) with AarResourcesCompilerTransform
Transforming sqlite-framework-2.4.0.aar (androidx.sqlite:sqlite-framework:2.4.0) with JetifyTransform
Transforming sqlite-framework-2.4.0.aar (androidx.sqlite:sqlite-framework:2.4.0) with ExtractAarTransform
Transforming sqlite-framework-2.4.0.aar (androidx.sqlite:sqlite-framework:2.4.0) with AarResourcesCompilerTransform
Transforming sqlite-2.4.0.aar (androidx.sqlite:sqlite:2.4.0) with JetifyTransform
Transforming sqlite-2.4.0.aar (androidx.sqlite:sqlite:2.4.0) with ExtractAarTransform
Transforming sqlite-2.4.0.aar (androidx.sqlite:sqlite:2.4.0) with AarResourcesCompilerTransform
Transforming datastore-1.0.0.aar (androidx.datastore:datastore:1.0.0) with JetifyTransform
Transforming datastore-1.0.0.aar (androidx.datastore:datastore:1.0.0) with ExtractAarTransform
Transforming datastore-1.0.0.aar (androidx.datastore:datastore:1.0.0) with AarResourcesCompilerTransform
Transforming annotation-experimental-1.3.0.aar (androidx.annotation:annotation-experimental:1.3.0) with JetifyTransform
Transforming annotation-experimental-1.3.0.aar (androidx.annotation:annotation-experimental:1.3.0) with ExtractAarTransform
Transforming annotation-experimental-1.3.0.aar (androidx.annotation:annotation-experimental:1.3.0) with AarResourcesCompilerTransform
Transforming runtime-saveable-release.aar (androidx.compose.runtime:runtime-saveable-android:1.5.4) with JetifyTransform
Transforming runtime-saveable-release.aar (androidx.compose.runtime:runtime-saveable-android:1.5.4) with ExtractAarTransform
Transforming runtime-saveable-release.aar (androidx.compose.runtime:runtime-saveable-android:1.5.4) with AarResourcesCompilerTransform
Transforming runtime-release.aar (androidx.compose.runtime:runtime-android:1.5.4) with JetifyTransform
Transforming runtime-release.aar (androidx.compose.runtime:runtime-android:1.5.4) with ExtractAarTransform
Transforming runtime-release.aar (androidx.compose.runtime:runtime-android:1.5.4) with AarResourcesCompilerTransform
Transforming core-runtime-2.2.0.aar (androidx.arch.core:core-runtime:2.2.0) with JetifyTransform
Transforming core-runtime-2.2.0.aar (androidx.arch.core:core-runtime:2.2.0) with ExtractAarTransform
Transforming core-runtime-2.2.0.aar (androidx.arch.core:core-runtime:2.2.0) with AarResourcesCompilerTransform
Transforming interpolator-1.0.0.aar (androidx.interpolator:interpolator:1.0.0) with JetifyTransform
Transforming interpolator-1.0.0.aar (androidx.interpolator:interpolator:1.0.0) with ExtractAarTransform
Transforming interpolator-1.0.0.aar (androidx.interpolator:interpolator:1.0.0) with AarResourcesCompilerTransform
Transforming interpolator-1.0.0.aar (androidx.interpolator:interpolator:1.0.0) with JetifyTransform
Transforming interpolator-1.0.0.aar (androidx.interpolator:interpolator:1.0.0) with ExtractAarTransform
Transforming interpolator-1.0.0.aar (androidx.interpolator:interpolator:1.0.0) with AarResourcesCompilerTransform
Transforming versionedparcelable-1.1.1.aar (androidx.versionedparcelable:versionedparcelable:1.1.1) with JetifyTransform
Transforming versionedparcelable-1.1.1.aar (androidx.versionedparcelable:versionedparcelable:1.1.1) with ExtractAarTransform
Transforming versionedparcelable-1.1.1.aar (androidx.versionedparcelable:versionedparcelable:1.1.1) with AarResourcesCompilerTransform
Transforming profileinstaller-1.3.0.aar (androidx.profileinstaller:profileinstaller:1.3.0) with JetifyTransform
Transforming profileinstaller-1.3.0.aar (androidx.profileinstaller:profileinstaller:1.3.0) with ExtractAarTransform
Transforming profileinstaller-1.3.0.aar (androidx.profileinstaller:profileinstaller:1.3.0) with AarResourcesCompilerTransform
Transforming startup-runtime-1.1.1.aar (androidx.startup:startup-runtime:1.1.1) with JetifyTransform
Transforming startup-runtime-1.1.1.aar (androidx.startup:startup-runtime:1.1.1) with ExtractAarTransform
Transforming startup-runtime-1.1.1.aar (androidx.startup:startup-runtime:1.1.1) with AarResourcesCompilerTransform
Transforming tracing-1.0.0.aar (androidx.tracing:tracing:1.0.0) with JetifyTransform
Transforming tracing-1.0.0.aar (androidx.tracing:tracing:1.0.0) with ExtractAarTransform
Transforming tracing-1.0.0.aar (androidx.tracing:tracing:1.0.0) with AarResourcesCompilerTransform
Transforming cursoradapter-1.0.0.aar (androidx.cursoradapter:cursoradapter:1.0.0) with JetifyTransform
Transforming cursoradapter-1.0.0.aar (androidx.cursoradapter:cursoradapter:1.0.0) with ExtractAarTransform
Transforming cursoradapter-1.0.0.aar (androidx.cursoradapter:cursoradapter:1.0.0) with AarResourcesCompilerTransform
Transforming documentfile-1.0.0.aar (androidx.documentfile:documentfile:1.0.0) with JetifyTransform
Transforming documentfile-1.0.0.aar (androidx.documentfile:documentfile:1.0.0) with ExtractAarTransform
Transforming documentfile-1.0.0.aar (androidx.documentfile:documentfile:1.0.0) with AarResourcesCompilerTransform
Transforming localbroadcastmanager-1.0.0.aar (androidx.localbroadcastmanager:localbroadcastmanager:1.0.0) with JetifyTransform
Transforming localbroadcastmanager-1.0.0.aar (androidx.localbroadcastmanager:localbroadcastmanager:1.0.0) with ExtractAarTransform
Transforming localbroadcastmanager-1.0.0.aar (androidx.localbroadcastmanager:localbroadcastmanager:1.0.0) with AarResourcesCompilerTransform
Transforming print-1.0.0.aar (androidx.print:print:1.0.0) with JetifyTransform
Transforming print-1.0.0.aar (androidx.print:print:1.0.0) with ExtractAarTransform
Transforming print-1.0.0.aar (androidx.print:print:1.0.0) with AarResourcesCompilerTransform
Transforming play-services-auth-20.7.0.aar (com.google.android.gms:play-services-auth:20.7.0) with JetifyTransform
Transforming play-services-auth-20.7.0.aar (com.google.android.gms:play-services-auth:20.7.0) with ExtractAarTransform
Transforming play-services-auth-20.7.0.aar (com.google.android.gms:play-services-auth:20.7.0) with LibrarySymbolTableTransform
Transforming play-services-auth-api-phone-18.0.1.aar (com.google.android.gms:play-services-auth-api-phone:18.0.1) with JetifyTransform
Transforming play-services-auth-api-phone-18.0.1.aar (com.google.android.gms:play-services-auth-api-phone:18.0.1) with ExtractAarTransform
Transforming play-services-auth-api-phone-18.0.1.aar (com.google.android.gms:play-services-auth-api-phone:18.0.1) with LibrarySymbolTableTransform
Transforming play-services-auth-base-18.0.4.aar (com.google.android.gms:play-services-auth-base:18.0.4) with JetifyTransform
Transforming play-services-auth-base-18.0.4.aar (com.google.android.gms:play-services-auth-base:18.0.4) with ExtractAarTransform
Transforming play-services-auth-base-18.0.4.aar (com.google.android.gms:play-services-auth-base:18.0.4) with LibrarySymbolTableTransform
Transforming play-services-fido-20.0.1.aar (com.google.android.gms:play-services-fido:20.0.1) with JetifyTransform
Transforming play-services-fido-20.0.1.aar (com.google.android.gms:play-services-fido:20.0.1) with ExtractAarTransform
Transforming play-services-fido-20.0.1.aar (com.google.android.gms:play-services-fido:20.0.1) with LibrarySymbolTableTransform
Transforming play-services-base-18.0.1.aar (com.google.android.gms:play-services-base:18.0.1) with JetifyTransform
Transforming play-services-base-18.0.1.aar (com.google.android.gms:play-services-base:18.0.1) with ExtractAarTransform
Transforming play-services-base-18.0.1.aar (com.google.android.gms:play-services-base:18.0.1) with LibrarySymbolTableTransform
Transforming play-services-tasks-18.0.1.aar (com.google.android.gms:play-services-tasks:18.0.1) with JetifyTransform
Transforming play-services-tasks-18.0.1.aar (com.google.android.gms:play-services-tasks:18.0.1) with ExtractAarTransform
Transforming play-services-tasks-18.0.1.aar (com.google.android.gms:play-services-tasks:18.0.1) with LibrarySymbolTableTransform
Transforming play-services-basement-18.2.0.aar (com.google.android.gms:play-services-basement:18.2.0) with JetifyTransform
Transforming play-services-basement-18.2.0.aar (com.google.android.gms:play-services-basement:18.2.0) with ExtractAarTransform
Transforming play-services-basement-18.2.0.aar (com.google.android.gms:play-services-basement:18.2.0) with LibrarySymbolTableTransform
Transforming fragment-1.0.0.aar (androidx.fragment:fragment:1.0.0) with JetifyTransform
Transforming fragment-1.0.0.aar (androidx.fragment:fragment:1.0.0) with ExtractAarTransform
Transforming fragment-1.0.0.aar (androidx.fragment:fragment:1.0.0) with LibrarySymbolTableTransform
Transforming legacy-support-core-ui-1.0.0.aar (androidx.legacy:legacy-support-core-ui:1.0.0) with JetifyTransform
Transforming legacy-support-core-ui-1.0.0.aar (androidx.legacy:legacy-support-core-ui:1.0.0) with ExtractAarTransform
Transforming legacy-support-core-ui-1.0.0.aar (androidx.legacy:legacy-support-core-ui:1.0.0) with LibrarySymbolTableTransform
Transforming legacy-support-core-utils-1.0.0.aar (androidx.legacy:legacy-support-core-utils:1.0.0) with JetifyTransform
Transforming legacy-support-core-utils-1.0.0.aar (androidx.legacy:legacy-support-core-utils:1.0.0) with ExtractAarTransform
Transforming legacy-support-core-utils-1.0.0.aar (androidx.legacy:legacy-support-core-utils:1.0.0) with LibrarySymbolTableTransform
Transforming loader-1.0.0.aar (androidx.loader:loader:1.0.0) with JetifyTransform
Transforming loader-1.0.0.aar (androidx.loader:loader:1.0.0) with ExtractAarTransform
Transforming loader-1.0.0.aar (androidx.loader:loader:1.0.0) with LibrarySymbolTableTransform
Transforming work-runtime-ktx-2.9.0.aar (androidx.work:work-runtime-ktx:2.9.0) with JetifyTransform
Transforming work-runtime-ktx-2.9.0.aar (androidx.work:work-runtime-ktx:2.9.0) with ExtractAarTransform
Transforming work-runtime-ktx-2.9.0.aar (androidx.work:work-runtime-ktx:2.9.0) with LibrarySymbolTableTransform
Transforming work-runtime-2.9.0.aar (androidx.work:work-runtime:2.9.0) with JetifyTransform
Transforming work-runtime-2.9.0.aar (androidx.work:work-runtime:2.9.0) with ExtractAarTransform
Transforming work-runtime-2.9.0.aar (androidx.work:work-runtime:2.9.0) with LibrarySymbolTableTransform
Transforming navigation-common-2.7.5.aar (androidx.navigation:navigation-common:2.7.5) with JetifyTransform
Transforming navigation-common-2.7.5.aar (androidx.navigation:navigation-common:2.7.5) with ExtractAarTransform
Transforming navigation-common-2.7.5.aar (androidx.navigation:navigation-common:2.7.5) with LibrarySymbolTableTransform
Transforming navigation-runtime-2.7.5.aar (androidx.navigation:navigation-runtime:2.7.5) with JetifyTransform
Transforming navigation-runtime-2.7.5.aar (androidx.navigation:navigation-runtime:2.7.5) with ExtractAarTransform
Transforming navigation-runtime-2.7.5.aar (androidx.navigation:navigation-runtime:2.7.5) with LibrarySymbolTableTransform
Transforming navigation-common-ktx-2.7.5.aar (androidx.navigation:navigation-common-ktx:2.7.5) with JetifyTransform
Transforming navigation-common-ktx-2.7.5.aar (androidx.navigation:navigation-common-ktx:2.7.5) with ExtractAarTransform
Transforming navigation-common-ktx-2.7.5.aar (androidx.navigation:navigation-common-ktx:2.7.5) with LibrarySymbolTableTransform
Transforming navigation-runtime-ktx-2.7.5.aar (androidx.navigation:navigation-runtime-ktx:2.7.5) with JetifyTransform
Transforming navigation-runtime-ktx-2.7.5.aar (androidx.navigation:navigation-runtime-ktx:2.7.5) with ExtractAarTransform
Transforming navigation-runtime-ktx-2.7.5.aar (androidx.navigation:navigation-runtime-ktx:2.7.5) with LibrarySymbolTableTransform
Transforming navigation-compose-2.7.5.aar (androidx.navigation:navigation-compose:2.7.5) with JetifyTransform
Transforming navigation-compose-2.7.5.aar (androidx.navigation:navigation-compose:2.7.5) with ExtractAarTransform
Transforming navigation-compose-2.7.5.aar (androidx.navigation:navigation-compose:2.7.5) with LibrarySymbolTableTransform
Transforming material3-1.1.2.aar (androidx.compose.material3:material3:1.1.2) with JetifyTransform
Transforming material3-1.1.2.aar (androidx.compose.material3:material3:1.1.2) with ExtractAarTransform
Transforming material3-1.1.2.aar (androidx.compose.material3:material3:1.1.2) with LibrarySymbolTableTransform
Transforming activity-1.8.1.aar (androidx.activity:activity:1.8.1) with JetifyTransform
Transforming activity-1.8.1.aar (androidx.activity:activity:1.8.1) with ExtractAarTransform
Transforming activity-1.8.1.aar (androidx.activity:activity:1.8.1) with LibrarySymbolTableTransform
Transforming activity-ktx-1.8.1.aar (androidx.activity:activity-ktx:1.8.1) with JetifyTransform
Transforming activity-ktx-1.8.1.aar (androidx.activity:activity-ktx:1.8.1) with ExtractAarTransform
Transforming activity-ktx-1.8.1.aar (androidx.activity:activity-ktx:1.8.1) with LibrarySymbolTableTransform
Transforming material-ripple-release.aar (androidx.compose.material:material-ripple-android:1.5.4) with JetifyTransform
Transforming material-ripple-release.aar (androidx.compose.material:material-ripple-android:1.5.4) with ExtractAarTransform
Transforming material-ripple-release.aar (androidx.compose.material:material-ripple-android:1.5.4) with LibrarySymbolTableTransform
Transforming material-icons-core-release.aar (androidx.compose.material:material-icons-core-android:1.5.4) with JetifyTransform
Transforming material-icons-core-release.aar (androidx.compose.material:material-icons-core-android:1.5.4) with ExtractAarTransform
Transforming material-icons-core-release.aar (androidx.compose.material:material-icons-core-android:1.5.4) with LibrarySymbolTableTransform
Transforming material-icons-extended-release.aar (androidx.compose.material:material-icons-extended-android:1.5.4) with JetifyTransform
Transforming material-icons-extended-release.aar (androidx.compose.material:material-icons-extended-android:1.5.4) with ExtractAarTransform
Transforming material-icons-extended-release.aar (androidx.compose.material:material-icons-extended-android:1.5.4) with LibrarySymbolTableTransform
Transforming material-release.aar (androidx.compose.material:material-android:1.5.4) with JetifyTransform
Transforming material-release.aar (androidx.compose.material:material-android:1.5.4) with ExtractAarTransform
Transforming material-release.aar (androidx.compose.material:material-android:1.5.4) with LibrarySymbolTableTransform
Transforming animation-core-release.aar (androidx.compose.animation:animation-core-android:1.5.4) with JetifyTransform
Transforming animation-core-release.aar (androidx.compose.animation:animation-core-android:1.5.4) with ExtractAarTransform
Transforming animation-core-release.aar (androidx.compose.animation:animation-core-android:1.5.4) with LibrarySymbolTableTransform
Transforming animation-release.aar (androidx.compose.animation:animation-android:1.5.4) with JetifyTransform
Transforming animation-release.aar (androidx.compose.animation:animation-android:1.5.4) with ExtractAarTransform
Transforming animation-release.aar (androidx.compose.animation:animation-android:1.5.4) with LibrarySymbolTableTransform
Transforming foundation-layout-release.aar (androidx.compose.foundation:foundation-layout-android:1.5.4) with JetifyTransform
Transforming foundation-layout-release.aar (androidx.compose.foundation:foundation-layout-android:1.5.4) with ExtractAarTransform
Transforming foundation-layout-release.aar (androidx.compose.foundation:foundation-layout-android:1.5.4) with LibrarySymbolTableTransform
Transforming foundation-release.aar (androidx.compose.foundation:foundation-android:1.5.4) with JetifyTransform
Transforming foundation-release.aar (androidx.compose.foundation:foundation-android:1.5.4) with ExtractAarTransform
Transforming foundation-release.aar (androidx.compose.foundation:foundation-android:1.5.4) with LibrarySymbolTableTransform
Transforming ui-tooling-data-release.aar (androidx.compose.ui:ui-tooling-data-android:1.5.4) with JetifyTransform
Transforming ui-tooling-data-release.aar (androidx.compose.ui:ui-tooling-data-android:1.5.4) with ExtractAarTransform
Transforming ui-tooling-data-release.aar (androidx.compose.ui:ui-tooling-data-android:1.5.4) with LibrarySymbolTableTransform
Transforming ui-unit-release.aar (androidx.compose.ui:ui-unit-android:1.5.4) with JetifyTransform
Transforming ui-unit-release.aar (androidx.compose.ui:ui-unit-android:1.5.4) with ExtractAarTransform
Transforming ui-unit-release.aar (androidx.compose.ui:ui-unit-android:1.5.4) with LibrarySymbolTableTransform
Transforming ui-geometry-release.aar (androidx.compose.ui:ui-geometry-android:1.5.4) with JetifyTransform
Transforming ui-geometry-release.aar (androidx.compose.ui:ui-geometry-android:1.5.4) with ExtractAarTransform
Transforming ui-geometry-release.aar (androidx.compose.ui:ui-geometry-android:1.5.4) with LibrarySymbolTableTransform
Transforming ui-util-release.aar (androidx.compose.ui:ui-util-android:1.5.4) with JetifyTransform
Transforming ui-util-release.aar (androidx.compose.ui:ui-util-android:1.5.4) with ExtractAarTransform
Transforming ui-util-release.aar (androidx.compose.ui:ui-util-android:1.5.4) with LibrarySymbolTableTransform
Transforming ui-text-release.aar (androidx.compose.ui:ui-text-android:1.5.4) with JetifyTransform
Transforming ui-text-release.aar (androidx.compose.ui:ui-text-android:1.5.4) with ExtractAarTransform
Transforming ui-text-release.aar (androidx.compose.ui:ui-text-android:1.5.4) with LibrarySymbolTableTransform
Transforming ui-tooling-preview-release.aar (androidx.compose.ui:ui-tooling-preview-android:1.5.4) with JetifyTransform
Transforming ui-tooling-preview-release.aar (androidx.compose.ui:ui-tooling-preview-android:1.5.4) with ExtractAarTransform
Transforming ui-tooling-preview-release.aar (androidx.compose.ui:ui-tooling-preview-android:1.5.4) with LibrarySymbolTableTransform
Transforming ui-graphics-release.aar (androidx.compose.ui:ui-graphics-android:1.5.4) with JetifyTransform
Transforming ui-graphics-release.aar (androidx.compose.ui:ui-graphics-android:1.5.4) with ExtractAarTransform
Transforming ui-graphics-release.aar (androidx.compose.ui:ui-graphics-android:1.5.4) with LibrarySymbolTableTransform
Transforming ui-test-manifest-1.5.4.aar (androidx.compose.ui:ui-test-manifest:1.5.4) with JetifyTransform
Transforming ui-test-manifest-1.5.4.aar (androidx.compose.ui:ui-test-manifest:1.5.4) with ExtractAarTransform
Transforming ui-test-manifest-1.5.4.aar (androidx.compose.ui:ui-test-manifest:1.5.4) with LibrarySymbolTableTransform
Transforming ui-tooling-release.aar (androidx.compose.ui:ui-tooling-android:1.5.4) with JetifyTransform
Transforming ui-tooling-release.aar (androidx.compose.ui:ui-tooling-android:1.5.4) with ExtractAarTransform
Transforming ui-tooling-release.aar (androidx.compose.ui:ui-tooling-android:1.5.4) with LibrarySymbolTableTransform
Transforming activity-compose-1.8.1.aar (androidx.activity:activity-compose:1.8.1) with JetifyTransform
Transforming activity-compose-1.8.1.aar (androidx.activity:activity-compose:1.8.1) with ExtractAarTransform
Transforming activity-compose-1.8.1.aar (androidx.activity:activity-compose:1.8.1) with LibrarySymbolTableTransform
Transforming emoji2-1.4.0.aar (androidx.emoji2:emoji2:1.4.0) with JetifyTransform
Transforming emoji2-1.4.0.aar (androidx.emoji2:emoji2:1.4.0) with ExtractAarTransform
Transforming emoji2-1.4.0.aar (androidx.emoji2:emoji2:1.4.0) with LibrarySymbolTableTransform
Transforming lifecycle-process-2.6.2.aar (androidx.lifecycle:lifecycle-process:2.6.2) with JetifyTransform
Transforming lifecycle-process-2.6.2.aar (androidx.lifecycle:lifecycle-process:2.6.2) with ExtractAarTransform
Transforming lifecycle-process-2.6.2.aar (androidx.lifecycle:lifecycle-process:2.6.2) with LibrarySymbolTableTransform
Transforming lifecycle-service-2.6.2.aar (androidx.lifecycle:lifecycle-service:2.6.2) with JetifyTransform
Transforming lifecycle-service-2.6.2.aar (androidx.lifecycle:lifecycle-service:2.6.2) with ExtractAarTransform
Transforming lifecycle-service-2.6.2.aar (androidx.lifecycle:lifecycle-service:2.6.2) with LibrarySymbolTableTransform
Transforming lifecycle-livedata-2.6.2.aar (androidx.lifecycle:lifecycle-livedata:2.6.2) with JetifyTransform
Transforming lifecycle-livedata-2.6.2.aar (androidx.lifecycle:lifecycle-livedata:2.6.2) with ExtractAarTransform
Transforming lifecycle-livedata-2.6.2.aar (androidx.lifecycle:lifecycle-livedata:2.6.2) with LibrarySymbolTableTransform
Transforming lifecycle-livedata-2.6.2.aar (androidx.lifecycle:lifecycle-livedata:2.6.2) with JetifyTransform
Transforming lifecycle-livedata-2.6.2.aar (androidx.lifecycle:lifecycle-livedata:2.6.2) with ExtractAarTransform
Transforming lifecycle-livedata-2.6.2.aar (androidx.lifecycle:lifecycle-livedata:2.6.2) with LibrarySymbolTableTransform
Transforming lifecycle-livedata-core-2.6.2.aar (androidx.lifecycle:lifecycle-livedata-core:2.6.2) with JetifyTransform
Transforming lifecycle-livedata-core-2.6.2.aar (androidx.lifecycle:lifecycle-livedata-core:2.6.2) with ExtractAarTransform
Transforming lifecycle-livedata-core-2.6.2.aar (androidx.lifecycle:lifecycle-livedata-core:2.6.2) with LibrarySymbolTableTransform
Transforming savedstate-ktx-1.2.1.aar (androidx.savedstate:savedstate-ktx:1.2.1) with JetifyTransform
Transforming savedstate-ktx-1.2.1.aar (androidx.savedstate:savedstate-ktx:1.2.1) with ExtractAarTransform
Transforming savedstate-ktx-1.2.1.aar (androidx.savedstate:savedstate-ktx:1.2.1) with LibrarySymbolTableTransform
Transforming savedstate-1.2.1.aar (androidx.savedstate:savedstate:1.2.1) with JetifyTransform
Transforming savedstate-1.2.1.aar (androidx.savedstate:savedstate:1.2.1) with ExtractAarTransform
Transforming savedstate-1.2.1.aar (androidx.savedstate:savedstate:1.2.1) with LibrarySymbolTableTransform
Transforming lifecycle-viewmodel-savedstate-2.6.2.aar (androidx.lifecycle:lifecycle-viewmodel-savedstate:2.6.2) with JetifyTransform
Transforming lifecycle-viewmodel-savedstate-2.6.2.aar (androidx.lifecycle:lifecycle-viewmodel-savedstate:2.6.2) with ExtractAarTransform
Transforming lifecycle-viewmodel-savedstate-2.6.2.aar (androidx.lifecycle:lifecycle-viewmodel-savedstate:2.6.2) with LibrarySymbolTableTransform
Transforming lifecycle-viewmodel-ktx-2.6.2.aar (androidx.lifecycle:lifecycle-viewmodel-ktx:2.6.2) with JetifyTransform
Transforming lifecycle-viewmodel-ktx-2.6.2.aar (androidx.lifecycle:lifecycle-viewmodel-ktx:2.6.2) with ExtractAarTransform
Transforming lifecycle-viewmodel-ktx-2.6.2.aar (androidx.lifecycle:lifecycle-viewmodel-ktx:2.6.2) with LibrarySymbolTableTransform
Transforming lifecycle-viewmodel-2.6.2.aar (androidx.lifecycle:lifecycle-viewmodel:2.6.2) with JetifyTransform
Transforming lifecycle-viewmodel-2.6.2.aar (androidx.lifecycle:lifecycle-viewmodel:2.6.2) with ExtractAarTransform
Transforming lifecycle-viewmodel-2.6.2.aar (androidx.lifecycle:lifecycle-viewmodel:2.6.2) with LibrarySymbolTableTransform
Transforming lifecycle-viewmodel-2.6.2.aar (androidx.lifecycle:lifecycle-viewmodel:2.6.2) with JetifyTransform
Transforming lifecycle-viewmodel-2.6.2.aar (androidx.lifecycle:lifecycle-viewmodel:2.6.2) with ExtractAarTransform
Transforming lifecycle-viewmodel-2.6.2.aar (androidx.lifecycle:lifecycle-viewmodel:2.6.2) with LibrarySymbolTableTransform
Transforming lifecycle-runtime-2.6.2.aar (androidx.lifecycle:lifecycle-runtime:2.6.2) with JetifyTransform
Transforming lifecycle-runtime-2.6.2.aar (androidx.lifecycle:lifecycle-runtime:2.6.2) with ExtractAarTransform
Transforming lifecycle-runtime-2.6.2.aar (androidx.lifecycle:lifecycle-runtime:2.6.2) with LibrarySymbolTableTransform
Transforming lifecycle-runtime-ktx-2.6.2.aar (androidx.lifecycle:lifecycle-runtime-ktx:2.6.2) with JetifyTransform
Transforming lifecycle-runtime-ktx-2.6.2.aar (androidx.lifecycle:lifecycle-runtime-ktx:2.6.2) with ExtractAarTransform
Transforming lifecycle-runtime-ktx-2.6.2.aar (androidx.lifecycle:lifecycle-runtime-ktx:2.6.2) with LibrarySymbolTableTransform
Transforming lifecycle-viewmodel-compose-2.6.2.aar (androidx.lifecycle:lifecycle-viewmodel-compose:2.6.2) with JetifyTransform
Transforming lifecycle-viewmodel-compose-2.6.2.aar (androidx.lifecycle:lifecycle-viewmodel-compose:2.6.2) with ExtractAarTransform
Transforming lifecycle-viewmodel-compose-2.6.2.aar (androidx.lifecycle:lifecycle-viewmodel-compose:2.6.2) with LibrarySymbolTableTransform
Transforming ui-release.aar (androidx.compose.ui:ui-android:1.5.4) with JetifyTransform
Transforming ui-release.aar (androidx.compose.ui:ui-android:1.5.4) with ExtractAarTransform
Transforming ui-release.aar (androidx.compose.ui:ui-android:1.5.4) with LibrarySymbolTableTransform
Transforming autofill-1.0.0.aar (androidx.autofill:autofill:1.0.0) with JetifyTransform
Transforming autofill-1.0.0.aar (androidx.autofill:autofill:1.0.0) with ExtractAarTransform
Transforming autofill-1.0.0.aar (androidx.autofill:autofill:1.0.0) with LibrarySymbolTableTransform
Transforming viewpager-1.0.0.aar (androidx.viewpager:viewpager:1.0.0) with JetifyTransform
Transforming viewpager-1.0.0.aar (androidx.viewpager:viewpager:1.0.0) with ExtractAarTransform
Transforming viewpager-1.0.0.aar (androidx.viewpager:viewpager:1.0.0) with LibrarySymbolTableTransform
Transforming coordinatorlayout-1.0.0.aar (androidx.coordinatorlayout:coordinatorlayout:1.0.0) with JetifyTransform
Transforming coordinatorlayout-1.0.0.aar (androidx.coordinatorlayout:coordinatorlayout:1.0.0) with ExtractAarTransform
Transforming coordinatorlayout-1.0.0.aar (androidx.coordinatorlayout:coordinatorlayout:1.0.0) with LibrarySymbolTableTransform
Transforming drawerlayout-1.0.0.aar (androidx.drawerlayout:drawerlayout:1.0.0) with JetifyTransform
Transforming drawerlayout-1.0.0.aar (androidx.drawerlayout:drawerlayout:1.0.0) with ExtractAarTransform
Transforming drawerlayout-1.0.0.aar (androidx.drawerlayout:drawerlayout:1.0.0) with LibrarySymbolTableTransform
Transforming slidingpanelayout-1.0.0.aar (androidx.slidingpanelayout:slidingpanelayout:1.0.0) with JetifyTransform
Transforming slidingpanelayout-1.0.0.aar (androidx.slidingpanelayout:slidingpanelayout:1.0.0) with ExtractAarTransform
Transforming slidingpanelayout-1.0.0.aar (androidx.slidingpanelayout:slidingpanelayout:1.0.0) with LibrarySymbolTableTransform
Transforming customview-1.0.0.aar (androidx.customview:customview:1.0.0) with JetifyTransform
Transforming customview-1.0.0.aar (androidx.customview:customview:1.0.0) with ExtractAarTransform
Transforming customview-1.0.0.aar (androidx.customview:customview:1.0.0) with LibrarySymbolTableTransform
Transforming swiperefreshlayout-1.0.0.aar (androidx.swiperefreshlayout:swiperefreshlayout:1.0.0) with JetifyTransform
Transforming swiperefreshlayout-1.0.0.aar (androidx.swiperefreshlayout:swiperefreshlayout:1.0.0) with ExtractAarTransform
Transforming swiperefreshlayout-1.0.0.aar (androidx.swiperefreshlayout:swiperefreshlayout:1.0.0) with LibrarySymbolTableTransform
Transforming asynclayoutinflater-1.0.0.aar (androidx.asynclayoutinflater:asynclayoutinflater:1.0.0) with JetifyTransform
Transforming asynclayoutinflater-1.0.0.aar (androidx.asynclayoutinflater:asynclayoutinflater:1.0.0) with ExtractAarTransform
Transforming asynclayoutinflater-1.0.0.aar (androidx.asynclayoutinflater:asynclayoutinflater:1.0.0) with LibrarySymbolTableTransform
Transforming core-1.12.0.aar (androidx.core:core:1.12.0) with JetifyTransform
Transforming core-1.12.0.aar (androidx.core:core:1.12.0) with ExtractAarTransform
Transforming core-1.12.0.aar (androidx.core:core:1.12.0) with LibrarySymbolTableTransform
Transforming core-1.12.0.aar (androidx.core:core:1.12.0) with JetifyTransform
Transforming core-1.12.0.aar (androidx.core:core:1.12.0) with ExtractAarTransform
Transforming core-1.12.0.aar (androidx.core:core:1.12.0) with LibrarySymbolTableTransform
Transforming customview-poolingcontainer-1.0.0.aar (androidx.customview:customview-poolingcontainer:1.0.0) with JetifyTransform
Transforming customview-poolingcontainer-1.0.0.aar (androidx.customview:customview-poolingcontainer:1.0.0) with ExtractAarTransform
Transforming customview-poolingcontainer-1.0.0.aar (androidx.customview:customview-poolingcontainer:1.0.0) with LibrarySymbolTableTransform
Transforming core-ktx-1.12.0.aar (androidx.core:core-ktx:1.12.0) with JetifyTransform
Transforming core-ktx-1.12.0.aar (androidx.core:core-ktx:1.12.0) with ExtractAarTransform
Transforming core-ktx-1.12.0.aar (androidx.core:core-ktx:1.12.0) with LibrarySymbolTableTransform
Transforming room-runtime-2.6.1.aar (androidx.room:room-runtime:2.6.1) with JetifyTransform
Transforming room-runtime-2.6.1.aar (androidx.room:room-runtime:2.6.1) with ExtractAarTransform
Transforming room-runtime-2.6.1.aar (androidx.room:room-runtime:2.6.1) with LibrarySymbolTableTransform
Transforming room-ktx-2.6.1.aar (androidx.room:room-ktx:2.6.1) with JetifyTransform
Transforming room-ktx-2.6.1.aar (androidx.room:room-ktx:2.6.1) with ExtractAarTransform
Transforming room-ktx-2.6.1.aar (androidx.room:room-ktx:2.6.1) with LibrarySymbolTableTransform
Transforming datastore-preferences-1.0.0.aar (androidx.datastore:datastore-preferences:1.0.0) with JetifyTransform
Transforming datastore-preferences-1.0.0.aar (androidx.datastore:datastore-preferences:1.0.0) with ExtractAarTransform
Transforming datastore-preferences-1.0.0.aar (androidx.datastore:datastore-preferences:1.0.0) with LibrarySymbolTableTransform
Transforming sqlite-framework-2.4.0.aar (androidx.sqlite:sqlite-framework:2.4.0) with JetifyTransform
Transforming sqlite-framework-2.4.0.aar (androidx.sqlite:sqlite-framework:2.4.0) with ExtractAarTransform
Transforming sqlite-framework-2.4.0.aar (androidx.sqlite:sqlite-framework:2.4.0) with LibrarySymbolTableTransform
Transforming sqlite-2.4.0.aar (androidx.sqlite:sqlite:2.4.0) with JetifyTransform
Transforming sqlite-2.4.0.aar (androidx.sqlite:sqlite:2.4.0) with ExtractAarTransform
Transforming sqlite-2.4.0.aar (androidx.sqlite:sqlite:2.4.0) with LibrarySymbolTableTransform
Transforming datastore-1.0.0.aar (androidx.datastore:datastore:1.0.0) with JetifyTransform
Transforming datastore-1.0.0.aar (androidx.datastore:datastore:1.0.0) with ExtractAarTransform
Transforming datastore-1.0.0.aar (androidx.datastore:datastore:1.0.0) with LibrarySymbolTableTransform
Transforming annotation-experimental-1.3.0.aar (androidx.annotation:annotation-experimental:1.3.0) with JetifyTransform
Transforming annotation-experimental-1.3.0.aar (androidx.annotation:annotation-experimental:1.3.0) with ExtractAarTransform
Transforming annotation-experimental-1.3.0.aar (androidx.annotation:annotation-experimental:1.3.0) with LibrarySymbolTableTransform
Transforming runtime-saveable-release.aar (androidx.compose.runtime:runtime-saveable-android:1.5.4) with JetifyTransform
Transforming runtime-saveable-release.aar (androidx.compose.runtime:runtime-saveable-android:1.5.4) with ExtractAarTransform
Transforming runtime-saveable-release.aar (androidx.compose.runtime:runtime-saveable-android:1.5.4) with LibrarySymbolTableTransform
Transforming runtime-release.aar (androidx.compose.runtime:runtime-android:1.5.4) with JetifyTransform
Transforming runtime-release.aar (androidx.compose.runtime:runtime-android:1.5.4) with ExtractAarTransform
Transforming runtime-release.aar (androidx.compose.runtime:runtime-android:1.5.4) with LibrarySymbolTableTransform
Transforming core-runtime-2.2.0.aar (androidx.arch.core:core-runtime:2.2.0) with JetifyTransform
Transforming core-runtime-2.2.0.aar (androidx.arch.core:core-runtime:2.2.0) with ExtractAarTransform
Transforming core-runtime-2.2.0.aar (androidx.arch.core:core-runtime:2.2.0) with LibrarySymbolTableTransform
Transforming interpolator-1.0.0.aar (androidx.interpolator:interpolator:1.0.0) with JetifyTransform
Transforming interpolator-1.0.0.aar (androidx.interpolator:interpolator:1.0.0) with ExtractAarTransform
Transforming interpolator-1.0.0.aar (androidx.interpolator:interpolator:1.0.0) with LibrarySymbolTableTransform
Transforming interpolator-1.0.0.aar (androidx.interpolator:interpolator:1.0.0) with JetifyTransform
Transforming interpolator-1.0.0.aar (androidx.interpolator:interpolator:1.0.0) with ExtractAarTransform
Transforming interpolator-1.0.0.aar (androidx.interpolator:interpolator:1.0.0) with LibrarySymbolTableTransform
Transforming versionedparcelable-1.1.1.aar (androidx.versionedparcelable:versionedparcelable:1.1.1) with JetifyTransform
Transforming versionedparcelable-1.1.1.aar (androidx.versionedparcelable:versionedparcelable:1.1.1) with ExtractAarTransform
Transforming versionedparcelable-1.1.1.aar (androidx.versionedparcelable:versionedparcelable:1.1.1) with LibrarySymbolTableTransform
Transforming profileinstaller-1.3.0.aar (androidx.profileinstaller:profileinstaller:1.3.0) with JetifyTransform
Transforming profileinstaller-1.3.0.aar (androidx.profileinstaller:profileinstaller:1.3.0) with ExtractAarTransform
Transforming profileinstaller-1.3.0.aar (androidx.profileinstaller:profileinstaller:1.3.0) with LibrarySymbolTableTransform
Transforming startup-runtime-1.1.1.aar (androidx.startup:startup-runtime:1.1.1) with JetifyTransform
Transforming startup-runtime-1.1.1.aar (androidx.startup:startup-runtime:1.1.1) with ExtractAarTransform
Transforming startup-runtime-1.1.1.aar (androidx.startup:startup-runtime:1.1.1) with LibrarySymbolTableTransform
Transforming tracing-1.0.0.aar (androidx.tracing:tracing:1.0.0) with JetifyTransform
Transforming tracing-1.0.0.aar (androidx.tracing:tracing:1.0.0) with ExtractAarTransform
Transforming tracing-1.0.0.aar (androidx.tracing:tracing:1.0.0) with LibrarySymbolTableTransform
Transforming cursoradapter-1.0.0.aar (androidx.cursoradapter:cursoradapter:1.0.0) with JetifyTransform
Transforming cursoradapter-1.0.0.aar (androidx.cursoradapter:cursoradapter:1.0.0) with ExtractAarTransform
Transforming cursoradapter-1.0.0.aar (androidx.cursoradapter:cursoradapter:1.0.0) with LibrarySymbolTableTransform
Transforming documentfile-1.0.0.aar (androidx.documentfile:documentfile:1.0.0) with JetifyTransform
Transforming documentfile-1.0.0.aar (androidx.documentfile:documentfile:1.0.0) with ExtractAarTransform
Transforming documentfile-1.0.0.aar (androidx.documentfile:documentfile:1.0.0) with LibrarySymbolTableTransform
Transforming localbroadcastmanager-1.0.0.aar (androidx.localbroadcastmanager:localbroadcastmanager:1.0.0) with JetifyTransform
Transforming localbroadcastmanager-1.0.0.aar (androidx.localbroadcastmanager:localbroadcastmanager:1.0.0) with ExtractAarTransform
Transforming localbroadcastmanager-1.0.0.aar (androidx.localbroadcastmanager:localbroadcastmanager:1.0.0) with LibrarySymbolTableTransform
Transforming print-1.0.0.aar (androidx.print:print:1.0.0) with JetifyTransform
Transforming print-1.0.0.aar (androidx.print:print:1.0.0) with ExtractAarTransform
Transforming print-1.0.0.aar (androidx.print:print:1.0.0) with LibrarySymbolTableTransform
Caching disabled for task ':app:processDebugResources' because:
  Build cache is disabled
Skipping task ':app:processDebugResources' as it is up-to-date.
Resolve mutations for :app:kaptGenerateStubsDebugKotlin (Thread[Execution worker Thread 7,5,main]) started.
:app:kaptGenerateStubsDebugKotlin (Thread[Execution worker Thread 7,5,main]) started.

> Task :app:kaptGenerateStubsDebugKotlin UP-TO-DATE
Transforming guava-31.1-jre.jar (com.google.guava:guava:31.1-jre) with JetifyTransform
Transforming failureaccess-1.0.1.jar (com.google.guava:failureaccess:1.0.1) with JetifyTransform
Transforming listenablefuture-9999.0-empty-to-avoid-conflict-with-guava.jar (com.google.guava:listenablefuture:9999.0-empty-to-avoid-conflict-with-guava) with JetifyTransform
Transforming room-migration-2.6.1.jar (androidx.room:room-migration:2.6.1) with JetifyTransform
Transforming commons-codec-1.15.jar (commons-codec:commons-codec:1.15) with JetifyTransform
Transforming jsr305-3.0.2.jar (com.google.code.findbugs:jsr305:3.0.2) with JetifyTransform
Transforming checker-qual-3.12.0.jar (org.checkerframework:checker-qual:3.12.0) with JetifyTransform
Transforming annotations-12.0.jar (com.intellij:annotations:12.0) with JetifyTransform
Transforming error_prone_annotations-2.11.0.jar (com.google.errorprone:error_prone_annotations:2.11.0) with JetifyTransform
Transforming j2objc-annotations-1.3.jar (com.google.j2objc:j2objc-annotations:1.3) with JetifyTransform
Transforming auto-common-0.11.jar (com.google.auto:auto-common:0.11) with JetifyTransform
Transforming annotations-13.0.jar (org.jetbrains:annotations:13.0) with JetifyTransform
Transforming kotlin-reflect-1.8.21.jar (org.jetbrains.kotlin:kotlin-reflect:1.8.21) with JetifyTransform
Transforming javapoet-1.13.0.jar (com.squareup:javapoet:1.13.0) with JetifyTransform
Transforming sqlite-jdbc-3.41.2.2.jar (org.xerial:sqlite-jdbc:3.41.2.2) with JetifyTransform
Transforming kotlin-stdlib-jdk8-1.8.22.jar (org.jetbrains.kotlin:kotlin-stdlib-jdk8:1.8.22) with JetifyTransform
Transforming auto-value-annotations-1.6.3.jar (com.google.auto.value:auto-value-annotations:1.6.3) with JetifyTransform
Transforming room-compiler-2.6.1.jar (androidx.room:room-compiler:2.6.1) with JetifyTransform
Transforming kotlin-stdlib-jdk7-1.8.22.jar (org.jetbrains.kotlin:kotlin-stdlib-jdk7:1.8.22) with JetifyTransform
Transforming room-common-2.6.1.jar (androidx.room:room-common:2.6.1) with JetifyTransform
Transforming symbol-processing-api-1.9.0-1.0.13.jar (com.google.devtools.ksp:symbol-processing-api:1.9.0-1.0.13) with JetifyTransform
Transforming kotlinpoet-1.14.2.jar (com.squareup:kotlinpoet:1.14.2) with JetifyTransform
Transforming gson-2.9.0.jar (com.google.code.gson:gson:2.9.0) with JetifyTransform
Transforming kotlinpoet-javapoet-1.14.2.jar (com.squareup:kotlinpoet-javapoet:1.14.2) with JetifyTransform
Transforming kotlin-stdlib-common-1.9.0.jar (org.jetbrains.kotlin:kotlin-stdlib-common:1.9.0) with JetifyTransform
Transforming room-compiler-processing-2.6.1.jar (androidx.room:room-compiler-processing:2.6.1) with JetifyTransform
Transforming kotlin-stdlib-1.9.0.jar (org.jetbrains.kotlin:kotlin-stdlib:1.9.0) with JetifyTransform
Transforming annotation-1.3.0.jar (androidx.annotation:annotation:1.3.0) with JetifyTransform
Transforming navigation-common-2.7.5.aar (androidx.navigation:navigation-common:2.7.5) with JetifyTransform
Transforming navigation-common-2.7.5.aar (androidx.navigation:navigation-common:2.7.5) with AarToClassTransform
Transforming navigation-runtime-2.7.5.aar (androidx.navigation:navigation-runtime:2.7.5) with JetifyTransform
Transforming navigation-runtime-2.7.5.aar (androidx.navigation:navigation-runtime:2.7.5) with AarToClassTransform
Transforming navigation-common-ktx-2.7.5.aar (androidx.navigation:navigation-common-ktx:2.7.5) with JetifyTransform
Transforming navigation-common-ktx-2.7.5.aar (androidx.navigation:navigation-common-ktx:2.7.5) with AarToClassTransform
Transforming navigation-runtime-ktx-2.7.5.aar (androidx.navigation:navigation-runtime-ktx:2.7.5) with JetifyTransform
Transforming navigation-runtime-ktx-2.7.5.aar (androidx.navigation:navigation-runtime-ktx:2.7.5) with AarToClassTransform
Transforming navigation-compose-2.7.5.aar (androidx.navigation:navigation-compose:2.7.5) with JetifyTransform
Transforming navigation-compose-2.7.5.aar (androidx.navigation:navigation-compose:2.7.5) with AarToClassTransform
Transforming material3-1.1.2.aar (androidx.compose.material3:material3:1.1.2) with JetifyTransform
Transforming material3-1.1.2.aar (androidx.compose.material3:material3:1.1.2) with AarToClassTransform
Transforming play-services-auth-20.7.0.aar (com.google.android.gms:play-services-auth:20.7.0) with JetifyTransform
Transforming play-services-auth-20.7.0.aar (com.google.android.gms:play-services-auth:20.7.0) with AarToClassTransform
Transforming play-services-auth-api-phone-18.0.1.aar (com.google.android.gms:play-services-auth-api-phone:18.0.1) with JetifyTransform
Transforming play-services-auth-api-phone-18.0.1.aar (com.google.android.gms:play-services-auth-api-phone:18.0.1) with AarToClassTransform
Transforming play-services-auth-base-18.0.4.aar (com.google.android.gms:play-services-auth-base:18.0.4) with JetifyTransform
Transforming play-services-auth-base-18.0.4.aar (com.google.android.gms:play-services-auth-base:18.0.4) with AarToClassTransform
Transforming play-services-fido-20.0.1.aar (com.google.android.gms:play-services-fido:20.0.1) with JetifyTransform
Transforming play-services-fido-20.0.1.aar (com.google.android.gms:play-services-fido:20.0.1) with AarToClassTransform
Transforming play-services-base-18.0.1.aar (com.google.android.gms:play-services-base:18.0.1) with JetifyTransform
Transforming play-services-base-18.0.1.aar (com.google.android.gms:play-services-base:18.0.1) with AarToClassTransform
Transforming play-services-tasks-18.0.1.aar (com.google.android.gms:play-services-tasks:18.0.1) with JetifyTransform
Transforming play-services-tasks-18.0.1.aar (com.google.android.gms:play-services-tasks:18.0.1) with AarToClassTransform
Transforming play-services-basement-18.2.0.aar (com.google.android.gms:play-services-basement:18.2.0) with JetifyTransform
Transforming play-services-basement-18.2.0.aar (com.google.android.gms:play-services-basement:18.2.0) with AarToClassTransform
Transforming fragment-1.0.0.aar (androidx.fragment:fragment:1.0.0) with JetifyTransform
Transforming fragment-1.0.0.aar (androidx.fragment:fragment:1.0.0) with AarToClassTransform
Transforming legacy-support-core-ui-1.0.0.aar (androidx.legacy:legacy-support-core-ui:1.0.0) with JetifyTransform
Transforming legacy-support-core-ui-1.0.0.aar (androidx.legacy:legacy-support-core-ui:1.0.0) with AarToClassTransform
Transforming legacy-support-core-utils-1.0.0.aar (androidx.legacy:legacy-support-core-utils:1.0.0) with JetifyTransform
Transforming legacy-support-core-utils-1.0.0.aar (androidx.legacy:legacy-support-core-utils:1.0.0) with AarToClassTransform
Transforming loader-1.0.0.aar (androidx.loader:loader:1.0.0) with JetifyTransform
Transforming loader-1.0.0.aar (androidx.loader:loader:1.0.0) with AarToClassTransform
Transforming viewpager-1.0.0.aar (androidx.viewpager:viewpager:1.0.0) with JetifyTransform
Transforming viewpager-1.0.0.aar (androidx.viewpager:viewpager:1.0.0) with AarToClassTransform
Transforming coordinatorlayout-1.0.0.aar (androidx.coordinatorlayout:coordinatorlayout:1.0.0) with JetifyTransform
Transforming coordinatorlayout-1.0.0.aar (androidx.coordinatorlayout:coordinatorlayout:1.0.0) with AarToClassTransform
Transforming drawerlayout-1.0.0.aar (androidx.drawerlayout:drawerlayout:1.0.0) with JetifyTransform
Transforming drawerlayout-1.0.0.aar (androidx.drawerlayout:drawerlayout:1.0.0) with AarToClassTransform
Transforming slidingpanelayout-1.0.0.aar (androidx.slidingpanelayout:slidingpanelayout:1.0.0) with JetifyTransform
Transforming slidingpanelayout-1.0.0.aar (androidx.slidingpanelayout:slidingpanelayout:1.0.0) with AarToClassTransform
Transforming customview-1.0.0.aar (androidx.customview:customview:1.0.0) with JetifyTransform
Transforming customview-1.0.0.aar (androidx.customview:customview:1.0.0) with AarToClassTransform
Transforming swiperefreshlayout-1.0.0.aar (androidx.swiperefreshlayout:swiperefreshlayout:1.0.0) with JetifyTransform
Transforming swiperefreshlayout-1.0.0.aar (androidx.swiperefreshlayout:swiperefreshlayout:1.0.0) with AarToClassTransform
Transforming asynclayoutinflater-1.0.0.aar (androidx.asynclayoutinflater:asynclayoutinflater:1.0.0) with JetifyTransform
Transforming asynclayoutinflater-1.0.0.aar (androidx.asynclayoutinflater:asynclayoutinflater:1.0.0) with AarToClassTransform
Transforming core-1.12.0.aar (androidx.core:core:1.12.0) with JetifyTransform
Transforming core-1.12.0.aar (androidx.core:core:1.12.0) with AarToClassTransform
Transforming core-1.12.0.aar (androidx.core:core:1.12.0) with JetifyTransform
Transforming core-1.12.0.aar (androidx.core:core:1.12.0) with AarToClassTransform
Transforming work-runtime-ktx-2.9.0.aar (androidx.work:work-runtime-ktx:2.9.0) with JetifyTransform
Transforming work-runtime-ktx-2.9.0.aar (androidx.work:work-runtime-ktx:2.9.0) with AarToClassTransform
Transforming work-runtime-2.9.0.aar (androidx.work:work-runtime:2.9.0) with JetifyTransform
Transforming work-runtime-2.9.0.aar (androidx.work:work-runtime:2.9.0) with AarToClassTransform
Transforming lifecycle-livedata-2.6.2.aar (androidx.lifecycle:lifecycle-livedata:2.6.2) with JetifyTransform
Transforming lifecycle-livedata-2.6.2.aar (androidx.lifecycle:lifecycle-livedata:2.6.2) with AarToClassTransform
Transforming lifecycle-livedata-2.6.2.aar (androidx.lifecycle:lifecycle-livedata:2.6.2) with JetifyTransform
Transforming lifecycle-livedata-2.6.2.aar (androidx.lifecycle:lifecycle-livedata:2.6.2) with AarToClassTransform
Transforming lifecycle-livedata-core-2.6.2.aar (androidx.lifecycle:lifecycle-livedata-core:2.6.2) with JetifyTransform
Transforming lifecycle-livedata-core-2.6.2.aar (androidx.lifecycle:lifecycle-livedata-core:2.6.2) with AarToClassTransform
Transforming lifecycle-viewmodel-savedstate-2.6.2.aar (androidx.lifecycle:lifecycle-viewmodel-savedstate:2.6.2) with JetifyTransform
Transforming lifecycle-viewmodel-savedstate-2.6.2.aar (androidx.lifecycle:lifecycle-viewmodel-savedstate:2.6.2) with AarToClassTransform
Transforming lifecycle-viewmodel-ktx-2.6.2.aar (androidx.lifecycle:lifecycle-viewmodel-ktx:2.6.2) with JetifyTransform
Transforming lifecycle-viewmodel-ktx-2.6.2.aar (androidx.lifecycle:lifecycle-viewmodel-ktx:2.6.2) with AarToClassTransform
Transforming lifecycle-common-2.6.2.jar (androidx.lifecycle:lifecycle-common:2.6.2) with JetifyTransform
Transforming lifecycle-common-2.6.2.jar (androidx.lifecycle:lifecycle-common:2.6.2) with IdentityTransform
Transforming lifecycle-viewmodel-2.6.2.aar (androidx.lifecycle:lifecycle-viewmodel:2.6.2) with JetifyTransform
Transforming lifecycle-viewmodel-2.6.2.aar (androidx.lifecycle:lifecycle-viewmodel:2.6.2) with AarToClassTransform
Transforming lifecycle-viewmodel-2.6.2.aar (androidx.lifecycle:lifecycle-viewmodel:2.6.2) with JetifyTransform
Transforming lifecycle-viewmodel-2.6.2.aar (androidx.lifecycle:lifecycle-viewmodel:2.6.2) with AarToClassTransform
Transforming lifecycle-runtime-2.6.2.aar (androidx.lifecycle:lifecycle-runtime:2.6.2) with JetifyTransform
Transforming lifecycle-runtime-2.6.2.aar (androidx.lifecycle:lifecycle-runtime:2.6.2) with AarToClassTransform
Transforming lifecycle-common-java8-2.6.2.jar (androidx.lifecycle:lifecycle-common-java8:2.6.2) with JetifyTransform
Transforming lifecycle-runtime-ktx-2.6.2.aar (androidx.lifecycle:lifecycle-runtime-ktx:2.6.2) with JetifyTransform
Transforming lifecycle-common-java8-2.6.2.jar (androidx.lifecycle:lifecycle-common-java8:2.6.2) with IdentityTransform
Transforming lifecycle-runtime-ktx-2.6.2.aar (androidx.lifecycle:lifecycle-runtime-ktx:2.6.2) with AarToClassTransform
Transforming lifecycle-viewmodel-compose-2.6.2.aar (androidx.lifecycle:lifecycle-viewmodel-compose:2.6.2) with JetifyTransform
Transforming lifecycle-viewmodel-compose-2.6.2.aar (androidx.lifecycle:lifecycle-viewmodel-compose:2.6.2) with AarToClassTransform
Transforming material-icons-core-release.aar (androidx.compose.material:material-icons-core-android:1.5.4) with JetifyTransform
Transforming material-icons-core-release.aar (androidx.compose.material:material-icons-core-android:1.5.4) with AarToClassTransform
Transforming material-icons-extended-release.aar (androidx.compose.material:material-icons-extended-android:1.5.4) with JetifyTransform
Transforming material-icons-extended-release.aar (androidx.compose.material:material-icons-extended-android:1.5.4) with AarToClassTransform
Transforming material-ripple-release.aar (androidx.compose.material:material-ripple-android:1.5.4) with JetifyTransform
Transforming material-ripple-release.aar (androidx.compose.material:material-ripple-android:1.5.4) with AarToClassTransform
Transforming foundation-layout-release.aar (androidx.compose.foundation:foundation-layout-android:1.5.4) with JetifyTransform
Transforming foundation-layout-release.aar (androidx.compose.foundation:foundation-layout-android:1.5.4) with AarToClassTransform
Transforming foundation-release.aar (androidx.compose.foundation:foundation-android:1.5.4) with JetifyTransform
Transforming foundation-release.aar (androidx.compose.foundation:foundation-android:1.5.4) with AarToClassTransform
Transforming animation-core-release.aar (androidx.compose.animation:animation-core-android:1.5.4) with JetifyTransform
Transforming animation-core-release.aar (androidx.compose.animation:animation-core-android:1.5.4) with AarToClassTransform
Transforming animation-release.aar (androidx.compose.animation:animation-android:1.5.4) with JetifyTransform
Transforming animation-release.aar (androidx.compose.animation:animation-android:1.5.4) with AarToClassTransform
Transforming ui-unit-release.aar (androidx.compose.ui:ui-unit-android:1.5.4) with JetifyTransform
Transforming ui-unit-release.aar (androidx.compose.ui:ui-unit-android:1.5.4) with AarToClassTransform
Transforming ui-geometry-release.aar (androidx.compose.ui:ui-geometry-android:1.5.4) with JetifyTransform
Transforming ui-geometry-release.aar (androidx.compose.ui:ui-geometry-android:1.5.4) with AarToClassTransform
Transforming ui-tooling-data-release.aar (androidx.compose.ui:ui-tooling-data-android:1.5.4) with JetifyTransform
Transforming ui-tooling-data-release.aar (androidx.compose.ui:ui-tooling-data-android:1.5.4) with AarToClassTransform
Transforming ui-text-release.aar (androidx.compose.ui:ui-text-android:1.5.4) with JetifyTransform
Transforming ui-text-release.aar (androidx.compose.ui:ui-text-android:1.5.4) with AarToClassTransform
Transforming ui-tooling-preview-release.aar (androidx.compose.ui:ui-tooling-preview-android:1.5.4) with JetifyTransform
Transforming ui-tooling-preview-release.aar (androidx.compose.ui:ui-tooling-preview-android:1.5.4) with AarToClassTransform
Transforming ui-graphics-release.aar (androidx.compose.ui:ui-graphics-android:1.5.4) with JetifyTransform
Transforming ui-graphics-release.aar (androidx.compose.ui:ui-graphics-android:1.5.4) with AarToClassTransform
Transforming ui-release.aar (androidx.compose.ui:ui-android:1.5.4) with JetifyTransform
Transforming ui-release.aar (androidx.compose.ui:ui-android:1.5.4) with AarToClassTransform
Transforming ui-tooling-release.aar (androidx.compose.ui:ui-tooling-android:1.5.4) with JetifyTransform
Transforming ui-tooling-release.aar (androidx.compose.ui:ui-tooling-android:1.5.4) with AarToClassTransform
Transforming ui-test-manifest-1.5.4.aar (androidx.compose.ui:ui-test-manifest:1.5.4) with JetifyTransform
Transforming ui-test-manifest-1.5.4.aar (androidx.compose.ui:ui-test-manifest:1.5.4) with AarToClassTransform
Transforming activity-1.8.1.aar (androidx.activity:activity:1.8.1) with JetifyTransform
Transforming activity-1.8.1.aar (androidx.activity:activity:1.8.1) with AarToClassTransform
Transforming activity-compose-1.8.1.aar (androidx.activity:activity-compose:1.8.1) with JetifyTransform
Transforming activity-compose-1.8.1.aar (androidx.activity:activity-compose:1.8.1) with AarToClassTransform
Transforming activity-ktx-1.8.1.aar (androidx.activity:activity-ktx:1.8.1) with JetifyTransform
Transforming activity-ktx-1.8.1.aar (androidx.activity:activity-ktx:1.8.1) with AarToClassTransform
Transforming core-ktx-1.12.0.aar (androidx.core:core-ktx:1.12.0) with JetifyTransform
Transforming core-ktx-1.12.0.aar (androidx.core:core-ktx:1.12.0) with AarToClassTransform
Transforming room-common-2.6.1.jar (androidx.room:room-common:2.6.1) with JetifyTransform
Transforming room-common-2.6.1.jar (androidx.room:room-common:2.6.1) with IdentityTransform
Transforming room-runtime-2.6.1.aar (androidx.room:room-runtime:2.6.1) with JetifyTransform
Transforming room-runtime-2.6.1.aar (androidx.room:room-runtime:2.6.1) with AarToClassTransform
Transforming room-ktx-2.6.1.aar (androidx.room:room-ktx:2.6.1) with JetifyTransform
Transforming room-ktx-2.6.1.aar (androidx.room:room-ktx:2.6.1) with AarToClassTransform
Transforming datastore-preferences-1.0.0.aar (androidx.datastore:datastore-preferences:1.0.0) with JetifyTransform
Transforming datastore-preferences-1.0.0.aar (androidx.datastore:datastore-preferences:1.0.0) with AarToClassTransform
Transforming annotation-experimental-1.3.0.aar (androidx.annotation:annotation-experimental:1.3.0) with JetifyTransform
Transforming annotation-experimental-1.3.0.aar (androidx.annotation:annotation-experimental:1.3.0) with AarToClassTransform
Transforming datastore-1.0.0.aar (androidx.datastore:datastore:1.0.0) with JetifyTransform
Transforming datastore-1.0.0.aar (androidx.datastore:datastore:1.0.0) with AarToClassTransform
Transforming runtime-saveable-release.aar (androidx.compose.runtime:runtime-saveable-android:1.5.4) with JetifyTransform
Transforming runtime-saveable-release.aar (androidx.compose.runtime:runtime-saveable-android:1.5.4) with AarToClassTransform
Transforming runtime-release.aar (androidx.compose.runtime:runtime-android:1.5.4) with JetifyTransform
Transforming runtime-release.aar (androidx.compose.runtime:runtime-android:1.5.4) with AarToClassTransform
Transforming kotlin-stdlib-jdk8-1.8.22.jar (org.jetbrains.kotlin:kotlin-stdlib-jdk8:1.8.22) with JetifyTransform
Transforming kotlin-stdlib-jdk8-1.8.22.jar (org.jetbrains.kotlin:kotlin-stdlib-jdk8:1.8.22) with IdentityTransform
Transforming savedstate-ktx-1.2.1.aar (androidx.savedstate:savedstate-ktx:1.2.1) with JetifyTransform
Transforming savedstate-ktx-1.2.1.aar (androidx.savedstate:savedstate-ktx:1.2.1) with AarToClassTransform
Transforming savedstate-1.2.1.aar (androidx.savedstate:savedstate:1.2.1) with JetifyTransform
Transforming savedstate-1.2.1.aar (androidx.savedstate:savedstate:1.2.1) with AarToClassTransform
Transforming sqlite-framework-2.4.0.aar (androidx.sqlite:sqlite-framework:2.4.0) with JetifyTransform
Transforming sqlite-framework-2.4.0.aar (androidx.sqlite:sqlite-framework:2.4.0) with AarToClassTransform
Transforming datastore-preferences-core-1.0.0.jar (androidx.datastore:datastore-preferences-core:1.0.0) with JetifyTransform
Transforming sqlite-2.4.0.aar (androidx.sqlite:sqlite:2.4.0) with JetifyTransform
Transforming datastore-core-1.0.0.jar (androidx.datastore:datastore-core:1.0.0) with JetifyTransform
Transforming sqlite-2.4.0.aar (androidx.sqlite:sqlite:2.4.0) with AarToClassTransform
Transforming datastore-core-1.0.0.jar (androidx.datastore:datastore-core:1.0.0) with IdentityTransform
Transforming datastore-preferences-core-1.0.0.jar (androidx.datastore:datastore-preferences-core:1.0.0) with IdentityTransform
Transforming kotlinx-coroutines-core-jvm-1.7.3.jar (org.jetbrains.kotlinx:kotlinx-coroutines-core-jvm:1.7.3) with JetifyTransform
Transforming versionedparcelable-1.1.1.aar (androidx.versionedparcelable:versionedparcelable:1.1.1) with JetifyTransform
Transforming kotlinx-coroutines-core-jvm-1.7.3.jar (org.jetbrains.kotlinx:kotlinx-coroutines-core-jvm:1.7.3) with IdentityTransform
Transforming versionedparcelable-1.1.1.aar (androidx.versionedparcelable:versionedparcelable:1.1.1) with AarToClassTransform
Transforming kotlinx-coroutines-android-1.7.3.jar (org.jetbrains.kotlinx:kotlinx-coroutines-android:1.7.3) with JetifyTransform
Transforming core-runtime-2.2.0.aar (androidx.arch.core:core-runtime:2.2.0) with JetifyTransform
Transforming kotlinx-coroutines-android-1.7.3.jar (org.jetbrains.kotlinx:kotlinx-coroutines-android:1.7.3) with IdentityTransform
Transforming core-runtime-2.2.0.aar (androidx.arch.core:core-runtime:2.2.0) with AarToClassTransform
Transforming interpolator-1.0.0.aar (androidx.interpolator:interpolator:1.0.0) with JetifyTransform
Transforming interpolator-1.0.0.aar (androidx.interpolator:interpolator:1.0.0) with AarToClassTransform
Transforming cursoradapter-1.0.0.aar (androidx.cursoradapter:cursoradapter:1.0.0) with JetifyTransform
Transforming core-common-2.2.0.jar (androidx.arch.core:core-common:2.2.0) with JetifyTransform
Transforming cursoradapter-1.0.0.aar (androidx.cursoradapter:cursoradapter:1.0.0) with AarToClassTransform
Transforming core-common-2.2.0.jar (androidx.arch.core:core-common:2.2.0) with IdentityTransform
Transforming documentfile-1.0.0.aar (androidx.documentfile:documentfile:1.0.0) with JetifyTransform
Transforming collection-1.1.0.jar (androidx.collection:collection:1.1.0) with JetifyTransform
Transforming documentfile-1.0.0.aar (androidx.documentfile:documentfile:1.0.0) with AarToClassTransform
Transforming collection-1.1.0.jar (androidx.collection:collection:1.1.0) with IdentityTransform
Transforming localbroadcastmanager-1.0.0.aar (androidx.localbroadcastmanager:localbroadcastmanager:1.0.0) with JetifyTransform
Transforming localbroadcastmanager-1.0.0.aar (androidx.localbroadcastmanager:localbroadcastmanager:1.0.0) with AarToClassTransform
Transforming print-1.0.0.aar (androidx.print:print:1.0.0) with JetifyTransform
Transforming print-1.0.0.aar (androidx.print:print:1.0.0) with AarToClassTransform
Transforming kotlin-stdlib-jdk7-1.8.22.jar (org.jetbrains.kotlin:kotlin-stdlib-jdk7:1.8.22) with JetifyTransform
Transforming kotlin-stdlib-jdk7-1.8.22.jar (org.jetbrains.kotlin:kotlin-stdlib-jdk7:1.8.22) with IdentityTransform
Transforming kotlin-stdlib-1.9.20.jar (org.jetbrains.kotlin:kotlin-stdlib:1.9.20) with JetifyTransform
Transforming kotlin-stdlib-1.9.20.jar (org.jetbrains.kotlin:kotlin-stdlib:1.9.20) with IdentityTransform
Transforming annotation-jvm-1.6.0.jar (androidx.annotation:annotation-jvm:1.6.0) with JetifyTransform
Transforming annotation-jvm-1.6.0.jar (androidx.annotation:annotation-jvm:1.6.0) with IdentityTransform
Transforming guava-31.1-jre.jar (com.google.guava:guava:31.1-jre) with JetifyTransform
Transforming guava-31.1-jre.jar (com.google.guava:guava:31.1-jre) with IdentityTransform
Transforming listenablefuture-9999.0-empty-to-avoid-conflict-with-guava.jar (com.google.guava:listenablefuture:9999.0-empty-to-avoid-conflict-with-guava) with JetifyTransform
Transforming listenablefuture-9999.0-empty-to-avoid-conflict-with-guava.jar (com.google.guava:listenablefuture:9999.0-empty-to-avoid-conflict-with-guava) with IdentityTransform
Transforming annotations-23.0.0.jar (org.jetbrains:annotations:23.0.0) with JetifyTransform
Transforming startup-runtime-1.1.1.aar (androidx.startup:startup-runtime:1.1.1) with JetifyTransform
Transforming google-http-client-1.43.3.jar (com.google.http-client:google-http-client:1.43.3) with JetifyTransform
Transforming annotations-23.0.0.jar (org.jetbrains:annotations:23.0.0) with IdentityTransform
Transforming google-http-client-1.43.3.jar (com.google.http-client:google-http-client:1.43.3) with IdentityTransform
Transforming startup-runtime-1.1.1.aar (androidx.startup:startup-runtime:1.1.1) with AarToClassTransform
Transforming google-http-client-apache-v2-1.42.1.jar (com.google.http-client:google-http-client-apache-v2:1.42.1) with JetifyTransform
Transforming httpclient-4.5.14.jar (org.apache.httpcomponents:httpclient:4.5.14) with JetifyTransform
Transforming httpclient-4.5.14.jar (org.apache.httpcomponents:httpclient:4.5.14) with IdentityTransform
Transforming google-api-client-android-2.2.0.jar (com.google.api-client:google-api-client-android:2.2.0) with JetifyTransform
Transforming google-http-client-apache-v2-1.42.1.jar (com.google.http-client:google-http-client-apache-v2:1.42.1) with IdentityTransform
Transforming google-api-client-android-2.2.0.jar (com.google.api-client:google-api-client-android:2.2.0) with IdentityTransform
Transforming httpcore-4.4.16.jar (org.apache.httpcomponents:httpcore:4.4.16) with JetifyTransform
Transforming opencensus-contrib-http-util-0.31.1.jar (io.opencensus:opencensus-contrib-http-util:0.31.1) with JetifyTransform
Transforming httpcore-4.4.16.jar (org.apache.httpcomponents:httpcore:4.4.16) with IdentityTransform
Transforming opencensus-contrib-http-util-0.31.1.jar (io.opencensus:opencensus-contrib-http-util:0.31.1) with IdentityTransform
Transforming commons-logging-1.2.jar (commons-logging:commons-logging:1.2) with JetifyTransform
Transforming google-api-services-drive-v3-rev20220815-2.0.0.jar (com.google.apis:google-api-services-drive:v3-rev20220815-2.0.0) with JetifyTransform
Transforming commons-logging-1.2.jar (commons-logging:commons-logging:1.2) with IdentityTransform
Transforming google-api-client-2.0.0.jar (com.google.api-client:google-api-client:2.0.0) with JetifyTransform
Transforming commons-codec-1.11.jar (commons-codec:commons-codec:1.11) with JetifyTransform
Transforming google-api-services-drive-v3-rev20220815-2.0.0.jar (com.google.apis:google-api-services-drive:v3-rev20220815-2.0.0) with IdentityTransform
Transforming google-oauth-client-1.34.1.jar (com.google.oauth-client:google-oauth-client:1.34.1) with JetifyTransform
Transforming commons-codec-1.11.jar (commons-codec:commons-codec:1.11) with IdentityTransform
Transforming google-api-client-2.0.0.jar (com.google.api-client:google-api-client:2.0.0) with IdentityTransform
Transforming jsr305-3.0.2.jar (com.google.code.findbugs:jsr305:3.0.2) with JetifyTransform
Transforming google-http-client-gson-1.43.3.jar (com.google.http-client:google-http-client-gson:1.43.3) with JetifyTransform
Transforming google-oauth-client-1.34.1.jar (com.google.oauth-client:google-oauth-client:1.34.1) with IdentityTransform
Transforming google-http-client-gson-1.43.3.jar (com.google.http-client:google-http-client-gson:1.43.3) with IdentityTransform
Transforming jsr305-3.0.2.jar (com.google.code.findbugs:jsr305:3.0.2) with IdentityTransform
Transforming failureaccess-1.0.1.jar (com.google.guava:failureaccess:1.0.1) with JetifyTransform
Transforming failureaccess-1.0.1.jar (com.google.guava:failureaccess:1.0.1) with IdentityTransform
Transforming checker-qual-3.12.0.jar (org.checkerframework:checker-qual:3.12.0) with JetifyTransform
Transforming checker-qual-3.12.0.jar (org.checkerframework:checker-qual:3.12.0) with IdentityTransform
Transforming error_prone_annotations-2.18.0.jar (com.google.errorprone:error_prone_annotations:2.18.0) with JetifyTransform
Transforming error_prone_annotations-2.18.0.jar (com.google.errorprone:error_prone_annotations:2.18.0) with IdentityTransform
Transforming j2objc-annotations-2.8.jar (com.google.j2objc:j2objc-annotations:2.8) with JetifyTransform
Transforming j2objc-annotations-2.8.jar (com.google.j2objc:j2objc-annotations:2.8) with IdentityTransform
Transforming opencensus-api-0.31.1.jar (io.opencensus:opencensus-api:0.31.1) with JetifyTransform
Transforming opencensus-api-0.31.1.jar (io.opencensus:opencensus-api:0.31.1) with IdentityTransform
Transforming grpc-context-1.27.2.jar (io.grpc:grpc-context:1.27.2) with JetifyTransform
Transforming grpc-context-1.27.2.jar (io.grpc:grpc-context:1.27.2) with IdentityTransform
Transforming gson-2.10.1.jar (com.google.code.gson:gson:2.10.1) with JetifyTransform
Transforming gson-2.10.1.jar (com.google.code.gson:gson:2.10.1) with IdentityTransform
Transforming R.jar with ClasspathEntrySnapshotTransform
Transforming navigation-common-2.7.5-api.jar with ClasspathEntrySnapshotTransform
Transforming navigation-runtime-2.7.5-api.jar with ClasspathEntrySnapshotTransform
Transforming navigation-common-ktx-2.7.5-api.jar with ClasspathEntrySnapshotTransform
Transforming navigation-runtime-ktx-2.7.5-api.jar with ClasspathEntrySnapshotTransform
Transforming jetified-navigation-compose-2.7.5-api.jar with ClasspathEntrySnapshotTransform
Transforming jetified-material3-1.1.2-api.jar with ClasspathEntrySnapshotTransform
Transforming jetified-play-services-auth-20.7.0-api.jar with ClasspathEntrySnapshotTransform
Transforming jetified-play-services-auth-api-phone-18.0.1-api.jar with ClasspathEntrySnapshotTransform
Transforming jetified-play-services-auth-base-18.0.4-api.jar with ClasspathEntrySnapshotTransform
Transforming jetified-play-services-fido-20.0.1-api.jar with ClasspathEntrySnapshotTransform
Transforming jetified-play-services-base-18.0.1-api.jar with ClasspathEntrySnapshotTransform
Transforming jetified-play-services-tasks-18.0.1-api.jar with ClasspathEntrySnapshotTransform
Transforming jetified-play-services-basement-18.2.0-api.jar with ClasspathEntrySnapshotTransform
Transforming fragment-1.0.0-api.jar with ClasspathEntrySnapshotTransform
Transforming legacy-support-core-ui-1.0.0-api.jar with ClasspathEntrySnapshotTransform
Transforming legacy-support-core-utils-1.0.0-api.jar with ClasspathEntrySnapshotTransform
Transforming loader-1.0.0-api.jar with ClasspathEntrySnapshotTransform
Transforming viewpager-1.0.0-api.jar with ClasspathEntrySnapshotTransform
Transforming coordinatorlayout-1.0.0-api.jar with ClasspathEntrySnapshotTransform
Transforming drawerlayout-1.0.0-api.jar with ClasspathEntrySnapshotTransform
Transforming slidingpanelayout-1.0.0-api.jar with ClasspathEntrySnapshotTransform
Transforming customview-1.0.0-api.jar with ClasspathEntrySnapshotTransform
Transforming swiperefreshlayout-1.0.0-api.jar with ClasspathEntrySnapshotTransform
Transforming asynclayoutinflater-1.0.0-api.jar with ClasspathEntrySnapshotTransform
Transforming core-1.12.0-api.jar with ClasspathEntrySnapshotTransform
Transforming work-runtime-ktx-2.9.0-api.jar with ClasspathEntrySnapshotTransform
Transforming work-runtime-2.9.0-api.jar with ClasspathEntrySnapshotTransform
Transforming lifecycle-livedata-2.6.2-api.jar with ClasspathEntrySnapshotTransform
Transforming lifecycle-livedata-core-2.6.2-api.jar with ClasspathEntrySnapshotTransform
Transforming lifecycle-common-2.6.2.jar with ClasspathEntrySnapshotTransform
Transforming jetified-lifecycle-viewmodel-savedstate-2.6.2-api.jar with ClasspathEntrySnapshotTransform
Transforming jetified-lifecycle-viewmodel-ktx-2.6.2-api.jar with ClasspathEntrySnapshotTransform
Transforming lifecycle-common-java8-2.6.2.jar with ClasspathEntrySnapshotTransform
Transforming lifecycle-viewmodel-2.6.2-api.jar with ClasspathEntrySnapshotTransform
Transforming lifecycle-runtime-2.6.2-api.jar with ClasspathEntrySnapshotTransform
Transforming jetified-lifecycle-runtime-ktx-2.6.2-api.jar with ClasspathEntrySnapshotTransform
Transforming jetified-lifecycle-viewmodel-compose-2.6.2-api.jar with ClasspathEntrySnapshotTransform
Transforming jetified-material-icons-core-release-api.jar with ClasspathEntrySnapshotTransform
Transforming jetified-material-icons-extended-release-api.jar with ClasspathEntrySnapshotTransform
Transforming jetified-material-ripple-release-api.jar with ClasspathEntrySnapshotTransform
Transforming jetified-foundation-layout-release-api.jar with ClasspathEntrySnapshotTransform
Transforming jetified-foundation-release-api.jar with ClasspathEntrySnapshotTransform
Transforming jetified-animation-core-release-api.jar with ClasspathEntrySnapshotTransform
Transforming jetified-animation-release-api.jar with ClasspathEntrySnapshotTransform
Transforming jetified-ui-unit-release-api.jar with ClasspathEntrySnapshotTransform
Transforming jetified-ui-geometry-release-api.jar with ClasspathEntrySnapshotTransform
Transforming jetified-ui-tooling-data-release-api.jar with ClasspathEntrySnapshotTransform
Transforming jetified-ui-text-release-api.jar with ClasspathEntrySnapshotTransform
Transforming jetified-ui-tooling-preview-release-api.jar with ClasspathEntrySnapshotTransform
Transforming jetified-ui-graphics-release-api.jar with ClasspathEntrySnapshotTransform
Transforming jetified-ui-release-api.jar with ClasspathEntrySnapshotTransform
Transforming jetified-ui-tooling-release-api.jar with ClasspathEntrySnapshotTransform
Transforming jetified-ui-test-manifest-1.5.4-api.jar with ClasspathEntrySnapshotTransform
Transforming jetified-activity-1.8.1-api.jar with ClasspathEntrySnapshotTransform
Transforming jetified-activity-compose-1.8.1-api.jar with ClasspathEntrySnapshotTransform
Transforming jetified-activity-ktx-1.8.1-api.jar with ClasspathEntrySnapshotTransform
Transforming jetified-core-ktx-1.12.0-api.jar with ClasspathEntrySnapshotTransform
Transforming room-common-2.6.1.jar with ClasspathEntrySnapshotTransform
Transforming room-runtime-2.6.1-api.jar with ClasspathEntrySnapshotTransform
Transforming jetified-room-ktx-2.6.1-api.jar with ClasspathEntrySnapshotTransform
Transforming jetified-datastore-preferences-1.0.0-api.jar with ClasspathEntrySnapshotTransform
Transforming jetified-annotation-experimental-1.3.0-api.jar with ClasspathEntrySnapshotTransform
Transforming jetified-datastore-1.0.0-api.jar with ClasspathEntrySnapshotTransform
Transforming jetified-runtime-saveable-release-api.jar with ClasspathEntrySnapshotTransform
Transforming jetified-runtime-release-api.jar with ClasspathEntrySnapshotTransform
Transforming jetified-datastore-preferences-core-1.0.0.jar with ClasspathEntrySnapshotTransform
Transforming jetified-datastore-core-1.0.0.jar with ClasspathEntrySnapshotTransform
Transforming jetified-kotlinx-coroutines-core-jvm-1.7.3.jar with ClasspathEntrySnapshotTransform
Transforming jetified-kotlinx-coroutines-android-1.7.3.jar with ClasspathEntrySnapshotTransform
Transforming jetified-kotlin-stdlib-jdk8-1.8.22.jar with ClasspathEntrySnapshotTransform
Transforming jetified-savedstate-ktx-1.2.1-api.jar with ClasspathEntrySnapshotTransform
Transforming jetified-savedstate-1.2.1-api.jar with ClasspathEntrySnapshotTransform
Transforming sqlite-framework-2.4.0-api.jar with ClasspathEntrySnapshotTransform
Transforming sqlite-2.4.0-api.jar with ClasspathEntrySnapshotTransform
Transforming versionedparcelable-1.1.1-api.jar with ClasspathEntrySnapshotTransform
Transforming core-runtime-2.2.0-api.jar with ClasspathEntrySnapshotTransform
Transforming core-common-2.2.0.jar with ClasspathEntrySnapshotTransform
Transforming collection-1.1.0.jar with ClasspathEntrySnapshotTransform
Transforming interpolator-1.0.0-api.jar with ClasspathEntrySnapshotTransform
Transforming cursoradapter-1.0.0-api.jar with ClasspathEntrySnapshotTransform
Transforming documentfile-1.0.0-api.jar with ClasspathEntrySnapshotTransform
Transforming localbroadcastmanager-1.0.0-api.jar with ClasspathEntrySnapshotTransform
Transforming print-1.0.0-api.jar with ClasspathEntrySnapshotTransform
Transforming jetified-annotation-jvm-1.6.0.jar with ClasspathEntrySnapshotTransform
Transforming jetified-kotlin-stdlib-jdk7-1.8.22.jar with ClasspathEntrySnapshotTransform
Transforming jetified-kotlin-stdlib-1.9.20.jar with ClasspathEntrySnapshotTransform
Transforming jetified-annotations-23.0.0.jar with ClasspathEntrySnapshotTransform
Transforming jetified-google-api-client-android-2.2.0.jar with ClasspathEntrySnapshotTransform
Transforming jetified-google-api-services-drive-v3-rev20220815-2.0.0.jar with ClasspathEntrySnapshotTransform
Transforming jetified-google-api-client-2.0.0.jar with ClasspathEntrySnapshotTransform
Transforming jetified-google-oauth-client-1.34.1.jar with ClasspathEntrySnapshotTransform
Transforming jetified-google-http-client-gson-1.43.3.jar with ClasspathEntrySnapshotTransform
Transforming jetified-google-http-client-apache-v2-1.42.1.jar with ClasspathEntrySnapshotTransform
Transforming jetified-google-http-client-1.43.3.jar with ClasspathEntrySnapshotTransform
Transforming jetified-opencensus-contrib-http-util-0.31.1.jar with ClasspathEntrySnapshotTransform
Transforming jetified-guava-31.1-jre.jar with ClasspathEntrySnapshotTransform
Transforming jetified-listenablefuture-9999.0-empty-to-avoid-conflict-with-guava.jar with ClasspathEntrySnapshotTransform
Transforming jetified-startup-runtime-1.1.1-api.jar with ClasspathEntrySnapshotTransform
Transforming jetified-httpclient-4.5.14.jar with ClasspathEntrySnapshotTransform
Transforming jetified-httpcore-4.4.16.jar with ClasspathEntrySnapshotTransform
Transforming jetified-commons-logging-1.2.jar with ClasspathEntrySnapshotTransform
Transforming jetified-commons-codec-1.11.jar with ClasspathEntrySnapshotTransform
Transforming jetified-jsr305-3.0.2.jar with ClasspathEntrySnapshotTransform
Transforming jetified-error_prone_annotations-2.18.0.jar with ClasspathEntrySnapshotTransform
Transforming jetified-failureaccess-1.0.1.jar with ClasspathEntrySnapshotTransform
Transforming jetified-checker-qual-3.12.0.jar with ClasspathEntrySnapshotTransform
Transforming jetified-j2objc-annotations-2.8.jar with ClasspathEntrySnapshotTransform
Transforming jetified-opencensus-api-0.31.1.jar with ClasspathEntrySnapshotTransform
Transforming jetified-grpc-context-1.27.2.jar with ClasspathEntrySnapshotTransform
Transforming jetified-gson-2.10.1.jar with ClasspathEntrySnapshotTransform
Transforming android.jar with ClasspathEntrySnapshotTransform
Transforming core-lambda-stubs.jar with ClasspathEntrySnapshotTransform
Caching disabled for task ':app:kaptGenerateStubsDebugKotlin' because:
  Build cache is disabled
Skipping task ':app:kaptGenerateStubsDebugKotlin' as it is up-to-date.
Resolve mutations for :app:kaptDebugKotlin (Thread[Execution worker Thread 7,5,main]) started.
:app:kaptDebugKotlin (Thread[Execution worker Thread 7,5,main]) started.

> Task :app:kaptDebugKotlin UP-TO-DATE
Transforming R.jar with StructureTransformAction
Transforming navigation-common-2.7.5-api.jar with StructureTransformAction
Transforming navigation-runtime-2.7.5-api.jar with StructureTransformAction
Transforming navigation-common-ktx-2.7.5-api.jar with StructureTransformAction
Transforming navigation-runtime-ktx-2.7.5-api.jar with StructureTransformAction
Transforming jetified-navigation-compose-2.7.5-api.jar with StructureTransformAction
Transforming jetified-material3-1.1.2-api.jar with StructureTransformAction
Transforming jetified-play-services-auth-20.7.0-api.jar with StructureTransformAction
Transforming jetified-play-services-auth-api-phone-18.0.1-api.jar with StructureTransformAction
Transforming jetified-play-services-auth-base-18.0.4-api.jar with StructureTransformAction
Transforming jetified-play-services-fido-20.0.1-api.jar with StructureTransformAction
Transforming jetified-play-services-base-18.0.1-api.jar with StructureTransformAction
Transforming jetified-play-services-tasks-18.0.1-api.jar with StructureTransformAction
Transforming jetified-play-services-basement-18.2.0-api.jar with StructureTransformAction
Transforming fragment-1.0.0-api.jar with StructureTransformAction
Transforming legacy-support-core-ui-1.0.0-api.jar with StructureTransformAction
Transforming legacy-support-core-utils-1.0.0-api.jar with StructureTransformAction
Transforming loader-1.0.0-api.jar with StructureTransformAction
Transforming viewpager-1.0.0-api.jar with StructureTransformAction
Transforming coordinatorlayout-1.0.0-api.jar with StructureTransformAction
Transforming drawerlayout-1.0.0-api.jar with StructureTransformAction
Transforming slidingpanelayout-1.0.0-api.jar with StructureTransformAction
Transforming customview-1.0.0-api.jar with StructureTransformAction
Transforming swiperefreshlayout-1.0.0-api.jar with StructureTransformAction
Transforming asynclayoutinflater-1.0.0-api.jar with StructureTransformAction
Transforming core-1.12.0-api.jar with StructureTransformAction
Transforming work-runtime-ktx-2.9.0-api.jar with StructureTransformAction
Transforming work-runtime-2.9.0-api.jar with StructureTransformAction
Transforming lifecycle-livedata-2.6.2-api.jar with StructureTransformAction
Transforming lifecycle-livedata-core-2.6.2-api.jar with StructureTransformAction
Transforming lifecycle-common-2.6.2.jar with StructureTransformAction
Transforming jetified-lifecycle-viewmodel-savedstate-2.6.2-api.jar with StructureTransformAction
Transforming jetified-lifecycle-viewmodel-ktx-2.6.2-api.jar with StructureTransformAction
Transforming lifecycle-common-java8-2.6.2.jar with StructureTransformAction
Transforming lifecycle-viewmodel-2.6.2-api.jar with StructureTransformAction
Transforming lifecycle-runtime-2.6.2-api.jar with StructureTransformAction
Transforming jetified-lifecycle-runtime-ktx-2.6.2-api.jar with StructureTransformAction
Transforming jetified-lifecycle-viewmodel-compose-2.6.2-api.jar with StructureTransformAction
Transforming jetified-material-icons-core-release-api.jar with StructureTransformAction
Transforming jetified-material-icons-extended-release-api.jar with StructureTransformAction
Transforming jetified-material-ripple-release-api.jar with StructureTransformAction
Transforming jetified-foundation-layout-release-api.jar with StructureTransformAction
Transforming jetified-foundation-release-api.jar with StructureTransformAction
Transforming jetified-animation-core-release-api.jar with StructureTransformAction
Transforming jetified-animation-release-api.jar with StructureTransformAction
Transforming jetified-ui-unit-release-api.jar with StructureTransformAction
Transforming jetified-ui-geometry-release-api.jar with StructureTransformAction
Transforming jetified-ui-tooling-data-release-api.jar with StructureTransformAction
Transforming jetified-ui-text-release-api.jar with StructureTransformAction
Transforming jetified-ui-tooling-preview-release-api.jar with StructureTransformAction
Transforming jetified-ui-graphics-release-api.jar with StructureTransformAction
Transforming jetified-ui-release-api.jar with StructureTransformAction
Transforming jetified-ui-tooling-release-api.jar with StructureTransformAction
Transforming jetified-ui-test-manifest-1.5.4-api.jar with StructureTransformAction
Transforming jetified-activity-1.8.1-api.jar with StructureTransformAction
Transforming jetified-activity-compose-1.8.1-api.jar with StructureTransformAction
Transforming jetified-activity-ktx-1.8.1-api.jar with StructureTransformAction
Transforming jetified-core-ktx-1.12.0-api.jar with StructureTransformAction
Transforming room-common-2.6.1.jar with StructureTransformAction
Transforming room-runtime-2.6.1-api.jar with StructureTransformAction
Transforming jetified-room-ktx-2.6.1-api.jar with StructureTransformAction
Transforming jetified-datastore-preferences-1.0.0-api.jar with StructureTransformAction
Transforming jetified-annotation-experimental-1.3.0-api.jar with StructureTransformAction
Transforming jetified-datastore-1.0.0-api.jar with StructureTransformAction
Transforming jetified-runtime-saveable-release-api.jar with StructureTransformAction
Transforming jetified-runtime-release-api.jar with StructureTransformAction
Transforming jetified-datastore-preferences-core-1.0.0.jar with StructureTransformAction
Transforming jetified-datastore-core-1.0.0.jar with StructureTransformAction
Transforming jetified-kotlinx-coroutines-core-jvm-1.7.3.jar with StructureTransformAction
Transforming jetified-kotlinx-coroutines-android-1.7.3.jar with StructureTransformAction
Transforming jetified-kotlin-stdlib-jdk8-1.8.22.jar with StructureTransformAction
Transforming jetified-savedstate-ktx-1.2.1-api.jar with StructureTransformAction
Transforming jetified-savedstate-1.2.1-api.jar with StructureTransformAction
Transforming sqlite-framework-2.4.0-api.jar with StructureTransformAction
Transforming sqlite-2.4.0-api.jar with StructureTransformAction
Transforming versionedparcelable-1.1.1-api.jar with StructureTransformAction
Transforming core-runtime-2.2.0-api.jar with StructureTransformAction
Transforming core-common-2.2.0.jar with StructureTransformAction
Transforming collection-1.1.0.jar with StructureTransformAction
Transforming interpolator-1.0.0-api.jar with StructureTransformAction
Transforming cursoradapter-1.0.0-api.jar with StructureTransformAction
Transforming documentfile-1.0.0-api.jar with StructureTransformAction
Transforming localbroadcastmanager-1.0.0-api.jar with StructureTransformAction
Transforming print-1.0.0-api.jar with StructureTransformAction
Transforming jetified-annotation-jvm-1.6.0.jar with StructureTransformAction
Transforming jetified-kotlin-stdlib-jdk7-1.8.22.jar with StructureTransformAction
Transforming jetified-kotlin-stdlib-1.9.20.jar with StructureTransformAction
Transforming jetified-annotations-23.0.0.jar with StructureTransformAction
Transforming jetified-google-api-client-android-2.2.0.jar with StructureTransformAction
Transforming jetified-google-api-services-drive-v3-rev20220815-2.0.0.jar with StructureTransformAction
Transforming jetified-google-api-client-2.0.0.jar with StructureTransformAction
Transforming jetified-google-oauth-client-1.34.1.jar with StructureTransformAction
Transforming jetified-google-http-client-gson-1.43.3.jar with StructureTransformAction
Transforming jetified-google-http-client-apache-v2-1.42.1.jar with StructureTransformAction
Transforming jetified-google-http-client-1.43.3.jar with StructureTransformAction
Transforming jetified-opencensus-contrib-http-util-0.31.1.jar with StructureTransformAction
Transforming jetified-guava-31.1-jre.jar with StructureTransformAction
Transforming jetified-listenablefuture-9999.0-empty-to-avoid-conflict-with-guava.jar with StructureTransformAction
Transforming jetified-startup-runtime-1.1.1-api.jar with StructureTransformAction
Transforming jetified-httpclient-4.5.14.jar with StructureTransformAction
Transforming jetified-httpcore-4.4.16.jar with StructureTransformAction
Transforming jetified-commons-logging-1.2.jar with StructureTransformAction
Transforming jetified-commons-codec-1.11.jar with StructureTransformAction
Transforming jetified-jsr305-3.0.2.jar with StructureTransformAction
Transforming jetified-error_prone_annotations-2.18.0.jar with StructureTransformAction
Transforming jetified-failureaccess-1.0.1.jar with StructureTransformAction
Transforming jetified-checker-qual-3.12.0.jar with StructureTransformAction
Transforming jetified-j2objc-annotations-2.8.jar with StructureTransformAction
Transforming jetified-opencensus-api-0.31.1.jar with StructureTransformAction
Transforming jetified-grpc-context-1.27.2.jar with StructureTransformAction
Transforming jetified-gson-2.10.1.jar with StructureTransformAction
Transforming android.jar with StructureTransformAction
Transforming core-lambda-stubs.jar with StructureTransformAction
file or directory 'E:\Dev\projects\gdrivesync\app\src\debug\kotlin', not found
file or directory 'E:\Dev\projects\gdrivesync\app\src\debug\kotlin', not found
file or directory 'E:\Dev\projects\gdrivesync\app\src\debug\java', not found
file or directory 'E:\Dev\projects\gdrivesync\app\src\debug\kotlin', not found
file or directory 'E:\Dev\projects\gdrivesync\app\src\debug\java', not found
file or directory 'E:\Dev\projects\gdrivesync\app\src\main\kotlin', not found
file or directory 'E:\Dev\projects\gdrivesync\app\src\main\kotlin', not found
file or directory 'E:\Dev\projects\gdrivesync\app\src\main\kotlin', not found
file or directory 'E:\Dev\projects\gdrivesync\app\src\main\kotlin', not found
file or directory 'E:\Dev\projects\gdrivesync\app\src\main\kotlin', not found
file or directory 'E:\Dev\projects\gdrivesync\app\src\main\kotlin', not found
file or directory 'E:\Dev\projects\gdrivesync\app\src\debug\kotlin', not found
file or directory 'E:\Dev\projects\gdrivesync\app\src\debug\kotlin', not found
file or directory 'E:\Dev\projects\gdrivesync\app\src\debug\java', not found
file or directory 'E:\Dev\projects\gdrivesync\app\src\debug\kotlin', not found
file or directory 'E:\Dev\projects\gdrivesync\app\src\debug\java', not found
file or directory 'E:\Dev\projects\gdrivesync\app\src\debug\java', not found
Caching disabled for task ':app:kaptDebugKotlin' because:
  Build cache is disabled
Skipping task ':app:kaptDebugKotlin' as it is up-to-date.
Resolve mutations for :app:compileDebugKotlin (Thread[Execution worker Thread 7,5,main]) started.
:app:compileDebugKotlin (Thread[Execution worker Thread 7,5,main]) started.
Resolve mutations for :app:javaPreCompileDebug (Thread[Execution worker Thread 5,5,main]) started.
:app:javaPreCompileDebug (Thread[Execution worker Thread 13,5,main]) started.

> Task :app:javaPreCompileDebug UP-TO-DATE
Caching disabled for task ':app:javaPreCompileDebug' because:
  Build cache is disabled
Skipping task ':app:javaPreCompileDebug' as it is up-to-date.
Resolve mutations for :app:mergeDebugShaders (Thread[Execution worker Thread 13,5,main]) started.
:app:mergeDebugShaders (Thread[Execution worker Thread 13,5,main]) started.

> Task :app:mergeDebugShaders UP-TO-DATE
Caching disabled for task ':app:mergeDebugShaders' because:
  Build cache is disabled
Skipping task ':app:mergeDebugShaders' as it is up-to-date.
Resolve mutations for :app:compileDebugShaders (Thread[Execution worker Thread 13,5,main]) started.
:app:compileDebugShaders (Thread[Execution worker Thread 13,5,main]) started.

> Task :app:compileDebugShaders NO-SOURCE
Skipping task ':app:compileDebugShaders' as it has no source files and no previous output files.
Resolve mutations for :app:generateDebugAssets (Thread[Execution worker Thread 13,5,main]) started.
:app:generateDebugAssets (Thread[Execution worker Thread 6,5,main]) started.

> Task :app:generateDebugAssets UP-TO-DATE
Skipping task ':app:generateDebugAssets' as it has no actions.
Resolve mutations for :app:mergeDebugAssets (Thread[Execution worker Thread 6,5,main]) started.
:app:mergeDebugAssets (Thread[Execution worker Thread 6,5,main]) started.

> Task :app:mergeDebugAssets UP-TO-DATE
Transforming play-services-auth-20.7.0.aar (com.google.android.gms:play-services-auth:20.7.0) with JetifyTransform
Transforming play-services-auth-20.7.0.aar (com.google.android.gms:play-services-auth:20.7.0) with ExtractAarTransform
Transforming play-services-auth-20.7.0.aar (com.google.android.gms:play-services-auth:20.7.0) with AarTransform
Transforming play-services-auth-api-phone-18.0.1.aar (com.google.android.gms:play-services-auth-api-phone:18.0.1) with JetifyTransform
Transforming play-services-auth-api-phone-18.0.1.aar (com.google.android.gms:play-services-auth-api-phone:18.0.1) with ExtractAarTransform
Transforming play-services-auth-api-phone-18.0.1.aar (com.google.android.gms:play-services-auth-api-phone:18.0.1) with AarTransform
Transforming play-services-auth-base-18.0.4.aar (com.google.android.gms:play-services-auth-base:18.0.4) with JetifyTransform
Transforming play-services-auth-base-18.0.4.aar (com.google.android.gms:play-services-auth-base:18.0.4) with ExtractAarTransform
Transforming play-services-auth-base-18.0.4.aar (com.google.android.gms:play-services-auth-base:18.0.4) with AarTransform
Transforming play-services-fido-20.0.1.aar (com.google.android.gms:play-services-fido:20.0.1) with JetifyTransform
Transforming play-services-fido-20.0.1.aar (com.google.android.gms:play-services-fido:20.0.1) with ExtractAarTransform
Transforming play-services-fido-20.0.1.aar (com.google.android.gms:play-services-fido:20.0.1) with AarTransform
Transforming play-services-base-18.0.1.aar (com.google.android.gms:play-services-base:18.0.1) with JetifyTransform
Transforming play-services-base-18.0.1.aar (com.google.android.gms:play-services-base:18.0.1) with ExtractAarTransform
Transforming play-services-base-18.0.1.aar (com.google.android.gms:play-services-base:18.0.1) with AarTransform
Transforming play-services-tasks-18.0.1.aar (com.google.android.gms:play-services-tasks:18.0.1) with JetifyTransform
Transforming play-services-tasks-18.0.1.aar (com.google.android.gms:play-services-tasks:18.0.1) with ExtractAarTransform
Transforming play-services-tasks-18.0.1.aar (com.google.android.gms:play-services-tasks:18.0.1) with AarTransform
Transforming play-services-basement-18.2.0.aar (com.google.android.gms:play-services-basement:18.2.0) with JetifyTransform
Transforming play-services-basement-18.2.0.aar (com.google.android.gms:play-services-basement:18.2.0) with ExtractAarTransform
Transforming play-services-basement-18.2.0.aar (com.google.android.gms:play-services-basement:18.2.0) with AarTransform
Transforming fragment-1.0.0.aar (androidx.fragment:fragment:1.0.0) with JetifyTransform
Transforming fragment-1.0.0.aar (androidx.fragment:fragment:1.0.0) with ExtractAarTransform
Transforming fragment-1.0.0.aar (androidx.fragment:fragment:1.0.0) with AarTransform
Transforming legacy-support-core-ui-1.0.0.aar (androidx.legacy:legacy-support-core-ui:1.0.0) with JetifyTransform
Transforming legacy-support-core-ui-1.0.0.aar (androidx.legacy:legacy-support-core-ui:1.0.0) with ExtractAarTransform
Transforming legacy-support-core-ui-1.0.0.aar (androidx.legacy:legacy-support-core-ui:1.0.0) with AarTransform
Transforming legacy-support-core-utils-1.0.0.aar (androidx.legacy:legacy-support-core-utils:1.0.0) with JetifyTransform
Transforming legacy-support-core-utils-1.0.0.aar (androidx.legacy:legacy-support-core-utils:1.0.0) with ExtractAarTransform
Transforming legacy-support-core-utils-1.0.0.aar (androidx.legacy:legacy-support-core-utils:1.0.0) with AarTransform
Transforming loader-1.0.0.aar (androidx.loader:loader:1.0.0) with JetifyTransform
Transforming loader-1.0.0.aar (androidx.loader:loader:1.0.0) with ExtractAarTransform
Transforming loader-1.0.0.aar (androidx.loader:loader:1.0.0) with AarTransform
Transforming work-runtime-ktx-2.9.0.aar (androidx.work:work-runtime-ktx:2.9.0) with JetifyTransform
Transforming work-runtime-ktx-2.9.0.aar (androidx.work:work-runtime-ktx:2.9.0) with ExtractAarTransform
Transforming work-runtime-ktx-2.9.0.aar (androidx.work:work-runtime-ktx:2.9.0) with AarTransform
Transforming work-runtime-2.9.0.aar (androidx.work:work-runtime:2.9.0) with JetifyTransform
Transforming work-runtime-2.9.0.aar (androidx.work:work-runtime:2.9.0) with ExtractAarTransform
Transforming work-runtime-2.9.0.aar (androidx.work:work-runtime:2.9.0) with AarTransform
Transforming navigation-common-2.7.5.aar (androidx.navigation:navigation-common:2.7.5) with JetifyTransform
Transforming navigation-common-2.7.5.aar (androidx.navigation:navigation-common:2.7.5) with ExtractAarTransform
Transforming navigation-common-2.7.5.aar (androidx.navigation:navigation-common:2.7.5) with AarTransform
Transforming navigation-runtime-2.7.5.aar (androidx.navigation:navigation-runtime:2.7.5) with JetifyTransform
Transforming navigation-runtime-2.7.5.aar (androidx.navigation:navigation-runtime:2.7.5) with ExtractAarTransform
Transforming navigation-runtime-2.7.5.aar (androidx.navigation:navigation-runtime:2.7.5) with AarTransform
Transforming navigation-common-ktx-2.7.5.aar (androidx.navigation:navigation-common-ktx:2.7.5) with JetifyTransform
Transforming navigation-common-ktx-2.7.5.aar (androidx.navigation:navigation-common-ktx:2.7.5) with ExtractAarTransform
Transforming navigation-common-ktx-2.7.5.aar (androidx.navigation:navigation-common-ktx:2.7.5) with AarTransform
Transforming navigation-runtime-ktx-2.7.5.aar (androidx.navigation:navigation-runtime-ktx:2.7.5) with JetifyTransform
Transforming navigation-runtime-ktx-2.7.5.aar (androidx.navigation:navigation-runtime-ktx:2.7.5) with ExtractAarTransform
Transforming navigation-runtime-ktx-2.7.5.aar (androidx.navigation:navigation-runtime-ktx:2.7.5) with AarTransform
Transforming navigation-compose-2.7.5.aar (androidx.navigation:navigation-compose:2.7.5) with JetifyTransform
Transforming navigation-compose-2.7.5.aar (androidx.navigation:navigation-compose:2.7.5) with ExtractAarTransform
Transforming navigation-compose-2.7.5.aar (androidx.navigation:navigation-compose:2.7.5) with AarTransform
Transforming material3-1.1.2.aar (androidx.compose.material3:material3:1.1.2) with JetifyTransform
Transforming material3-1.1.2.aar (androidx.compose.material3:material3:1.1.2) with ExtractAarTransform
Transforming material3-1.1.2.aar (androidx.compose.material3:material3:1.1.2) with AarTransform
Transforming activity-1.8.1.aar (androidx.activity:activity:1.8.1) with JetifyTransform
Transforming activity-1.8.1.aar (androidx.activity:activity:1.8.1) with ExtractAarTransform
Transforming activity-1.8.1.aar (androidx.activity:activity:1.8.1) with AarTransform
Transforming activity-ktx-1.8.1.aar (androidx.activity:activity-ktx:1.8.1) with JetifyTransform
Transforming activity-ktx-1.8.1.aar (androidx.activity:activity-ktx:1.8.1) with ExtractAarTransform
Transforming activity-ktx-1.8.1.aar (androidx.activity:activity-ktx:1.8.1) with AarTransform
Transforming material-ripple-release.aar (androidx.compose.material:material-ripple-android:1.5.4) with JetifyTransform
Transforming material-ripple-release.aar (androidx.compose.material:material-ripple-android:1.5.4) with ExtractAarTransform
Transforming material-ripple-release.aar (androidx.compose.material:material-ripple-android:1.5.4) with AarTransform
Transforming material-icons-core-release.aar (androidx.compose.material:material-icons-core-android:1.5.4) with JetifyTransform
Transforming material-icons-core-release.aar (androidx.compose.material:material-icons-core-android:1.5.4) with ExtractAarTransform
Transforming material-icons-core-release.aar (androidx.compose.material:material-icons-core-android:1.5.4) with AarTransform
Transforming material-icons-extended-release.aar (androidx.compose.material:material-icons-extended-android:1.5.4) with JetifyTransform
Transforming material-icons-extended-release.aar (androidx.compose.material:material-icons-extended-android:1.5.4) with ExtractAarTransform
Transforming material-icons-extended-release.aar (androidx.compose.material:material-icons-extended-android:1.5.4) with AarTransform
Transforming material-release.aar (androidx.compose.material:material-android:1.5.4) with JetifyTransform
Transforming material-release.aar (androidx.compose.material:material-android:1.5.4) with ExtractAarTransform
Transforming material-release.aar (androidx.compose.material:material-android:1.5.4) with AarTransform
Transforming animation-core-release.aar (androidx.compose.animation:animation-core-android:1.5.4) with JetifyTransform
Transforming animation-core-release.aar (androidx.compose.animation:animation-core-android:1.5.4) with ExtractAarTransform
Transforming animation-core-release.aar (androidx.compose.animation:animation-core-android:1.5.4) with AarTransform
Transforming animation-release.aar (androidx.compose.animation:animation-android:1.5.4) with JetifyTransform
Transforming animation-release.aar (androidx.compose.animation:animation-android:1.5.4) with ExtractAarTransform
Transforming animation-release.aar (androidx.compose.animation:animation-android:1.5.4) with AarTransform
Transforming foundation-layout-release.aar (androidx.compose.foundation:foundation-layout-android:1.5.4) with JetifyTransform
Transforming foundation-layout-release.aar (androidx.compose.foundation:foundation-layout-android:1.5.4) with ExtractAarTransform
Transforming foundation-layout-release.aar (androidx.compose.foundation:foundation-layout-android:1.5.4) with AarTransform
Transforming foundation-release.aar (androidx.compose.foundation:foundation-android:1.5.4) with JetifyTransform
Transforming foundation-release.aar (androidx.compose.foundation:foundation-android:1.5.4) with ExtractAarTransform
Transforming foundation-release.aar (androidx.compose.foundation:foundation-android:1.5.4) with AarTransform
Transforming ui-tooling-data-release.aar (androidx.compose.ui:ui-tooling-data-android:1.5.4) with JetifyTransform
Transforming ui-tooling-data-release.aar (androidx.compose.ui:ui-tooling-data-android:1.5.4) with ExtractAarTransform
Transforming ui-tooling-data-release.aar (androidx.compose.ui:ui-tooling-data-android:1.5.4) with AarTransform
Transforming ui-unit-release.aar (androidx.compose.ui:ui-unit-android:1.5.4) with JetifyTransform
Transforming ui-unit-release.aar (androidx.compose.ui:ui-unit-android:1.5.4) with ExtractAarTransform
Transforming ui-unit-release.aar (androidx.compose.ui:ui-unit-android:1.5.4) with AarTransform
Transforming ui-geometry-release.aar (androidx.compose.ui:ui-geometry-android:1.5.4) with JetifyTransform
Transforming ui-geometry-release.aar (androidx.compose.ui:ui-geometry-android:1.5.4) with ExtractAarTransform
Transforming ui-geometry-release.aar (androidx.compose.ui:ui-geometry-android:1.5.4) with AarTransform
Transforming ui-util-release.aar (androidx.compose.ui:ui-util-android:1.5.4) with JetifyTransform
Transforming ui-util-release.aar (androidx.compose.ui:ui-util-android:1.5.4) with ExtractAarTransform
Transforming ui-util-release.aar (androidx.compose.ui:ui-util-android:1.5.4) with AarTransform
Transforming ui-text-release.aar (androidx.compose.ui:ui-text-android:1.5.4) with JetifyTransform
Transforming ui-text-release.aar (androidx.compose.ui:ui-text-android:1.5.4) with ExtractAarTransform
Transforming ui-text-release.aar (androidx.compose.ui:ui-text-android:1.5.4) with AarTransform
Transforming ui-tooling-preview-release.aar (androidx.compose.ui:ui-tooling-preview-android:1.5.4) with JetifyTransform
Transforming ui-tooling-preview-release.aar (androidx.compose.ui:ui-tooling-preview-android:1.5.4) with ExtractAarTransform
Transforming ui-tooling-preview-release.aar (androidx.compose.ui:ui-tooling-preview-android:1.5.4) with AarTransform
Transforming ui-graphics-release.aar (androidx.compose.ui:ui-graphics-android:1.5.4) with JetifyTransform
Transforming ui-graphics-release.aar (androidx.compose.ui:ui-graphics-android:1.5.4) with ExtractAarTransform
Transforming ui-graphics-release.aar (androidx.compose.ui:ui-graphics-android:1.5.4) with AarTransform
Transforming ui-test-manifest-1.5.4.aar (androidx.compose.ui:ui-test-manifest:1.5.4) with JetifyTransform
Transforming ui-test-manifest-1.5.4.aar (androidx.compose.ui:ui-test-manifest:1.5.4) with ExtractAarTransform
Transforming ui-test-manifest-1.5.4.aar (androidx.compose.ui:ui-test-manifest:1.5.4) with AarTransform
Transforming ui-tooling-release.aar (androidx.compose.ui:ui-tooling-android:1.5.4) with JetifyTransform
Transforming ui-tooling-release.aar (androidx.compose.ui:ui-tooling-android:1.5.4) with ExtractAarTransform
Transforming ui-tooling-release.aar (androidx.compose.ui:ui-tooling-android:1.5.4) with AarTransform
Transforming activity-compose-1.8.1.aar (androidx.activity:activity-compose:1.8.1) with JetifyTransform
Transforming activity-compose-1.8.1.aar (androidx.activity:activity-compose:1.8.1) with ExtractAarTransform
Transforming activity-compose-1.8.1.aar (androidx.activity:activity-compose:1.8.1) with AarTransform
Transforming emoji2-1.4.0.aar (androidx.emoji2:emoji2:1.4.0) with JetifyTransform
Transforming emoji2-1.4.0.aar (androidx.emoji2:emoji2:1.4.0) with ExtractAarTransform
Transforming emoji2-1.4.0.aar (androidx.emoji2:emoji2:1.4.0) with AarTransform
Transforming lifecycle-process-2.6.2.aar (androidx.lifecycle:lifecycle-process:2.6.2) with JetifyTransform
Transforming lifecycle-process-2.6.2.aar (androidx.lifecycle:lifecycle-process:2.6.2) with ExtractAarTransform
Transforming lifecycle-process-2.6.2.aar (androidx.lifecycle:lifecycle-process:2.6.2) with AarTransform
Transforming lifecycle-service-2.6.2.aar (androidx.lifecycle:lifecycle-service:2.6.2) with JetifyTransform
Transforming lifecycle-service-2.6.2.aar (androidx.lifecycle:lifecycle-service:2.6.2) with ExtractAarTransform
Transforming lifecycle-service-2.6.2.aar (androidx.lifecycle:lifecycle-service:2.6.2) with AarTransform
Transforming lifecycle-livedata-2.6.2.aar (androidx.lifecycle:lifecycle-livedata:2.6.2) with JetifyTransform
Transforming lifecycle-livedata-2.6.2.aar (androidx.lifecycle:lifecycle-livedata:2.6.2) with ExtractAarTransform
Transforming lifecycle-livedata-2.6.2.aar (androidx.lifecycle:lifecycle-livedata:2.6.2) with AarTransform
Transforming lifecycle-livedata-2.6.2.aar (androidx.lifecycle:lifecycle-livedata:2.6.2) with JetifyTransform
Transforming lifecycle-livedata-2.6.2.aar (androidx.lifecycle:lifecycle-livedata:2.6.2) with ExtractAarTransform
Transforming lifecycle-livedata-2.6.2.aar (androidx.lifecycle:lifecycle-livedata:2.6.2) with AarTransform
Transforming lifecycle-livedata-core-2.6.2.aar (androidx.lifecycle:lifecycle-livedata-core:2.6.2) with JetifyTransform
Transforming lifecycle-livedata-core-2.6.2.aar (androidx.lifecycle:lifecycle-livedata-core:2.6.2) with ExtractAarTransform
Transforming lifecycle-livedata-core-2.6.2.aar (androidx.lifecycle:lifecycle-livedata-core:2.6.2) with AarTransform
Transforming savedstate-ktx-1.2.1.aar (androidx.savedstate:savedstate-ktx:1.2.1) with JetifyTransform
Transforming savedstate-ktx-1.2.1.aar (androidx.savedstate:savedstate-ktx:1.2.1) with ExtractAarTransform
Transforming savedstate-ktx-1.2.1.aar (androidx.savedstate:savedstate-ktx:1.2.1) with AarTransform
Transforming savedstate-1.2.1.aar (androidx.savedstate:savedstate:1.2.1) with JetifyTransform
Transforming savedstate-1.2.1.aar (androidx.savedstate:savedstate:1.2.1) with ExtractAarTransform
Transforming savedstate-1.2.1.aar (androidx.savedstate:savedstate:1.2.1) with AarTransform
Transforming lifecycle-viewmodel-savedstate-2.6.2.aar (androidx.lifecycle:lifecycle-viewmodel-savedstate:2.6.2) with JetifyTransform
Transforming lifecycle-viewmodel-savedstate-2.6.2.aar (androidx.lifecycle:lifecycle-viewmodel-savedstate:2.6.2) with ExtractAarTransform
Transforming lifecycle-viewmodel-savedstate-2.6.2.aar (androidx.lifecycle:lifecycle-viewmodel-savedstate:2.6.2) with AarTransform
Transforming lifecycle-viewmodel-ktx-2.6.2.aar (androidx.lifecycle:lifecycle-viewmodel-ktx:2.6.2) with JetifyTransform
Transforming lifecycle-viewmodel-ktx-2.6.2.aar (androidx.lifecycle:lifecycle-viewmodel-ktx:2.6.2) with ExtractAarTransform
Transforming lifecycle-viewmodel-ktx-2.6.2.aar (androidx.lifecycle:lifecycle-viewmodel-ktx:2.6.2) with AarTransform
Transforming lifecycle-viewmodel-2.6.2.aar (androidx.lifecycle:lifecycle-viewmodel:2.6.2) with JetifyTransform
Transforming lifecycle-viewmodel-2.6.2.aar (androidx.lifecycle:lifecycle-viewmodel:2.6.2) with ExtractAarTransform
Transforming lifecycle-viewmodel-2.6.2.aar (androidx.lifecycle:lifecycle-viewmodel:2.6.2) with AarTransform
Transforming lifecycle-viewmodel-2.6.2.aar (androidx.lifecycle:lifecycle-viewmodel:2.6.2) with JetifyTransform
Transforming lifecycle-viewmodel-2.6.2.aar (androidx.lifecycle:lifecycle-viewmodel:2.6.2) with ExtractAarTransform
Transforming lifecycle-viewmodel-2.6.2.aar (androidx.lifecycle:lifecycle-viewmodel:2.6.2) with AarTransform
Transforming lifecycle-runtime-2.6.2.aar (androidx.lifecycle:lifecycle-runtime:2.6.2) with JetifyTransform
Transforming lifecycle-runtime-2.6.2.aar (androidx.lifecycle:lifecycle-runtime:2.6.2) with ExtractAarTransform
Transforming lifecycle-runtime-2.6.2.aar (androidx.lifecycle:lifecycle-runtime:2.6.2) with AarTransform
Transforming lifecycle-runtime-ktx-2.6.2.aar (androidx.lifecycle:lifecycle-runtime-ktx:2.6.2) with JetifyTransform
Transforming lifecycle-runtime-ktx-2.6.2.aar (androidx.lifecycle:lifecycle-runtime-ktx:2.6.2) with ExtractAarTransform
Transforming lifecycle-runtime-ktx-2.6.2.aar (androidx.lifecycle:lifecycle-runtime-ktx:2.6.2) with AarTransform
Transforming lifecycle-viewmodel-compose-2.6.2.aar (androidx.lifecycle:lifecycle-viewmodel-compose:2.6.2) with JetifyTransform
Transforming lifecycle-viewmodel-compose-2.6.2.aar (androidx.lifecycle:lifecycle-viewmodel-compose:2.6.2) with ExtractAarTransform
Transforming lifecycle-viewmodel-compose-2.6.2.aar (androidx.lifecycle:lifecycle-viewmodel-compose:2.6.2) with AarTransform
Transforming ui-release.aar (androidx.compose.ui:ui-android:1.5.4) with JetifyTransform
Transforming ui-release.aar (androidx.compose.ui:ui-android:1.5.4) with ExtractAarTransform
Transforming ui-release.aar (androidx.compose.ui:ui-android:1.5.4) with AarTransform
Transforming autofill-1.0.0.aar (androidx.autofill:autofill:1.0.0) with JetifyTransform
Transforming autofill-1.0.0.aar (androidx.autofill:autofill:1.0.0) with ExtractAarTransform
Transforming autofill-1.0.0.aar (androidx.autofill:autofill:1.0.0) with AarTransform
Transforming viewpager-1.0.0.aar (androidx.viewpager:viewpager:1.0.0) with JetifyTransform
Transforming viewpager-1.0.0.aar (androidx.viewpager:viewpager:1.0.0) with ExtractAarTransform
Transforming viewpager-1.0.0.aar (androidx.viewpager:viewpager:1.0.0) with AarTransform
Transforming coordinatorlayout-1.0.0.aar (androidx.coordinatorlayout:coordinatorlayout:1.0.0) with JetifyTransform
Transforming coordinatorlayout-1.0.0.aar (androidx.coordinatorlayout:coordinatorlayout:1.0.0) with ExtractAarTransform
Transforming coordinatorlayout-1.0.0.aar (androidx.coordinatorlayout:coordinatorlayout:1.0.0) with AarTransform
Transforming drawerlayout-1.0.0.aar (androidx.drawerlayout:drawerlayout:1.0.0) with JetifyTransform
Transforming drawerlayout-1.0.0.aar (androidx.drawerlayout:drawerlayout:1.0.0) with ExtractAarTransform
Transforming drawerlayout-1.0.0.aar (androidx.drawerlayout:drawerlayout:1.0.0) with AarTransform
Transforming slidingpanelayout-1.0.0.aar (androidx.slidingpanelayout:slidingpanelayout:1.0.0) with JetifyTransform
Transforming slidingpanelayout-1.0.0.aar (androidx.slidingpanelayout:slidingpanelayout:1.0.0) with ExtractAarTransform
Transforming slidingpanelayout-1.0.0.aar (androidx.slidingpanelayout:slidingpanelayout:1.0.0) with AarTransform
Transforming customview-1.0.0.aar (androidx.customview:customview:1.0.0) with JetifyTransform
Transforming customview-1.0.0.aar (androidx.customview:customview:1.0.0) with ExtractAarTransform
Transforming customview-1.0.0.aar (androidx.customview:customview:1.0.0) with AarTransform
Transforming swiperefreshlayout-1.0.0.aar (androidx.swiperefreshlayout:swiperefreshlayout:1.0.0) with JetifyTransform
Transforming swiperefreshlayout-1.0.0.aar (androidx.swiperefreshlayout:swiperefreshlayout:1.0.0) with ExtractAarTransform
Transforming swiperefreshlayout-1.0.0.aar (androidx.swiperefreshlayout:swiperefreshlayout:1.0.0) with AarTransform
Transforming asynclayoutinflater-1.0.0.aar (androidx.asynclayoutinflater:asynclayoutinflater:1.0.0) with JetifyTransform
Transforming asynclayoutinflater-1.0.0.aar (androidx.asynclayoutinflater:asynclayoutinflater:1.0.0) with ExtractAarTransform
Transforming asynclayoutinflater-1.0.0.aar (androidx.asynclayoutinflater:asynclayoutinflater:1.0.0) with AarTransform
Transforming core-1.12.0.aar (androidx.core:core:1.12.0) with JetifyTransform
Transforming core-1.12.0.aar (androidx.core:core:1.12.0) with ExtractAarTransform
Transforming core-1.12.0.aar (androidx.core:core:1.12.0) with AarTransform
Transforming core-1.12.0.aar (androidx.core:core:1.12.0) with JetifyTransform
Transforming core-1.12.0.aar (androidx.core:core:1.12.0) with ExtractAarTransform
Transforming core-1.12.0.aar (androidx.core:core:1.12.0) with AarTransform
Transforming customview-poolingcontainer-1.0.0.aar (androidx.customview:customview-poolingcontainer:1.0.0) with JetifyTransform
Transforming customview-poolingcontainer-1.0.0.aar (androidx.customview:customview-poolingcontainer:1.0.0) with ExtractAarTransform
Transforming customview-poolingcontainer-1.0.0.aar (androidx.customview:customview-poolingcontainer:1.0.0) with AarTransform
Transforming core-ktx-1.12.0.aar (androidx.core:core-ktx:1.12.0) with JetifyTransform
Transforming core-ktx-1.12.0.aar (androidx.core:core-ktx:1.12.0) with ExtractAarTransform
Transforming core-ktx-1.12.0.aar (androidx.core:core-ktx:1.12.0) with AarTransform
Transforming room-runtime-2.6.1.aar (androidx.room:room-runtime:2.6.1) with JetifyTransform
Transforming room-runtime-2.6.1.aar (androidx.room:room-runtime:2.6.1) with ExtractAarTransform
Transforming room-runtime-2.6.1.aar (androidx.room:room-runtime:2.6.1) with AarTransform
Transforming room-ktx-2.6.1.aar (androidx.room:room-ktx:2.6.1) with JetifyTransform
Transforming room-ktx-2.6.1.aar (androidx.room:room-ktx:2.6.1) with ExtractAarTransform
Transforming room-ktx-2.6.1.aar (androidx.room:room-ktx:2.6.1) with AarTransform
Transforming datastore-preferences-1.0.0.aar (androidx.datastore:datastore-preferences:1.0.0) with JetifyTransform
Transforming datastore-preferences-1.0.0.aar (androidx.datastore:datastore-preferences:1.0.0) with ExtractAarTransform
Transforming datastore-preferences-1.0.0.aar (androidx.datastore:datastore-preferences:1.0.0) with AarTransform
Transforming sqlite-framework-2.4.0.aar (androidx.sqlite:sqlite-framework:2.4.0) with JetifyTransform
Transforming sqlite-framework-2.4.0.aar (androidx.sqlite:sqlite-framework:2.4.0) with ExtractAarTransform
Transforming sqlite-framework-2.4.0.aar (androidx.sqlite:sqlite-framework:2.4.0) with AarTransform
Transforming sqlite-2.4.0.aar (androidx.sqlite:sqlite:2.4.0) with JetifyTransform
Transforming sqlite-2.4.0.aar (androidx.sqlite:sqlite:2.4.0) with ExtractAarTransform
Transforming sqlite-2.4.0.aar (androidx.sqlite:sqlite:2.4.0) with AarTransform
Transforming datastore-1.0.0.aar (androidx.datastore:datastore:1.0.0) with JetifyTransform
Transforming datastore-1.0.0.aar (androidx.datastore:datastore:1.0.0) with ExtractAarTransform
Transforming datastore-1.0.0.aar (androidx.datastore:datastore:1.0.0) with AarTransform
Transforming annotation-experimental-1.3.0.aar (androidx.annotation:annotation-experimental:1.3.0) with JetifyTransform
Transforming annotation-experimental-1.3.0.aar (androidx.annotation:annotation-experimental:1.3.0) with ExtractAarTransform
Transforming annotation-experimental-1.3.0.aar (androidx.annotation:annotation-experimental:1.3.0) with AarTransform
Transforming runtime-saveable-release.aar (androidx.compose.runtime:runtime-saveable-android:1.5.4) with JetifyTransform
Transforming runtime-saveable-release.aar (androidx.compose.runtime:runtime-saveable-android:1.5.4) with ExtractAarTransform
Transforming runtime-saveable-release.aar (androidx.compose.runtime:runtime-saveable-android:1.5.4) with AarTransform
Transforming runtime-release.aar (androidx.compose.runtime:runtime-android:1.5.4) with JetifyTransform
Transforming runtime-release.aar (androidx.compose.runtime:runtime-android:1.5.4) with ExtractAarTransform
Transforming runtime-release.aar (androidx.compose.runtime:runtime-android:1.5.4) with AarTransform
Transforming core-runtime-2.2.0.aar (androidx.arch.core:core-runtime:2.2.0) with JetifyTransform
Transforming core-runtime-2.2.0.aar (androidx.arch.core:core-runtime:2.2.0) with ExtractAarTransform
Transforming core-runtime-2.2.0.aar (androidx.arch.core:core-runtime:2.2.0) with AarTransform
Transforming interpolator-1.0.0.aar (androidx.interpolator:interpolator:1.0.0) with JetifyTransform
Transforming interpolator-1.0.0.aar (androidx.interpolator:interpolator:1.0.0) with ExtractAarTransform
Transforming interpolator-1.0.0.aar (androidx.interpolator:interpolator:1.0.0) with AarTransform
Transforming interpolator-1.0.0.aar (androidx.interpolator:interpolator:1.0.0) with JetifyTransform
Transforming interpolator-1.0.0.aar (androidx.interpolator:interpolator:1.0.0) with ExtractAarTransform
Transforming interpolator-1.0.0.aar (androidx.interpolator:interpolator:1.0.0) with AarTransform
Transforming versionedparcelable-1.1.1.aar (androidx.versionedparcelable:versionedparcelable:1.1.1) with JetifyTransform
Transforming versionedparcelable-1.1.1.aar (androidx.versionedparcelable:versionedparcelable:1.1.1) with ExtractAarTransform
Transforming versionedparcelable-1.1.1.aar (androidx.versionedparcelable:versionedparcelable:1.1.1) with AarTransform
Transforming profileinstaller-1.3.0.aar (androidx.profileinstaller:profileinstaller:1.3.0) with JetifyTransform
Transforming profileinstaller-1.3.0.aar (androidx.profileinstaller:profileinstaller:1.3.0) with ExtractAarTransform
Transforming profileinstaller-1.3.0.aar (androidx.profileinstaller:profileinstaller:1.3.0) with AarTransform
Transforming startup-runtime-1.1.1.aar (androidx.startup:startup-runtime:1.1.1) with JetifyTransform
Transforming startup-runtime-1.1.1.aar (androidx.startup:startup-runtime:1.1.1) with ExtractAarTransform
Transforming startup-runtime-1.1.1.aar (androidx.startup:startup-runtime:1.1.1) with AarTransform
Transforming tracing-1.0.0.aar (androidx.tracing:tracing:1.0.0) with JetifyTransform
Transforming tracing-1.0.0.aar (androidx.tracing:tracing:1.0.0) with ExtractAarTransform
Transforming tracing-1.0.0.aar (androidx.tracing:tracing:1.0.0) with AarTransform
Transforming cursoradapter-1.0.0.aar (androidx.cursoradapter:cursoradapter:1.0.0) with JetifyTransform
Transforming cursoradapter-1.0.0.aar (androidx.cursoradapter:cursoradapter:1.0.0) with ExtractAarTransform
Transforming cursoradapter-1.0.0.aar (androidx.cursoradapter:cursoradapter:1.0.0) with AarTransform
Transforming documentfile-1.0.0.aar (androidx.documentfile:documentfile:1.0.0) with JetifyTransform
Transforming documentfile-1.0.0.aar (androidx.documentfile:documentfile:1.0.0) with ExtractAarTransform
Transforming documentfile-1.0.0.aar (androidx.documentfile:documentfile:1.0.0) with AarTransform
Transforming localbroadcastmanager-1.0.0.aar (androidx.localbroadcastmanager:localbroadcastmanager:1.0.0) with JetifyTransform
Transforming localbroadcastmanager-1.0.0.aar (androidx.localbroadcastmanager:localbroadcastmanager:1.0.0) with ExtractAarTransform
Transforming localbroadcastmanager-1.0.0.aar (androidx.localbroadcastmanager:localbroadcastmanager:1.0.0) with AarTransform
Transforming print-1.0.0.aar (androidx.print:print:1.0.0) with JetifyTransform
Transforming print-1.0.0.aar (androidx.print:print:1.0.0) with ExtractAarTransform
Transforming print-1.0.0.aar (androidx.print:print:1.0.0) with AarTransform
Caching disabled for task ':app:mergeDebugAssets' because:
  Build cache is disabled
Skipping task ':app:mergeDebugAssets' as it is up-to-date.
Resolve mutations for :app:compressDebugAssets (Thread[Execution worker Thread 6,5,main]) started.
:app:compressDebugAssets (Thread[Execution worker Thread 6,5,main]) started.

> Task :app:compressDebugAssets UP-TO-DATE
Caching disabled for task ':app:compressDebugAssets' because:
  Build cache is disabled
Skipping task ':app:compressDebugAssets' as it is up-to-date.
Resolve mutations for :app:desugarDebugFileDependencies (Thread[Execution worker Thread 6,5,main]) started.
:app:desugarDebugFileDependencies (Thread[Execution worker Thread 10,5,main]) started.

> Task :app:desugarDebugFileDependencies UP-TO-DATE
Caching disabled for task ':app:desugarDebugFileDependencies' because:
  Build cache is disabled
Skipping task ':app:desugarDebugFileDependencies' as it is up-to-date.
Resolve mutations for :app:checkDebugDuplicateClasses (Thread[Execution worker Thread 10,5,main]) started.
:app:checkDebugDuplicateClasses (Thread[Execution worker Thread 12,5,main]) started.

> Task :app:checkDebugDuplicateClasses UP-TO-DATE
Transforming play-services-auth-20.7.0.aar (com.google.android.gms:play-services-auth:20.7.0) with JetifyTransform
Transforming play-services-auth-20.7.0.aar (com.google.android.gms:play-services-auth:20.7.0) with AarToClassTransform
Transforming play-services-auth-20.7.0.aar (com.google.android.gms:play-services-auth:20.7.0) with EnumerateClassesTransform
Transforming play-services-auth-api-phone-18.0.1.aar (com.google.android.gms:play-services-auth-api-phone:18.0.1) with JetifyTransform
Transforming play-services-auth-api-phone-18.0.1.aar (com.google.android.gms:play-services-auth-api-phone:18.0.1) with AarToClassTransform
Transforming play-services-auth-api-phone-18.0.1.aar (com.google.android.gms:play-services-auth-api-phone:18.0.1) with EnumerateClassesTransform
Transforming play-services-auth-base-18.0.4.aar (com.google.android.gms:play-services-auth-base:18.0.4) with JetifyTransform
Transforming play-services-auth-base-18.0.4.aar (com.google.android.gms:play-services-auth-base:18.0.4) with AarToClassTransform
Transforming play-services-auth-base-18.0.4.aar (com.google.android.gms:play-services-auth-base:18.0.4) with EnumerateClassesTransform
Transforming play-services-fido-20.0.1.aar (com.google.android.gms:play-services-fido:20.0.1) with JetifyTransform
Transforming play-services-fido-20.0.1.aar (com.google.android.gms:play-services-fido:20.0.1) with AarToClassTransform
Transforming play-services-fido-20.0.1.aar (com.google.android.gms:play-services-fido:20.0.1) with EnumerateClassesTransform
Transforming play-services-base-18.0.1.aar (com.google.android.gms:play-services-base:18.0.1) with JetifyTransform
Transforming play-services-base-18.0.1.aar (com.google.android.gms:play-services-base:18.0.1) with AarToClassTransform
Transforming play-services-base-18.0.1.aar (com.google.android.gms:play-services-base:18.0.1) with EnumerateClassesTransform
Transforming play-services-tasks-18.0.1.aar (com.google.android.gms:play-services-tasks:18.0.1) with JetifyTransform
Transforming play-services-tasks-18.0.1.aar (com.google.android.gms:play-services-tasks:18.0.1) with AarToClassTransform
Transforming play-services-tasks-18.0.1.aar (com.google.android.gms:play-services-tasks:18.0.1) with EnumerateClassesTransform
Transforming play-services-basement-18.2.0.aar (com.google.android.gms:play-services-basement:18.2.0) with JetifyTransform
Transforming play-services-basement-18.2.0.aar (com.google.android.gms:play-services-basement:18.2.0) with AarToClassTransform
Transforming play-services-basement-18.2.0.aar (com.google.android.gms:play-services-basement:18.2.0) with EnumerateClassesTransform
Transforming fragment-1.0.0.aar (androidx.fragment:fragment:1.0.0) with JetifyTransform
Transforming fragment-1.0.0.aar (androidx.fragment:fragment:1.0.0) with AarToClassTransform
Transforming fragment-1.0.0.aar (androidx.fragment:fragment:1.0.0) with EnumerateClassesTransform
Transforming legacy-support-core-ui-1.0.0.aar (androidx.legacy:legacy-support-core-ui:1.0.0) with JetifyTransform
Transforming legacy-support-core-ui-1.0.0.aar (androidx.legacy:legacy-support-core-ui:1.0.0) with AarToClassTransform
Transforming legacy-support-core-ui-1.0.0.aar (androidx.legacy:legacy-support-core-ui:1.0.0) with EnumerateClassesTransform
Transforming legacy-support-core-utils-1.0.0.aar (androidx.legacy:legacy-support-core-utils:1.0.0) with JetifyTransform
Transforming legacy-support-core-utils-1.0.0.aar (androidx.legacy:legacy-support-core-utils:1.0.0) with AarToClassTransform
Transforming legacy-support-core-utils-1.0.0.aar (androidx.legacy:legacy-support-core-utils:1.0.0) with EnumerateClassesTransform
Transforming loader-1.0.0.aar (androidx.loader:loader:1.0.0) with JetifyTransform
Transforming loader-1.0.0.aar (androidx.loader:loader:1.0.0) with AarToClassTransform
Transforming loader-1.0.0.aar (androidx.loader:loader:1.0.0) with EnumerateClassesTransform
Transforming work-runtime-ktx-2.9.0.aar (androidx.work:work-runtime-ktx:2.9.0) with JetifyTransform
Transforming work-runtime-ktx-2.9.0.aar (androidx.work:work-runtime-ktx:2.9.0) with AarToClassTransform
Transforming work-runtime-ktx-2.9.0.aar (androidx.work:work-runtime-ktx:2.9.0) with EnumerateClassesTransform
Transforming work-runtime-2.9.0.aar (androidx.work:work-runtime:2.9.0) with JetifyTransform
Transforming work-runtime-2.9.0.aar (androidx.work:work-runtime:2.9.0) with AarToClassTransform
Transforming work-runtime-2.9.0.aar (androidx.work:work-runtime:2.9.0) with EnumerateClassesTransform
Transforming navigation-common-2.7.5.aar (androidx.navigation:navigation-common:2.7.5) with JetifyTransform
Transforming navigation-common-2.7.5.aar (androidx.navigation:navigation-common:2.7.5) with AarToClassTransform
Transforming navigation-common-2.7.5.aar (androidx.navigation:navigation-common:2.7.5) with EnumerateClassesTransform
Transforming navigation-runtime-2.7.5.aar (androidx.navigation:navigation-runtime:2.7.5) with JetifyTransform
Transforming navigation-runtime-2.7.5.aar (androidx.navigation:navigation-runtime:2.7.5) with AarToClassTransform
Transforming navigation-runtime-2.7.5.aar (androidx.navigation:navigation-runtime:2.7.5) with EnumerateClassesTransform
Transforming navigation-common-ktx-2.7.5.aar (androidx.navigation:navigation-common-ktx:2.7.5) with JetifyTransform
Transforming navigation-common-ktx-2.7.5.aar (androidx.navigation:navigation-common-ktx:2.7.5) with AarToClassTransform
Transforming navigation-common-ktx-2.7.5.aar (androidx.navigation:navigation-common-ktx:2.7.5) with EnumerateClassesTransform
Transforming navigation-runtime-ktx-2.7.5.aar (androidx.navigation:navigation-runtime-ktx:2.7.5) with JetifyTransform
Transforming navigation-runtime-ktx-2.7.5.aar (androidx.navigation:navigation-runtime-ktx:2.7.5) with AarToClassTransform
Transforming navigation-runtime-ktx-2.7.5.aar (androidx.navigation:navigation-runtime-ktx:2.7.5) with EnumerateClassesTransform
Transforming navigation-compose-2.7.5.aar (androidx.navigation:navigation-compose:2.7.5) with JetifyTransform
Transforming navigation-compose-2.7.5.aar (androidx.navigation:navigation-compose:2.7.5) with AarToClassTransform
Transforming navigation-compose-2.7.5.aar (androidx.navigation:navigation-compose:2.7.5) with EnumerateClassesTransform
Transforming material3-1.1.2.aar (androidx.compose.material3:material3:1.1.2) with JetifyTransform
Transforming material3-1.1.2.aar (androidx.compose.material3:material3:1.1.2) with AarToClassTransform
Transforming material3-1.1.2.aar (androidx.compose.material3:material3:1.1.2) with EnumerateClassesTransform
Transforming activity-1.8.1.aar (androidx.activity:activity:1.8.1) with JetifyTransform
Transforming activity-1.8.1.aar (androidx.activity:activity:1.8.1) with AarToClassTransform
Transforming activity-1.8.1.aar (androidx.activity:activity:1.8.1) with EnumerateClassesTransform
Transforming activity-ktx-1.8.1.aar (androidx.activity:activity-ktx:1.8.1) with JetifyTransform
Transforming activity-ktx-1.8.1.aar (androidx.activity:activity-ktx:1.8.1) with AarToClassTransform
Transforming activity-ktx-1.8.1.aar (androidx.activity:activity-ktx:1.8.1) with EnumerateClassesTransform
Transforming material-ripple-release.aar (androidx.compose.material:material-ripple-android:1.5.4) with JetifyTransform
Transforming material-ripple-release.aar (androidx.compose.material:material-ripple-android:1.5.4) with AarToClassTransform
Transforming material-ripple-release.aar (androidx.compose.material:material-ripple-android:1.5.4) with EnumerateClassesTransform
Transforming material-icons-core-release.aar (androidx.compose.material:material-icons-core-android:1.5.4) with JetifyTransform
Transforming material-icons-core-release.aar (androidx.compose.material:material-icons-core-android:1.5.4) with AarToClassTransform
Transforming material-icons-core-release.aar (androidx.compose.material:material-icons-core-android:1.5.4) with EnumerateClassesTransform
Transforming material-icons-extended-release.aar (androidx.compose.material:material-icons-extended-android:1.5.4) with JetifyTransform
Transforming material-icons-extended-release.aar (androidx.compose.material:material-icons-extended-android:1.5.4) with AarToClassTransform
Transforming material-icons-extended-release.aar (androidx.compose.material:material-icons-extended-android:1.5.4) with EnumerateClassesTransform
Transforming material-release.aar (androidx.compose.material:material-android:1.5.4) with JetifyTransform
Transforming material-release.aar (androidx.compose.material:material-android:1.5.4) with AarToClassTransform
Transforming material-release.aar (androidx.compose.material:material-android:1.5.4) with EnumerateClassesTransform
Transforming animation-core-release.aar (androidx.compose.animation:animation-core-android:1.5.4) with JetifyTransform
Transforming animation-core-release.aar (androidx.compose.animation:animation-core-android:1.5.4) with AarToClassTransform
Transforming animation-core-release.aar (androidx.compose.animation:animation-core-android:1.5.4) with EnumerateClassesTransform
Transforming animation-release.aar (androidx.compose.animation:animation-android:1.5.4) with JetifyTransform
Transforming animation-release.aar (androidx.compose.animation:animation-android:1.5.4) with AarToClassTransform
Transforming animation-release.aar (androidx.compose.animation:animation-android:1.5.4) with EnumerateClassesTransform
Transforming foundation-layout-release.aar (androidx.compose.foundation:foundation-layout-android:1.5.4) with JetifyTransform
Transforming foundation-layout-release.aar (androidx.compose.foundation:foundation-layout-android:1.5.4) with AarToClassTransform
Transforming foundation-layout-release.aar (androidx.compose.foundation:foundation-layout-android:1.5.4) with EnumerateClassesTransform
Transforming foundation-release.aar (androidx.compose.foundation:foundation-android:1.5.4) with JetifyTransform
Transforming foundation-release.aar (androidx.compose.foundation:foundation-android:1.5.4) with AarToClassTransform
Transforming foundation-release.aar (androidx.compose.foundation:foundation-android:1.5.4) with EnumerateClassesTransform
Transforming ui-tooling-data-release.aar (androidx.compose.ui:ui-tooling-data-android:1.5.4) with JetifyTransform
Transforming ui-tooling-data-release.aar (androidx.compose.ui:ui-tooling-data-android:1.5.4) with AarToClassTransform
Transforming ui-tooling-data-release.aar (androidx.compose.ui:ui-tooling-data-android:1.5.4) with EnumerateClassesTransform
Transforming ui-unit-release.aar (androidx.compose.ui:ui-unit-android:1.5.4) with JetifyTransform
Transforming ui-unit-release.aar (androidx.compose.ui:ui-unit-android:1.5.4) with AarToClassTransform
Transforming ui-unit-release.aar (androidx.compose.ui:ui-unit-android:1.5.4) with EnumerateClassesTransform
Transforming ui-geometry-release.aar (androidx.compose.ui:ui-geometry-android:1.5.4) with JetifyTransform
Transforming ui-geometry-release.aar (androidx.compose.ui:ui-geometry-android:1.5.4) with AarToClassTransform
Transforming ui-geometry-release.aar (androidx.compose.ui:ui-geometry-android:1.5.4) with EnumerateClassesTransform
Transforming ui-util-release.aar (androidx.compose.ui:ui-util-android:1.5.4) with JetifyTransform
Transforming ui-util-release.aar (androidx.compose.ui:ui-util-android:1.5.4) with AarToClassTransform
Transforming ui-util-release.aar (androidx.compose.ui:ui-util-android:1.5.4) with EnumerateClassesTransform
Transforming ui-text-release.aar (androidx.compose.ui:ui-text-android:1.5.4) with JetifyTransform
Transforming ui-text-release.aar (androidx.compose.ui:ui-text-android:1.5.4) with AarToClassTransform
Transforming ui-text-release.aar (androidx.compose.ui:ui-text-android:1.5.4) with EnumerateClassesTransform
Transforming ui-tooling-preview-release.aar (androidx.compose.ui:ui-tooling-preview-android:1.5.4) with JetifyTransform
Transforming ui-tooling-preview-release.aar (androidx.compose.ui:ui-tooling-preview-android:1.5.4) with AarToClassTransform
Transforming ui-tooling-preview-release.aar (androidx.compose.ui:ui-tooling-preview-android:1.5.4) with EnumerateClassesTransform
Transforming ui-graphics-release.aar (androidx.compose.ui:ui-graphics-android:1.5.4) with JetifyTransform
Transforming ui-graphics-release.aar (androidx.compose.ui:ui-graphics-android:1.5.4) with AarToClassTransform
Transforming ui-graphics-release.aar (androidx.compose.ui:ui-graphics-android:1.5.4) with EnumerateClassesTransform
Transforming ui-test-manifest-1.5.4.aar (androidx.compose.ui:ui-test-manifest:1.5.4) with JetifyTransform
Transforming ui-test-manifest-1.5.4.aar (androidx.compose.ui:ui-test-manifest:1.5.4) with AarToClassTransform
Transforming ui-test-manifest-1.5.4.aar (androidx.compose.ui:ui-test-manifest:1.5.4) with EnumerateClassesTransform
Transforming ui-tooling-release.aar (androidx.compose.ui:ui-tooling-android:1.5.4) with JetifyTransform
Transforming ui-tooling-release.aar (androidx.compose.ui:ui-tooling-android:1.5.4) with AarToClassTransform
Transforming ui-tooling-release.aar (androidx.compose.ui:ui-tooling-android:1.5.4) with EnumerateClassesTransform
Transforming activity-compose-1.8.1.aar (androidx.activity:activity-compose:1.8.1) with JetifyTransform
Transforming activity-compose-1.8.1.aar (androidx.activity:activity-compose:1.8.1) with AarToClassTransform
Transforming activity-compose-1.8.1.aar (androidx.activity:activity-compose:1.8.1) with EnumerateClassesTransform
Transforming emoji2-1.4.0.aar (androidx.emoji2:emoji2:1.4.0) with JetifyTransform
Transforming emoji2-1.4.0.aar (androidx.emoji2:emoji2:1.4.0) with AarToClassTransform
Transforming emoji2-1.4.0.aar (androidx.emoji2:emoji2:1.4.0) with EnumerateClassesTransform
Transforming lifecycle-process-2.6.2.aar (androidx.lifecycle:lifecycle-process:2.6.2) with JetifyTransform
Transforming lifecycle-process-2.6.2.aar (androidx.lifecycle:lifecycle-process:2.6.2) with AarToClassTransform
Transforming lifecycle-process-2.6.2.aar (androidx.lifecycle:lifecycle-process:2.6.2) with EnumerateClassesTransform
Transforming lifecycle-service-2.6.2.aar (androidx.lifecycle:lifecycle-service:2.6.2) with JetifyTransform
Transforming lifecycle-service-2.6.2.aar (androidx.lifecycle:lifecycle-service:2.6.2) with AarToClassTransform
Transforming lifecycle-service-2.6.2.aar (androidx.lifecycle:lifecycle-service:2.6.2) with EnumerateClassesTransform
Transforming lifecycle-livedata-2.6.2.aar (androidx.lifecycle:lifecycle-livedata:2.6.2) with JetifyTransform
Transforming lifecycle-livedata-2.6.2.aar (androidx.lifecycle:lifecycle-livedata:2.6.2) with AarToClassTransform
Transforming lifecycle-livedata-2.6.2.aar (androidx.lifecycle:lifecycle-livedata:2.6.2) with EnumerateClassesTransform
Transforming lifecycle-livedata-2.6.2.aar (androidx.lifecycle:lifecycle-livedata:2.6.2) with JetifyTransform
Transforming lifecycle-livedata-2.6.2.aar (androidx.lifecycle:lifecycle-livedata:2.6.2) with AarToClassTransform
Transforming lifecycle-livedata-2.6.2.aar (androidx.lifecycle:lifecycle-livedata:2.6.2) with EnumerateClassesTransform
Transforming lifecycle-livedata-core-2.6.2.aar (androidx.lifecycle:lifecycle-livedata-core:2.6.2) with JetifyTransform
Transforming lifecycle-livedata-core-2.6.2.aar (androidx.lifecycle:lifecycle-livedata-core:2.6.2) with AarToClassTransform
Transforming lifecycle-livedata-core-2.6.2.aar (androidx.lifecycle:lifecycle-livedata-core:2.6.2) with EnumerateClassesTransform
Transforming savedstate-ktx-1.2.1.aar (androidx.savedstate:savedstate-ktx:1.2.1) with JetifyTransform
Transforming savedstate-ktx-1.2.1.aar (androidx.savedstate:savedstate-ktx:1.2.1) with AarToClassTransform
Transforming savedstate-ktx-1.2.1.aar (androidx.savedstate:savedstate-ktx:1.2.1) with EnumerateClassesTransform
Transforming savedstate-1.2.1.aar (androidx.savedstate:savedstate:1.2.1) with JetifyTransform
Transforming savedstate-1.2.1.aar (androidx.savedstate:savedstate:1.2.1) with AarToClassTransform
Transforming savedstate-1.2.1.aar (androidx.savedstate:savedstate:1.2.1) with EnumerateClassesTransform
Transforming lifecycle-common-2.6.2.jar (androidx.lifecycle:lifecycle-common:2.6.2) with JetifyTransform
Transforming lifecycle-common-2.6.2.jar (androidx.lifecycle:lifecycle-common:2.6.2) with IdentityTransform
Transforming lifecycle-common-2.6.2.jar (androidx.lifecycle:lifecycle-common:2.6.2) with EnumerateClassesTransform
Transforming lifecycle-viewmodel-savedstate-2.6.2.aar (androidx.lifecycle:lifecycle-viewmodel-savedstate:2.6.2) with JetifyTransform
Transforming lifecycle-viewmodel-savedstate-2.6.2.aar (androidx.lifecycle:lifecycle-viewmodel-savedstate:2.6.2) with AarToClassTransform
Transforming lifecycle-viewmodel-savedstate-2.6.2.aar (androidx.lifecycle:lifecycle-viewmodel-savedstate:2.6.2) with EnumerateClassesTransform
Transforming lifecycle-viewmodel-ktx-2.6.2.aar (androidx.lifecycle:lifecycle-viewmodel-ktx:2.6.2) with JetifyTransform
Transforming lifecycle-viewmodel-ktx-2.6.2.aar (androidx.lifecycle:lifecycle-viewmodel-ktx:2.6.2) with AarToClassTransform
Transforming lifecycle-viewmodel-ktx-2.6.2.aar (androidx.lifecycle:lifecycle-viewmodel-ktx:2.6.2) with EnumerateClassesTransform
Transforming lifecycle-common-java8-2.6.2.jar (androidx.lifecycle:lifecycle-common-java8:2.6.2) with JetifyTransform
Transforming lifecycle-common-java8-2.6.2.jar (androidx.lifecycle:lifecycle-common-java8:2.6.2) with IdentityTransform
Transforming lifecycle-common-java8-2.6.2.jar (androidx.lifecycle:lifecycle-common-java8:2.6.2) with EnumerateClassesTransform
Transforming lifecycle-viewmodel-2.6.2.aar (androidx.lifecycle:lifecycle-viewmodel:2.6.2) with JetifyTransform
Transforming lifecycle-viewmodel-2.6.2.aar (androidx.lifecycle:lifecycle-viewmodel:2.6.2) with AarToClassTransform
Transforming lifecycle-viewmodel-2.6.2.aar (androidx.lifecycle:lifecycle-viewmodel:2.6.2) with EnumerateClassesTransform
Transforming lifecycle-viewmodel-2.6.2.aar (androidx.lifecycle:lifecycle-viewmodel:2.6.2) with JetifyTransform
Transforming lifecycle-viewmodel-2.6.2.aar (androidx.lifecycle:lifecycle-viewmodel:2.6.2) with AarToClassTransform
Transforming lifecycle-viewmodel-2.6.2.aar (androidx.lifecycle:lifecycle-viewmodel:2.6.2) with EnumerateClassesTransform
Transforming lifecycle-runtime-2.6.2.aar (androidx.lifecycle:lifecycle-runtime:2.6.2) with JetifyTransform
Transforming lifecycle-runtime-2.6.2.aar (androidx.lifecycle:lifecycle-runtime:2.6.2) with AarToClassTransform
Transforming lifecycle-runtime-2.6.2.aar (androidx.lifecycle:lifecycle-runtime:2.6.2) with EnumerateClassesTransform
Transforming lifecycle-runtime-ktx-2.6.2.aar (androidx.lifecycle:lifecycle-runtime-ktx:2.6.2) with JetifyTransform
Transforming lifecycle-runtime-ktx-2.6.2.aar (androidx.lifecycle:lifecycle-runtime-ktx:2.6.2) with AarToClassTransform
Transforming lifecycle-runtime-ktx-2.6.2.aar (androidx.lifecycle:lifecycle-runtime-ktx:2.6.2) with EnumerateClassesTransform
Transforming lifecycle-viewmodel-compose-2.6.2.aar (androidx.lifecycle:lifecycle-viewmodel-compose:2.6.2) with JetifyTransform
Transforming lifecycle-viewmodel-compose-2.6.2.aar (androidx.lifecycle:lifecycle-viewmodel-compose:2.6.2) with AarToClassTransform
Transforming lifecycle-viewmodel-compose-2.6.2.aar (androidx.lifecycle:lifecycle-viewmodel-compose:2.6.2) with EnumerateClassesTransform
Transforming ui-release.aar (androidx.compose.ui:ui-android:1.5.4) with JetifyTransform
Transforming ui-release.aar (androidx.compose.ui:ui-android:1.5.4) with AarToClassTransform
Transforming ui-release.aar (androidx.compose.ui:ui-android:1.5.4) with EnumerateClassesTransform
Transforming autofill-1.0.0.aar (androidx.autofill:autofill:1.0.0) with JetifyTransform
Transforming autofill-1.0.0.aar (androidx.autofill:autofill:1.0.0) with AarToClassTransform
Transforming autofill-1.0.0.aar (androidx.autofill:autofill:1.0.0) with EnumerateClassesTransform
Transforming viewpager-1.0.0.aar (androidx.viewpager:viewpager:1.0.0) with JetifyTransform
Transforming viewpager-1.0.0.aar (androidx.viewpager:viewpager:1.0.0) with AarToClassTransform
Transforming viewpager-1.0.0.aar (androidx.viewpager:viewpager:1.0.0) with EnumerateClassesTransform
Transforming coordinatorlayout-1.0.0.aar (androidx.coordinatorlayout:coordinatorlayout:1.0.0) with JetifyTransform
Transforming coordinatorlayout-1.0.0.aar (androidx.coordinatorlayout:coordinatorlayout:1.0.0) with AarToClassTransform
Transforming coordinatorlayout-1.0.0.aar (androidx.coordinatorlayout:coordinatorlayout:1.0.0) with EnumerateClassesTransform
Transforming drawerlayout-1.0.0.aar (androidx.drawerlayout:drawerlayout:1.0.0) with JetifyTransform
Transforming drawerlayout-1.0.0.aar (androidx.drawerlayout:drawerlayout:1.0.0) with AarToClassTransform
Transforming drawerlayout-1.0.0.aar (androidx.drawerlayout:drawerlayout:1.0.0) with EnumerateClassesTransform
Transforming slidingpanelayout-1.0.0.aar (androidx.slidingpanelayout:slidingpanelayout:1.0.0) with JetifyTransform
Transforming slidingpanelayout-1.0.0.aar (androidx.slidingpanelayout:slidingpanelayout:1.0.0) with AarToClassTransform
Transforming slidingpanelayout-1.0.0.aar (androidx.slidingpanelayout:slidingpanelayout:1.0.0) with EnumerateClassesTransform
Transforming customview-1.0.0.aar (androidx.customview:customview:1.0.0) with JetifyTransform
Transforming customview-1.0.0.aar (androidx.customview:customview:1.0.0) with AarToClassTransform
Transforming customview-1.0.0.aar (androidx.customview:customview:1.0.0) with EnumerateClassesTransform
Transforming swiperefreshlayout-1.0.0.aar (androidx.swiperefreshlayout:swiperefreshlayout:1.0.0) with JetifyTransform
Transforming swiperefreshlayout-1.0.0.aar (androidx.swiperefreshlayout:swiperefreshlayout:1.0.0) with AarToClassTransform
Transforming swiperefreshlayout-1.0.0.aar (androidx.swiperefreshlayout:swiperefreshlayout:1.0.0) with EnumerateClassesTransform
Transforming asynclayoutinflater-1.0.0.aar (androidx.asynclayoutinflater:asynclayoutinflater:1.0.0) with JetifyTransform
Transforming asynclayoutinflater-1.0.0.aar (androidx.asynclayoutinflater:asynclayoutinflater:1.0.0) with AarToClassTransform
Transforming asynclayoutinflater-1.0.0.aar (androidx.asynclayoutinflater:asynclayoutinflater:1.0.0) with EnumerateClassesTransform
Transforming core-1.12.0.aar (androidx.core:core:1.12.0) with JetifyTransform
Transforming core-1.12.0.aar (androidx.core:core:1.12.0) with AarToClassTransform
Transforming core-1.12.0.aar (androidx.core:core:1.12.0) with EnumerateClassesTransform
Transforming core-1.12.0.aar (androidx.core:core:1.12.0) with JetifyTransform
Transforming core-1.12.0.aar (androidx.core:core:1.12.0) with AarToClassTransform
Transforming core-1.12.0.aar (androidx.core:core:1.12.0) with EnumerateClassesTransform
Transforming customview-poolingcontainer-1.0.0.aar (androidx.customview:customview-poolingcontainer:1.0.0) with JetifyTransform
Transforming customview-poolingcontainer-1.0.0.aar (androidx.customview:customview-poolingcontainer:1.0.0) with AarToClassTransform
Transforming customview-poolingcontainer-1.0.0.aar (androidx.customview:customview-poolingcontainer:1.0.0) with EnumerateClassesTransform
Transforming core-ktx-1.12.0.aar (androidx.core:core-ktx:1.12.0) with JetifyTransform
Transforming core-ktx-1.12.0.aar (androidx.core:core-ktx:1.12.0) with AarToClassTransform
Transforming core-ktx-1.12.0.aar (androidx.core:core-ktx:1.12.0) with EnumerateClassesTransform
Transforming room-common-2.6.1.jar (androidx.room:room-common:2.6.1) with JetifyTransform
Transforming room-common-2.6.1.jar (androidx.room:room-common:2.6.1) with IdentityTransform
Transforming room-common-2.6.1.jar (androidx.room:room-common:2.6.1) with EnumerateClassesTransform
Transforming room-runtime-2.6.1.aar (androidx.room:room-runtime:2.6.1) with JetifyTransform
Transforming room-runtime-2.6.1.aar (androidx.room:room-runtime:2.6.1) with AarToClassTransform
Transforming room-runtime-2.6.1.aar (androidx.room:room-runtime:2.6.1) with EnumerateClassesTransform
Transforming room-ktx-2.6.1.aar (androidx.room:room-ktx:2.6.1) with JetifyTransform
Transforming room-ktx-2.6.1.aar (androidx.room:room-ktx:2.6.1) with AarToClassTransform
Transforming room-ktx-2.6.1.aar (androidx.room:room-ktx:2.6.1) with EnumerateClassesTransform
Transforming datastore-preferences-1.0.0.aar (androidx.datastore:datastore-preferences:1.0.0) with JetifyTransform
Transforming datastore-preferences-1.0.0.aar (androidx.datastore:datastore-preferences:1.0.0) with AarToClassTransform
Transforming datastore-preferences-1.0.0.aar (androidx.datastore:datastore-preferences:1.0.0) with EnumerateClassesTransform
Transforming sqlite-framework-2.4.0.aar (androidx.sqlite:sqlite-framework:2.4.0) with JetifyTransform
Transforming sqlite-framework-2.4.0.aar (androidx.sqlite:sqlite-framework:2.4.0) with AarToClassTransform
Transforming sqlite-framework-2.4.0.aar (androidx.sqlite:sqlite-framework:2.4.0) with EnumerateClassesTransform
Transforming sqlite-2.4.0.aar (androidx.sqlite:sqlite:2.4.0) with JetifyTransform
Transforming sqlite-2.4.0.aar (androidx.sqlite:sqlite:2.4.0) with AarToClassTransform
Transforming sqlite-2.4.0.aar (androidx.sqlite:sqlite:2.4.0) with EnumerateClassesTransform
Transforming datastore-1.0.0.aar (androidx.datastore:datastore:1.0.0) with JetifyTransform
Transforming datastore-1.0.0.aar (androidx.datastore:datastore:1.0.0) with AarToClassTransform
Transforming datastore-1.0.0.aar (androidx.datastore:datastore:1.0.0) with EnumerateClassesTransform
Transforming datastore-preferences-core-1.0.0.jar (androidx.datastore:datastore-preferences-core:1.0.0) with JetifyTransform
Transforming datastore-preferences-core-1.0.0.jar (androidx.datastore:datastore-preferences-core:1.0.0) with IdentityTransform
Transforming datastore-preferences-core-1.0.0.jar (androidx.datastore:datastore-preferences-core:1.0.0) with EnumerateClassesTransform
Transforming annotation-experimental-1.3.0.aar (androidx.annotation:annotation-experimental:1.3.0) with JetifyTransform
Transforming annotation-experimental-1.3.0.aar (androidx.annotation:annotation-experimental:1.3.0) with AarToClassTransform
Transforming annotation-experimental-1.3.0.aar (androidx.annotation:annotation-experimental:1.3.0) with EnumerateClassesTransform
Transforming runtime-saveable-release.aar (androidx.compose.runtime:runtime-saveable-android:1.5.4) with JetifyTransform
Transforming runtime-saveable-release.aar (androidx.compose.runtime:runtime-saveable-android:1.5.4) with AarToClassTransform
Transforming runtime-saveable-release.aar (androidx.compose.runtime:runtime-saveable-android:1.5.4) with EnumerateClassesTransform
Transforming runtime-release.aar (androidx.compose.runtime:runtime-android:1.5.4) with JetifyTransform
Transforming runtime-release.aar (androidx.compose.runtime:runtime-android:1.5.4) with AarToClassTransform
Transforming runtime-release.aar (androidx.compose.runtime:runtime-android:1.5.4) with EnumerateClassesTransform
Transforming kotlinx-coroutines-android-1.7.3.jar (org.jetbrains.kotlinx:kotlinx-coroutines-android:1.7.3) with JetifyTransform
Transforming kotlinx-coroutines-android-1.7.3.jar (org.jetbrains.kotlinx:kotlinx-coroutines-android:1.7.3) with IdentityTransform
Transforming kotlinx-coroutines-android-1.7.3.jar (org.jetbrains.kotlinx:kotlinx-coroutines-android:1.7.3) with EnumerateClassesTransform
Transforming datastore-core-1.0.0.jar (androidx.datastore:datastore-core:1.0.0) with JetifyTransform
Transforming datastore-core-1.0.0.jar (androidx.datastore:datastore-core:1.0.0) with IdentityTransform
Transforming datastore-core-1.0.0.jar (androidx.datastore:datastore-core:1.0.0) with EnumerateClassesTransform
Transforming kotlinx-coroutines-core-jvm-1.7.3.jar (org.jetbrains.kotlinx:kotlinx-coroutines-core-jvm:1.7.3) with JetifyTransform
Transforming kotlinx-coroutines-core-jvm-1.7.3.jar (org.jetbrains.kotlinx:kotlinx-coroutines-core-jvm:1.7.3) with IdentityTransform
Transforming kotlinx-coroutines-core-jvm-1.7.3.jar (org.jetbrains.kotlinx:kotlinx-coroutines-core-jvm:1.7.3) with EnumerateClassesTransform
Transforming kotlin-stdlib-jdk8-1.8.22.jar (org.jetbrains.kotlin:kotlin-stdlib-jdk8:1.8.22) with JetifyTransform
Transforming kotlin-stdlib-jdk8-1.8.22.jar (org.jetbrains.kotlin:kotlin-stdlib-jdk8:1.8.22) with IdentityTransform
Transforming kotlin-stdlib-jdk8-1.8.22.jar (org.jetbrains.kotlin:kotlin-stdlib-jdk8:1.8.22) with EnumerateClassesTransform
Transforming core-runtime-2.2.0.aar (androidx.arch.core:core-runtime:2.2.0) with JetifyTransform
Transforming core-runtime-2.2.0.aar (androidx.arch.core:core-runtime:2.2.0) with AarToClassTransform
Transforming core-runtime-2.2.0.aar (androidx.arch.core:core-runtime:2.2.0) with EnumerateClassesTransform
Transforming interpolator-1.0.0.aar (androidx.interpolator:interpolator:1.0.0) with JetifyTransform
Transforming interpolator-1.0.0.aar (androidx.interpolator:interpolator:1.0.0) with AarToClassTransform
Transforming interpolator-1.0.0.aar (androidx.interpolator:interpolator:1.0.0) with EnumerateClassesTransform
Transforming interpolator-1.0.0.aar (androidx.interpolator:interpolator:1.0.0) with JetifyTransform
Transforming interpolator-1.0.0.aar (androidx.interpolator:interpolator:1.0.0) with AarToClassTransform
Transforming interpolator-1.0.0.aar (androidx.interpolator:interpolator:1.0.0) with EnumerateClassesTransform
Transforming versionedparcelable-1.1.1.aar (androidx.versionedparcelable:versionedparcelable:1.1.1) with JetifyTransform
Transforming versionedparcelable-1.1.1.aar (androidx.versionedparcelable:versionedparcelable:1.1.1) with AarToClassTransform
Transforming versionedparcelable-1.1.1.aar (androidx.versionedparcelable:versionedparcelable:1.1.1) with EnumerateClassesTransform
Transforming core-common-2.2.0.jar (androidx.arch.core:core-common:2.2.0) with JetifyTransform
Transforming core-common-2.2.0.jar (androidx.arch.core:core-common:2.2.0) with IdentityTransform
Transforming core-common-2.2.0.jar (androidx.arch.core:core-common:2.2.0) with EnumerateClassesTransform
Transforming profileinstaller-1.3.0.aar (androidx.profileinstaller:profileinstaller:1.3.0) with JetifyTransform
Transforming profileinstaller-1.3.0.aar (androidx.profileinstaller:profileinstaller:1.3.0) with AarToClassTransform
Transforming profileinstaller-1.3.0.aar (androidx.profileinstaller:profileinstaller:1.3.0) with EnumerateClassesTransform
Transforming startup-runtime-1.1.1.aar (androidx.startup:startup-runtime:1.1.1) with JetifyTransform
Transforming startup-runtime-1.1.1.aar (androidx.startup:startup-runtime:1.1.1) with AarToClassTransform
Transforming startup-runtime-1.1.1.aar (androidx.startup:startup-runtime:1.1.1) with EnumerateClassesTransform
Transforming tracing-1.0.0.aar (androidx.tracing:tracing:1.0.0) with JetifyTransform
Transforming tracing-1.0.0.aar (androidx.tracing:tracing:1.0.0) with AarToClassTransform
Transforming tracing-1.0.0.aar (androidx.tracing:tracing:1.0.0) with EnumerateClassesTransform
Transforming cursoradapter-1.0.0.aar (androidx.cursoradapter:cursoradapter:1.0.0) with JetifyTransform
Transforming cursoradapter-1.0.0.aar (androidx.cursoradapter:cursoradapter:1.0.0) with AarToClassTransform
Transforming cursoradapter-1.0.0.aar (androidx.cursoradapter:cursoradapter:1.0.0) with EnumerateClassesTransform
Transforming documentfile-1.0.0.aar (androidx.documentfile:documentfile:1.0.0) with JetifyTransform
Transforming documentfile-1.0.0.aar (androidx.documentfile:documentfile:1.0.0) with AarToClassTransform
Transforming documentfile-1.0.0.aar (androidx.documentfile:documentfile:1.0.0) with EnumerateClassesTransform
Transforming localbroadcastmanager-1.0.0.aar (androidx.localbroadcastmanager:localbroadcastmanager:1.0.0) with JetifyTransform
Transforming concurrent-futures-1.1.0.jar (androidx.concurrent:concurrent-futures:1.1.0) with JetifyTransform
Transforming localbroadcastmanager-1.0.0.aar (androidx.localbroadcastmanager:localbroadcastmanager:1.0.0) with AarToClassTransform
Transforming localbroadcastmanager-1.0.0.aar (androidx.localbroadcastmanager:localbroadcastmanager:1.0.0) with EnumerateClassesTransform
Transforming concurrent-futures-1.1.0.jar (androidx.concurrent:concurrent-futures:1.1.0) with IdentityTransform
Transforming print-1.0.0.aar (androidx.print:print:1.0.0) with JetifyTransform
Transforming concurrent-futures-1.1.0.jar (androidx.concurrent:concurrent-futures:1.1.0) with EnumerateClassesTransform
Transforming print-1.0.0.aar (androidx.print:print:1.0.0) with AarToClassTransform
Transforming print-1.0.0.aar (androidx.print:print:1.0.0) with EnumerateClassesTransform
Transforming collection-1.1.0.jar (androidx.collection:collection:1.1.0) with JetifyTransform
Transforming collection-1.1.0.jar (androidx.collection:collection:1.1.0) with IdentityTransform
Transforming collection-1.1.0.jar (androidx.collection:collection:1.1.0) with EnumerateClassesTransform
Transforming annotation-jvm-1.6.0.jar (androidx.annotation:annotation-jvm:1.6.0) with JetifyTransform
Transforming annotation-jvm-1.6.0.jar (androidx.annotation:annotation-jvm:1.6.0) with IdentityTransform
Transforming annotation-jvm-1.6.0.jar (androidx.annotation:annotation-jvm:1.6.0) with EnumerateClassesTransform
Transforming kotlin-stdlib-jdk7-1.8.22.jar (org.jetbrains.kotlin:kotlin-stdlib-jdk7:1.8.22) with JetifyTransform
Transforming collection-ktx-1.1.0.jar (androidx.collection:collection-ktx:1.1.0) with JetifyTransform
Transforming kotlin-stdlib-jdk7-1.8.22.jar (org.jetbrains.kotlin:kotlin-stdlib-jdk7:1.8.22) with IdentityTransform
Transforming collection-ktx-1.1.0.jar (androidx.collection:collection-ktx:1.1.0) with IdentityTransform
Transforming kotlin-stdlib-jdk7-1.8.22.jar (org.jetbrains.kotlin:kotlin-stdlib-jdk7:1.8.22) with EnumerateClassesTransform
Transforming collection-ktx-1.1.0.jar (androidx.collection:collection-ktx:1.1.0) with EnumerateClassesTransform
Transforming kotlin-stdlib-1.9.20.jar (org.jetbrains.kotlin:kotlin-stdlib:1.9.20) with JetifyTransform
Transforming kotlin-stdlib-1.9.20.jar (org.jetbrains.kotlin:kotlin-stdlib:1.9.20) with IdentityTransform
Transforming kotlin-stdlib-1.9.20.jar (org.jetbrains.kotlin:kotlin-stdlib:1.9.20) with EnumerateClassesTransform
Transforming google-api-client-android-2.2.0.jar (com.google.api-client:google-api-client-android:2.2.0) with JetifyTransform
Transforming google-api-client-android-2.2.0.jar (com.google.api-client:google-api-client-android:2.2.0) with IdentityTransform
Transforming google-api-client-android-2.2.0.jar (com.google.api-client:google-api-client-android:2.2.0) with EnumerateClassesTransform
Transforming google-api-services-drive-v3-rev20220815-2.0.0.jar (com.google.apis:google-api-services-drive:v3-rev20220815-2.0.0) with JetifyTransform
Transforming google-api-services-drive-v3-rev20220815-2.0.0.jar (com.google.apis:google-api-services-drive:v3-rev20220815-2.0.0) with IdentityTransform
Transforming google-api-services-drive-v3-rev20220815-2.0.0.jar (com.google.apis:google-api-services-drive:v3-rev20220815-2.0.0) with EnumerateClassesTransform
Transforming google-api-client-2.0.0.jar (com.google.api-client:google-api-client:2.0.0) with JetifyTransform
Transforming google-api-client-2.0.0.jar (com.google.api-client:google-api-client:2.0.0) with IdentityTransform
Transforming google-api-client-2.0.0.jar (com.google.api-client:google-api-client:2.0.0) with EnumerateClassesTransform
Transforming google-oauth-client-1.34.1.jar (com.google.oauth-client:google-oauth-client:1.34.1) with JetifyTransform
Transforming google-oauth-client-1.34.1.jar (com.google.oauth-client:google-oauth-client:1.34.1) with IdentityTransform
Transforming google-oauth-client-1.34.1.jar (com.google.oauth-client:google-oauth-client:1.34.1) with EnumerateClassesTransform
Transforming google-http-client-gson-1.43.3.jar (com.google.http-client:google-http-client-gson:1.43.3) with JetifyTransform
Transforming google-http-client-gson-1.43.3.jar (com.google.http-client:google-http-client-gson:1.43.3) with IdentityTransform
Transforming google-http-client-gson-1.43.3.jar (com.google.http-client:google-http-client-gson:1.43.3) with EnumerateClassesTransform
Transforming annotations-23.0.0.jar (org.jetbrains:annotations:23.0.0) with JetifyTransform
Transforming annotations-23.0.0.jar (org.jetbrains:annotations:23.0.0) with IdentityTransform
Transforming annotations-23.0.0.jar (org.jetbrains:annotations:23.0.0) with EnumerateClassesTransform
Transforming google-http-client-apache-v2-1.42.1.jar (com.google.http-client:google-http-client-apache-v2:1.42.1) with JetifyTransform
Transforming google-http-client-apache-v2-1.42.1.jar (com.google.http-client:google-http-client-apache-v2:1.42.1) with IdentityTransform
Transforming google-http-client-apache-v2-1.42.1.jar (com.google.http-client:google-http-client-apache-v2:1.42.1) with EnumerateClassesTransform
Transforming google-http-client-1.43.3.jar (com.google.http-client:google-http-client:1.43.3) with JetifyTransform
Transforming google-http-client-1.43.3.jar (com.google.http-client:google-http-client:1.43.3) with IdentityTransform
Transforming google-http-client-1.43.3.jar (com.google.http-client:google-http-client:1.43.3) with EnumerateClassesTransform
Transforming gson-2.10.1.jar (com.google.code.gson:gson:2.10.1) with JetifyTransform
Transforming gson-2.10.1.jar (com.google.code.gson:gson:2.10.1) with IdentityTransform
Transforming gson-2.10.1.jar (com.google.code.gson:gson:2.10.1) with EnumerateClassesTransform
Transforming opencensus-contrib-http-util-0.31.1.jar (io.opencensus:opencensus-contrib-http-util:0.31.1) with JetifyTransform
Transforming opencensus-contrib-http-util-0.31.1.jar (io.opencensus:opencensus-contrib-http-util:0.31.1) with IdentityTransform
Transforming opencensus-contrib-http-util-0.31.1.jar (io.opencensus:opencensus-contrib-http-util:0.31.1) with EnumerateClassesTransform
Transforming guava-31.1-jre.jar (com.google.guava:guava:31.1-jre) with JetifyTransform
Transforming guava-31.1-jre.jar (com.google.guava:guava:31.1-jre) with IdentityTransform
Transforming guava-31.1-jre.jar (com.google.guava:guava:31.1-jre) with EnumerateClassesTransform
Transforming httpclient-4.5.14.jar (org.apache.httpcomponents:httpclient:4.5.14) with JetifyTransform
Transforming httpclient-4.5.14.jar (org.apache.httpcomponents:httpclient:4.5.14) with IdentityTransform
Transforming httpclient-4.5.14.jar (org.apache.httpcomponents:httpclient:4.5.14) with EnumerateClassesTransform
Transforming httpcore-4.4.16.jar (org.apache.httpcomponents:httpcore:4.4.16) with JetifyTransform
Transforming httpcore-4.4.16.jar (org.apache.httpcomponents:httpcore:4.4.16) with IdentityTransform
Transforming httpcore-4.4.16.jar (org.apache.httpcomponents:httpcore:4.4.16) with EnumerateClassesTransform
Transforming jsr305-3.0.2.jar (com.google.code.findbugs:jsr305:3.0.2) with JetifyTransform
Transforming jsr305-3.0.2.jar (com.google.code.findbugs:jsr305:3.0.2) with IdentityTransform
Transforming jsr305-3.0.2.jar (com.google.code.findbugs:jsr305:3.0.2) with EnumerateClassesTransform
Transforming error_prone_annotations-2.18.0.jar (com.google.errorprone:error_prone_annotations:2.18.0) with JetifyTransform
Transforming error_prone_annotations-2.18.0.jar (com.google.errorprone:error_prone_annotations:2.18.0) with IdentityTransform
Transforming error_prone_annotations-2.18.0.jar (com.google.errorprone:error_prone_annotations:2.18.0) with EnumerateClassesTransform
Transforming j2objc-annotations-2.8.jar (com.google.j2objc:j2objc-annotations:2.8) with JetifyTransform
Transforming j2objc-annotations-2.8.jar (com.google.j2objc:j2objc-annotations:2.8) with IdentityTransform
Transforming j2objc-annotations-2.8.jar (com.google.j2objc:j2objc-annotations:2.8) with EnumerateClassesTransform
Transforming opencensus-api-0.31.1.jar (io.opencensus:opencensus-api:0.31.1) with JetifyTransform
Transforming opencensus-api-0.31.1.jar (io.opencensus:opencensus-api:0.31.1) with IdentityTransform
Transforming opencensus-api-0.31.1.jar (io.opencensus:opencensus-api:0.31.1) with EnumerateClassesTransform
Transforming listenablefuture-9999.0-empty-to-avoid-conflict-with-guava.jar (com.google.guava:listenablefuture:9999.0-empty-to-avoid-conflict-with-guava) with JetifyTransform
Transforming listenablefuture-9999.0-empty-to-avoid-conflict-with-guava.jar (com.google.guava:listenablefuture:9999.0-empty-to-avoid-conflict-with-guava) with IdentityTransform
Transforming listenablefuture-9999.0-empty-to-avoid-conflict-with-guava.jar (com.google.guava:listenablefuture:9999.0-empty-to-avoid-conflict-with-guava) with EnumerateClassesTransform
Transforming failureaccess-1.0.1.jar (com.google.guava:failureaccess:1.0.1) with JetifyTransform
Transforming failureaccess-1.0.1.jar (com.google.guava:failureaccess:1.0.1) with IdentityTransform
Transforming failureaccess-1.0.1.jar (com.google.guava:failureaccess:1.0.1) with EnumerateClassesTransform
Transforming checker-qual-3.12.0.jar (org.checkerframework:checker-qual:3.12.0) with JetifyTransform
Transforming checker-qual-3.12.0.jar (org.checkerframework:checker-qual:3.12.0) with IdentityTransform
Transforming checker-qual-3.12.0.jar (org.checkerframework:checker-qual:3.12.0) with EnumerateClassesTransform
Transforming commons-logging-1.2.jar (commons-logging:commons-logging:1.2) with JetifyTransform
Transforming commons-logging-1.2.jar (commons-logging:commons-logging:1.2) with IdentityTransform
Transforming commons-logging-1.2.jar (commons-logging:commons-logging:1.2) with EnumerateClassesTransform
Transforming commons-codec-1.11.jar (commons-codec:commons-codec:1.11) with JetifyTransform
Transforming commons-codec-1.11.jar (commons-codec:commons-codec:1.11) with IdentityTransform
Transforming commons-codec-1.11.jar (commons-codec:commons-codec:1.11) with EnumerateClassesTransform
Transforming grpc-context-1.27.2.jar (io.grpc:grpc-context:1.27.2) with JetifyTransform
Transforming grpc-context-1.27.2.jar (io.grpc:grpc-context:1.27.2) with IdentityTransform
Transforming grpc-context-1.27.2.jar (io.grpc:grpc-context:1.27.2) with EnumerateClassesTransform
Caching disabled for task ':app:checkDebugDuplicateClasses' because:
  Build cache is disabled
Skipping task ':app:checkDebugDuplicateClasses' as it is up-to-date.
Resolve mutations for :app:mergeExtDexDebug (Thread[Execution worker Thread 12,5,main]) started.
:app:mergeExtDexDebug (Thread[Execution worker Thread 12,5,main]) started.

> Task :app:mergeExtDexDebug UP-TO-DATE
Transforming play-services-auth-20.7.0.aar (com.google.android.gms:play-services-auth:20.7.0) with JetifyTransform
Transforming play-services-auth-20.7.0.aar (com.google.android.gms:play-services-auth:20.7.0) with AarToClassTransform
Transforming play-services-auth-20.7.0.aar (com.google.android.gms:play-services-auth:20.7.0) with IdentityTransform
Transforming play-services-auth-20.7.0.aar (com.google.android.gms:play-services-auth:20.7.0) with DexingNoClasspathTransform
Transforming play-services-auth-20.7.0.aar (com.google.android.gms:play-services-auth:20.7.0) with DexingOutputSplitTransform
Transforming play-services-auth-api-phone-18.0.1.aar (com.google.android.gms:play-services-auth-api-phone:18.0.1) with JetifyTransform
Transforming play-services-auth-api-phone-18.0.1.aar (com.google.android.gms:play-services-auth-api-phone:18.0.1) with AarToClassTransform
Transforming play-services-auth-api-phone-18.0.1.aar (com.google.android.gms:play-services-auth-api-phone:18.0.1) with IdentityTransform
Transforming play-services-auth-api-phone-18.0.1.aar (com.google.android.gms:play-services-auth-api-phone:18.0.1) with DexingNoClasspathTransform
Transforming play-services-auth-api-phone-18.0.1.aar (com.google.android.gms:play-services-auth-api-phone:18.0.1) with DexingOutputSplitTransform
Transforming play-services-auth-base-18.0.4.aar (com.google.android.gms:play-services-auth-base:18.0.4) with JetifyTransform
Transforming play-services-auth-base-18.0.4.aar (com.google.android.gms:play-services-auth-base:18.0.4) with AarToClassTransform
Transforming play-services-auth-base-18.0.4.aar (com.google.android.gms:play-services-auth-base:18.0.4) with IdentityTransform
Transforming play-services-auth-base-18.0.4.aar (com.google.android.gms:play-services-auth-base:18.0.4) with DexingNoClasspathTransform
Transforming play-services-auth-base-18.0.4.aar (com.google.android.gms:play-services-auth-base:18.0.4) with DexingOutputSplitTransform
Transforming play-services-fido-20.0.1.aar (com.google.android.gms:play-services-fido:20.0.1) with JetifyTransform
Transforming play-services-fido-20.0.1.aar (com.google.android.gms:play-services-fido:20.0.1) with AarToClassTransform
Transforming play-services-fido-20.0.1.aar (com.google.android.gms:play-services-fido:20.0.1) with IdentityTransform
Transforming play-services-fido-20.0.1.aar (com.google.android.gms:play-services-fido:20.0.1) with DexingNoClasspathTransform
Transforming play-services-fido-20.0.1.aar (com.google.android.gms:play-services-fido:20.0.1) with DexingOutputSplitTransform
Transforming play-services-base-18.0.1.aar (com.google.android.gms:play-services-base:18.0.1) with JetifyTransform
Transforming play-services-base-18.0.1.aar (com.google.android.gms:play-services-base:18.0.1) with AarToClassTransform
Transforming play-services-base-18.0.1.aar (com.google.android.gms:play-services-base:18.0.1) with IdentityTransform
Transforming play-services-base-18.0.1.aar (com.google.android.gms:play-services-base:18.0.1) with DexingNoClasspathTransform
Transforming play-services-base-18.0.1.aar (com.google.android.gms:play-services-base:18.0.1) with DexingOutputSplitTransform
Transforming play-services-tasks-18.0.1.aar (com.google.android.gms:play-services-tasks:18.0.1) with JetifyTransform
Transforming play-services-tasks-18.0.1.aar (com.google.android.gms:play-services-tasks:18.0.1) with AarToClassTransform
Transforming play-services-tasks-18.0.1.aar (com.google.android.gms:play-services-tasks:18.0.1) with IdentityTransform
Transforming play-services-tasks-18.0.1.aar (com.google.android.gms:play-services-tasks:18.0.1) with DexingNoClasspathTransform
Transforming play-services-tasks-18.0.1.aar (com.google.android.gms:play-services-tasks:18.0.1) with DexingOutputSplitTransform
Transforming play-services-basement-18.2.0.aar (com.google.android.gms:play-services-basement:18.2.0) with JetifyTransform
Transforming play-services-basement-18.2.0.aar (com.google.android.gms:play-services-basement:18.2.0) with AarToClassTransform
Transforming play-services-basement-18.2.0.aar (com.google.android.gms:play-services-basement:18.2.0) with IdentityTransform
Transforming play-services-basement-18.2.0.aar (com.google.android.gms:play-services-basement:18.2.0) with DexingNoClasspathTransform
Transforming play-services-basement-18.2.0.aar (com.google.android.gms:play-services-basement:18.2.0) with DexingOutputSplitTransform
Transforming fragment-1.0.0.aar (androidx.fragment:fragment:1.0.0) with JetifyTransform
Transforming fragment-1.0.0.aar (androidx.fragment:fragment:1.0.0) with AarToClassTransform
Transforming fragment-1.0.0.aar (androidx.fragment:fragment:1.0.0) with IdentityTransform
Transforming fragment-1.0.0.aar (androidx.fragment:fragment:1.0.0) with DexingNoClasspathTransform
Transforming fragment-1.0.0.aar (androidx.fragment:fragment:1.0.0) with DexingOutputSplitTransform
Transforming legacy-support-core-ui-1.0.0.aar (androidx.legacy:legacy-support-core-ui:1.0.0) with JetifyTransform
Transforming legacy-support-core-ui-1.0.0.aar (androidx.legacy:legacy-support-core-ui:1.0.0) with AarToClassTransform
Transforming legacy-support-core-ui-1.0.0.aar (androidx.legacy:legacy-support-core-ui:1.0.0) with IdentityTransform
Transforming legacy-support-core-ui-1.0.0.aar (androidx.legacy:legacy-support-core-ui:1.0.0) with DexingNoClasspathTransform
Transforming legacy-support-core-ui-1.0.0.aar (androidx.legacy:legacy-support-core-ui:1.0.0) with DexingOutputSplitTransform
Transforming legacy-support-core-utils-1.0.0.aar (androidx.legacy:legacy-support-core-utils:1.0.0) with JetifyTransform
Transforming legacy-support-core-utils-1.0.0.aar (androidx.legacy:legacy-support-core-utils:1.0.0) with AarToClassTransform
Transforming legacy-support-core-utils-1.0.0.aar (androidx.legacy:legacy-support-core-utils:1.0.0) with IdentityTransform
Transforming legacy-support-core-utils-1.0.0.aar (androidx.legacy:legacy-support-core-utils:1.0.0) with DexingNoClasspathTransform
Transforming legacy-support-core-utils-1.0.0.aar (androidx.legacy:legacy-support-core-utils:1.0.0) with DexingOutputSplitTransform
Transforming loader-1.0.0.aar (androidx.loader:loader:1.0.0) with JetifyTransform
Transforming loader-1.0.0.aar (androidx.loader:loader:1.0.0) with AarToClassTransform
Transforming loader-1.0.0.aar (androidx.loader:loader:1.0.0) with IdentityTransform
Transforming loader-1.0.0.aar (androidx.loader:loader:1.0.0) with DexingNoClasspathTransform
Transforming loader-1.0.0.aar (androidx.loader:loader:1.0.0) with DexingOutputSplitTransform
Transforming work-runtime-ktx-2.9.0.aar (androidx.work:work-runtime-ktx:2.9.0) with JetifyTransform
Transforming work-runtime-ktx-2.9.0.aar (androidx.work:work-runtime-ktx:2.9.0) with AarToClassTransform
Transforming work-runtime-ktx-2.9.0.aar (androidx.work:work-runtime-ktx:2.9.0) with IdentityTransform
Transforming work-runtime-ktx-2.9.0.aar (androidx.work:work-runtime-ktx:2.9.0) with DexingNoClasspathTransform
Transforming work-runtime-ktx-2.9.0.aar (androidx.work:work-runtime-ktx:2.9.0) with DexingOutputSplitTransform
Transforming work-runtime-2.9.0.aar (androidx.work:work-runtime:2.9.0) with JetifyTransform
Transforming work-runtime-2.9.0.aar (androidx.work:work-runtime:2.9.0) with AarToClassTransform
Transforming work-runtime-2.9.0.aar (androidx.work:work-runtime:2.9.0) with IdentityTransform
Transforming work-runtime-2.9.0.aar (androidx.work:work-runtime:2.9.0) with DexingNoClasspathTransform
Transforming work-runtime-2.9.0.aar (androidx.work:work-runtime:2.9.0) with DexingOutputSplitTransform
Transforming navigation-common-2.7.5.aar (androidx.navigation:navigation-common:2.7.5) with JetifyTransform
Transforming navigation-common-2.7.5.aar (androidx.navigation:navigation-common:2.7.5) with AarToClassTransform
Transforming navigation-common-2.7.5.aar (androidx.navigation:navigation-common:2.7.5) with IdentityTransform
Transforming navigation-common-2.7.5.aar (androidx.navigation:navigation-common:2.7.5) with DexingNoClasspathTransform
Transforming navigation-common-2.7.5.aar (androidx.navigation:navigation-common:2.7.5) with DexingOutputSplitTransform
Transforming navigation-runtime-2.7.5.aar (androidx.navigation:navigation-runtime:2.7.5) with JetifyTransform
Transforming navigation-runtime-2.7.5.aar (androidx.navigation:navigation-runtime:2.7.5) with AarToClassTransform
Transforming navigation-runtime-2.7.5.aar (androidx.navigation:navigation-runtime:2.7.5) with IdentityTransform
Transforming navigation-runtime-2.7.5.aar (androidx.navigation:navigation-runtime:2.7.5) with DexingNoClasspathTransform
Transforming navigation-runtime-2.7.5.aar (androidx.navigation:navigation-runtime:2.7.5) with DexingOutputSplitTransform
Transforming navigation-common-ktx-2.7.5.aar (androidx.navigation:navigation-common-ktx:2.7.5) with JetifyTransform
Transforming navigation-common-ktx-2.7.5.aar (androidx.navigation:navigation-common-ktx:2.7.5) with AarToClassTransform
Transforming navigation-common-ktx-2.7.5.aar (androidx.navigation:navigation-common-ktx:2.7.5) with IdentityTransform
Transforming navigation-common-ktx-2.7.5.aar (androidx.navigation:navigation-common-ktx:2.7.5) with DexingNoClasspathTransform
Transforming navigation-common-ktx-2.7.5.aar (androidx.navigation:navigation-common-ktx:2.7.5) with DexingOutputSplitTransform
Transforming navigation-runtime-ktx-2.7.5.aar (androidx.navigation:navigation-runtime-ktx:2.7.5) with JetifyTransform
Transforming navigation-runtime-ktx-2.7.5.aar (androidx.navigation:navigation-runtime-ktx:2.7.5) with AarToClassTransform
Transforming navigation-runtime-ktx-2.7.5.aar (androidx.navigation:navigation-runtime-ktx:2.7.5) with IdentityTransform
Transforming navigation-runtime-ktx-2.7.5.aar (androidx.navigation:navigation-runtime-ktx:2.7.5) with DexingNoClasspathTransform
Transforming navigation-runtime-ktx-2.7.5.aar (androidx.navigation:navigation-runtime-ktx:2.7.5) with DexingOutputSplitTransform
Transforming navigation-compose-2.7.5.aar (androidx.navigation:navigation-compose:2.7.5) with JetifyTransform
Transforming navigation-compose-2.7.5.aar (androidx.navigation:navigation-compose:2.7.5) with AarToClassTransform
Transforming navigation-compose-2.7.5.aar (androidx.navigation:navigation-compose:2.7.5) with IdentityTransform
Transforming navigation-compose-2.7.5.aar (androidx.navigation:navigation-compose:2.7.5) with DexingNoClasspathTransform
Transforming navigation-compose-2.7.5.aar (androidx.navigation:navigation-compose:2.7.5) with DexingOutputSplitTransform
Transforming material3-1.1.2.aar (androidx.compose.material3:material3:1.1.2) with JetifyTransform
Transforming material3-1.1.2.aar (androidx.compose.material3:material3:1.1.2) with AarToClassTransform
Transforming material3-1.1.2.aar (androidx.compose.material3:material3:1.1.2) with IdentityTransform
Transforming material3-1.1.2.aar (androidx.compose.material3:material3:1.1.2) with DexingNoClasspathTransform
Transforming material3-1.1.2.aar (androidx.compose.material3:material3:1.1.2) with DexingOutputSplitTransform
Transforming activity-1.8.1.aar (androidx.activity:activity:1.8.1) with JetifyTransform
Transforming activity-1.8.1.aar (androidx.activity:activity:1.8.1) with AarToClassTransform
Transforming activity-1.8.1.aar (androidx.activity:activity:1.8.1) with IdentityTransform
Transforming activity-1.8.1.aar (androidx.activity:activity:1.8.1) with DexingNoClasspathTransform
Transforming activity-1.8.1.aar (androidx.activity:activity:1.8.1) with DexingOutputSplitTransform
Transforming activity-ktx-1.8.1.aar (androidx.activity:activity-ktx:1.8.1) with JetifyTransform
Transforming activity-ktx-1.8.1.aar (androidx.activity:activity-ktx:1.8.1) with AarToClassTransform
Transforming activity-ktx-1.8.1.aar (androidx.activity:activity-ktx:1.8.1) with IdentityTransform
Transforming activity-ktx-1.8.1.aar (androidx.activity:activity-ktx:1.8.1) with DexingNoClasspathTransform
Transforming activity-ktx-1.8.1.aar (androidx.activity:activity-ktx:1.8.1) with DexingOutputSplitTransform
Transforming material-ripple-release.aar (androidx.compose.material:material-ripple-android:1.5.4) with JetifyTransform
Transforming material-ripple-release.aar (androidx.compose.material:material-ripple-android:1.5.4) with AarToClassTransform
Transforming material-ripple-release.aar (androidx.compose.material:material-ripple-android:1.5.4) with IdentityTransform
Transforming material-ripple-release.aar (androidx.compose.material:material-ripple-android:1.5.4) with DexingNoClasspathTransform
Transforming material-ripple-release.aar (androidx.compose.material:material-ripple-android:1.5.4) with DexingOutputSplitTransform
Transforming material-icons-core-release.aar (androidx.compose.material:material-icons-core-android:1.5.4) with JetifyTransform
Transforming material-icons-core-release.aar (androidx.compose.material:material-icons-core-android:1.5.4) with AarToClassTransform
Transforming material-icons-core-release.aar (androidx.compose.material:material-icons-core-android:1.5.4) with IdentityTransform
Transforming material-icons-core-release.aar (androidx.compose.material:material-icons-core-android:1.5.4) with DexingNoClasspathTransform
Transforming material-icons-core-release.aar (androidx.compose.material:material-icons-core-android:1.5.4) with DexingOutputSplitTransform
Transforming material-icons-extended-release.aar (androidx.compose.material:material-icons-extended-android:1.5.4) with JetifyTransform
Transforming material-icons-extended-release.aar (androidx.compose.material:material-icons-extended-android:1.5.4) with AarToClassTransform
Transforming material-icons-extended-release.aar (androidx.compose.material:material-icons-extended-android:1.5.4) with IdentityTransform
Transforming material-icons-extended-release.aar (androidx.compose.material:material-icons-extended-android:1.5.4) with DexingNoClasspathTransform
Transforming material-icons-extended-release.aar (androidx.compose.material:material-icons-extended-android:1.5.4) with DexingOutputSplitTransform
Transforming material-release.aar (androidx.compose.material:material-android:1.5.4) with JetifyTransform
Transforming material-release.aar (androidx.compose.material:material-android:1.5.4) with AarToClassTransform
Transforming material-release.aar (androidx.compose.material:material-android:1.5.4) with IdentityTransform
Transforming material-release.aar (androidx.compose.material:material-android:1.5.4) with DexingNoClasspathTransform
Transforming material-release.aar (androidx.compose.material:material-android:1.5.4) with DexingOutputSplitTransform
Transforming animation-core-release.aar (androidx.compose.animation:animation-core-android:1.5.4) with JetifyTransform
Transforming animation-core-release.aar (androidx.compose.animation:animation-core-android:1.5.4) with AarToClassTransform
Transforming animation-core-release.aar (androidx.compose.animation:animation-core-android:1.5.4) with IdentityTransform
Transforming animation-core-release.aar (androidx.compose.animation:animation-core-android:1.5.4) with DexingNoClasspathTransform
Transforming animation-core-release.aar (androidx.compose.animation:animation-core-android:1.5.4) with DexingOutputSplitTransform
Transforming animation-release.aar (androidx.compose.animation:animation-android:1.5.4) with JetifyTransform
Transforming animation-release.aar (androidx.compose.animation:animation-android:1.5.4) with AarToClassTransform
Transforming animation-release.aar (androidx.compose.animation:animation-android:1.5.4) with IdentityTransform
Transforming animation-release.aar (androidx.compose.animation:animation-android:1.5.4) with DexingNoClasspathTransform
Transforming animation-release.aar (androidx.compose.animation:animation-android:1.5.4) with DexingOutputSplitTransform
Transforming foundation-layout-release.aar (androidx.compose.foundation:foundation-layout-android:1.5.4) with JetifyTransform
Transforming foundation-layout-release.aar (androidx.compose.foundation:foundation-layout-android:1.5.4) with AarToClassTransform
Transforming foundation-layout-release.aar (androidx.compose.foundation:foundation-layout-android:1.5.4) with IdentityTransform
Transforming foundation-layout-release.aar (androidx.compose.foundation:foundation-layout-android:1.5.4) with DexingNoClasspathTransform
Transforming foundation-layout-release.aar (androidx.compose.foundation:foundation-layout-android:1.5.4) with DexingOutputSplitTransform
Transforming foundation-release.aar (androidx.compose.foundation:foundation-android:1.5.4) with JetifyTransform
Transforming foundation-release.aar (androidx.compose.foundation:foundation-android:1.5.4) with AarToClassTransform
Transforming foundation-release.aar (androidx.compose.foundation:foundation-android:1.5.4) with IdentityTransform
Transforming foundation-release.aar (androidx.compose.foundation:foundation-android:1.5.4) with DexingNoClasspathTransform
Transforming foundation-release.aar (androidx.compose.foundation:foundation-android:1.5.4) with DexingOutputSplitTransform
Transforming ui-tooling-data-release.aar (androidx.compose.ui:ui-tooling-data-android:1.5.4) with JetifyTransform
Transforming ui-tooling-data-release.aar (androidx.compose.ui:ui-tooling-data-android:1.5.4) with AarToClassTransform
Transforming ui-tooling-data-release.aar (androidx.compose.ui:ui-tooling-data-android:1.5.4) with IdentityTransform
Transforming ui-tooling-data-release.aar (androidx.compose.ui:ui-tooling-data-android:1.5.4) with DexingNoClasspathTransform
Transforming ui-tooling-data-release.aar (androidx.compose.ui:ui-tooling-data-android:1.5.4) with DexingOutputSplitTransform
Transforming ui-unit-release.aar (androidx.compose.ui:ui-unit-android:1.5.4) with JetifyTransform
Transforming ui-unit-release.aar (androidx.compose.ui:ui-unit-android:1.5.4) with AarToClassTransform
Transforming ui-unit-release.aar (androidx.compose.ui:ui-unit-android:1.5.4) with IdentityTransform
Transforming ui-unit-release.aar (androidx.compose.ui:ui-unit-android:1.5.4) with DexingNoClasspathTransform
Transforming ui-unit-release.aar (androidx.compose.ui:ui-unit-android:1.5.4) with DexingOutputSplitTransform
Transforming ui-geometry-release.aar (androidx.compose.ui:ui-geometry-android:1.5.4) with JetifyTransform
Transforming ui-geometry-release.aar (androidx.compose.ui:ui-geometry-android:1.5.4) with AarToClassTransform
Transforming ui-geometry-release.aar (androidx.compose.ui:ui-geometry-android:1.5.4) with IdentityTransform
Transforming ui-geometry-release.aar (androidx.compose.ui:ui-geometry-android:1.5.4) with DexingNoClasspathTransform
Transforming ui-geometry-release.aar (androidx.compose.ui:ui-geometry-android:1.5.4) with DexingOutputSplitTransform
Transforming ui-util-release.aar (androidx.compose.ui:ui-util-android:1.5.4) with JetifyTransform
Transforming ui-util-release.aar (androidx.compose.ui:ui-util-android:1.5.4) with AarToClassTransform
Transforming ui-util-release.aar (androidx.compose.ui:ui-util-android:1.5.4) with IdentityTransform
Transforming ui-util-release.aar (androidx.compose.ui:ui-util-android:1.5.4) with DexingNoClasspathTransform
Transforming ui-util-release.aar (androidx.compose.ui:ui-util-android:1.5.4) with DexingOutputSplitTransform
Transforming ui-text-release.aar (androidx.compose.ui:ui-text-android:1.5.4) with JetifyTransform
Transforming ui-text-release.aar (androidx.compose.ui:ui-text-android:1.5.4) with AarToClassTransform
Transforming ui-text-release.aar (androidx.compose.ui:ui-text-android:1.5.4) with IdentityTransform
Transforming ui-text-release.aar (androidx.compose.ui:ui-text-android:1.5.4) with DexingNoClasspathTransform
Transforming ui-text-release.aar (androidx.compose.ui:ui-text-android:1.5.4) with DexingOutputSplitTransform
Transforming ui-tooling-preview-release.aar (androidx.compose.ui:ui-tooling-preview-android:1.5.4) with JetifyTransform
Transforming ui-tooling-preview-release.aar (androidx.compose.ui:ui-tooling-preview-android:1.5.4) with AarToClassTransform
Transforming ui-tooling-preview-release.aar (androidx.compose.ui:ui-tooling-preview-android:1.5.4) with IdentityTransform
Transforming ui-tooling-preview-release.aar (androidx.compose.ui:ui-tooling-preview-android:1.5.4) with DexingNoClasspathTransform
Transforming ui-tooling-preview-release.aar (androidx.compose.ui:ui-tooling-preview-android:1.5.4) with DexingOutputSplitTransform
Transforming ui-graphics-release.aar (androidx.compose.ui:ui-graphics-android:1.5.4) with JetifyTransform
Transforming ui-graphics-release.aar (androidx.compose.ui:ui-graphics-android:1.5.4) with AarToClassTransform
Transforming ui-graphics-release.aar (androidx.compose.ui:ui-graphics-android:1.5.4) with IdentityTransform
Transforming ui-graphics-release.aar (androidx.compose.ui:ui-graphics-android:1.5.4) with DexingNoClasspathTransform
Transforming ui-graphics-release.aar (androidx.compose.ui:ui-graphics-android:1.5.4) with DexingOutputSplitTransform
Transforming ui-test-manifest-1.5.4.aar (androidx.compose.ui:ui-test-manifest:1.5.4) with JetifyTransform
Transforming ui-test-manifest-1.5.4.aar (androidx.compose.ui:ui-test-manifest:1.5.4) with AarToClassTransform
Transforming ui-test-manifest-1.5.4.aar (androidx.compose.ui:ui-test-manifest:1.5.4) with IdentityTransform
Transforming ui-test-manifest-1.5.4.aar (androidx.compose.ui:ui-test-manifest:1.5.4) with DexingNoClasspathTransform
Transforming ui-test-manifest-1.5.4.aar (androidx.compose.ui:ui-test-manifest:1.5.4) with DexingOutputSplitTransform
Transforming ui-tooling-release.aar (androidx.compose.ui:ui-tooling-android:1.5.4) with JetifyTransform
Transforming ui-tooling-release.aar (androidx.compose.ui:ui-tooling-android:1.5.4) with AarToClassTransform
Transforming ui-tooling-release.aar (androidx.compose.ui:ui-tooling-android:1.5.4) with IdentityTransform
Transforming ui-tooling-release.aar (androidx.compose.ui:ui-tooling-android:1.5.4) with DexingNoClasspathTransform
Transforming ui-tooling-release.aar (androidx.compose.ui:ui-tooling-android:1.5.4) with DexingOutputSplitTransform
Transforming activity-compose-1.8.1.aar (androidx.activity:activity-compose:1.8.1) with JetifyTransform
Transforming activity-compose-1.8.1.aar (androidx.activity:activity-compose:1.8.1) with AarToClassTransform
Transforming activity-compose-1.8.1.aar (androidx.activity:activity-compose:1.8.1) with IdentityTransform
Transforming activity-compose-1.8.1.aar (androidx.activity:activity-compose:1.8.1) with DexingNoClasspathTransform
Transforming activity-compose-1.8.1.aar (androidx.activity:activity-compose:1.8.1) with DexingOutputSplitTransform
Transforming emoji2-1.4.0.aar (androidx.emoji2:emoji2:1.4.0) with JetifyTransform
Transforming emoji2-1.4.0.aar (androidx.emoji2:emoji2:1.4.0) with AarToClassTransform
Transforming emoji2-1.4.0.aar (androidx.emoji2:emoji2:1.4.0) with IdentityTransform
Transforming emoji2-1.4.0.aar (androidx.emoji2:emoji2:1.4.0) with DexingNoClasspathTransform
Transforming emoji2-1.4.0.aar (androidx.emoji2:emoji2:1.4.0) with DexingOutputSplitTransform
Transforming lifecycle-process-2.6.2.aar (androidx.lifecycle:lifecycle-process:2.6.2) with JetifyTransform
Transforming lifecycle-process-2.6.2.aar (androidx.lifecycle:lifecycle-process:2.6.2) with AarToClassTransform
Transforming lifecycle-process-2.6.2.aar (androidx.lifecycle:lifecycle-process:2.6.2) with IdentityTransform
Transforming lifecycle-process-2.6.2.aar (androidx.lifecycle:lifecycle-process:2.6.2) with DexingNoClasspathTransform
Transforming lifecycle-process-2.6.2.aar (androidx.lifecycle:lifecycle-process:2.6.2) with DexingOutputSplitTransform
Transforming lifecycle-service-2.6.2.aar (androidx.lifecycle:lifecycle-service:2.6.2) with JetifyTransform
Transforming lifecycle-service-2.6.2.aar (androidx.lifecycle:lifecycle-service:2.6.2) with AarToClassTransform
Transforming lifecycle-service-2.6.2.aar (androidx.lifecycle:lifecycle-service:2.6.2) with IdentityTransform
Transforming lifecycle-service-2.6.2.aar (androidx.lifecycle:lifecycle-service:2.6.2) with DexingNoClasspathTransform
Transforming lifecycle-service-2.6.2.aar (androidx.lifecycle:lifecycle-service:2.6.2) with DexingOutputSplitTransform
Transforming lifecycle-livedata-2.6.2.aar (androidx.lifecycle:lifecycle-livedata:2.6.2) with JetifyTransform
Transforming lifecycle-livedata-2.6.2.aar (androidx.lifecycle:lifecycle-livedata:2.6.2) with AarToClassTransform
Transforming lifecycle-livedata-2.6.2.aar (androidx.lifecycle:lifecycle-livedata:2.6.2) with IdentityTransform
Transforming lifecycle-livedata-2.6.2.aar (androidx.lifecycle:lifecycle-livedata:2.6.2) with DexingNoClasspathTransform
Transforming lifecycle-livedata-2.6.2.aar (androidx.lifecycle:lifecycle-livedata:2.6.2) with DexingOutputSplitTransform
Transforming lifecycle-livedata-2.6.2.aar (androidx.lifecycle:lifecycle-livedata:2.6.2) with JetifyTransform
Transforming lifecycle-livedata-2.6.2.aar (androidx.lifecycle:lifecycle-livedata:2.6.2) with AarToClassTransform
Transforming lifecycle-livedata-2.6.2.aar (androidx.lifecycle:lifecycle-livedata:2.6.2) with IdentityTransform
Transforming lifecycle-livedata-2.6.2.aar (androidx.lifecycle:lifecycle-livedata:2.6.2) with DexingNoClasspathTransform
Transforming lifecycle-livedata-2.6.2.aar (androidx.lifecycle:lifecycle-livedata:2.6.2) with DexingOutputSplitTransform
Transforming lifecycle-livedata-core-2.6.2.aar (androidx.lifecycle:lifecycle-livedata-core:2.6.2) with JetifyTransform
Transforming lifecycle-livedata-core-2.6.2.aar (androidx.lifecycle:lifecycle-livedata-core:2.6.2) with AarToClassTransform
Transforming lifecycle-livedata-core-2.6.2.aar (androidx.lifecycle:lifecycle-livedata-core:2.6.2) with IdentityTransform
Transforming lifecycle-livedata-core-2.6.2.aar (androidx.lifecycle:lifecycle-livedata-core:2.6.2) with DexingNoClasspathTransform
Transforming lifecycle-livedata-core-2.6.2.aar (androidx.lifecycle:lifecycle-livedata-core:2.6.2) with DexingOutputSplitTransform
Transforming savedstate-ktx-1.2.1.aar (androidx.savedstate:savedstate-ktx:1.2.1) with JetifyTransform
Transforming savedstate-ktx-1.2.1.aar (androidx.savedstate:savedstate-ktx:1.2.1) with AarToClassTransform
Transforming savedstate-ktx-1.2.1.aar (androidx.savedstate:savedstate-ktx:1.2.1) with IdentityTransform
Transforming savedstate-ktx-1.2.1.aar (androidx.savedstate:savedstate-ktx:1.2.1) with DexingNoClasspathTransform
Transforming savedstate-ktx-1.2.1.aar (androidx.savedstate:savedstate-ktx:1.2.1) with DexingOutputSplitTransform
Transforming savedstate-1.2.1.aar (androidx.savedstate:savedstate:1.2.1) with JetifyTransform
Transforming savedstate-1.2.1.aar (androidx.savedstate:savedstate:1.2.1) with AarToClassTransform
Transforming savedstate-1.2.1.aar (androidx.savedstate:savedstate:1.2.1) with IdentityTransform
Transforming savedstate-1.2.1.aar (androidx.savedstate:savedstate:1.2.1) with DexingNoClasspathTransform
Transforming savedstate-1.2.1.aar (androidx.savedstate:savedstate:1.2.1) with DexingOutputSplitTransform
Transforming lifecycle-common-2.6.2.jar (androidx.lifecycle:lifecycle-common:2.6.2) with JetifyTransform
Transforming lifecycle-common-2.6.2.jar (androidx.lifecycle:lifecycle-common:2.6.2) with IdentityTransform
Transforming lifecycle-common-2.6.2.jar (androidx.lifecycle:lifecycle-common:2.6.2) with IdentityTransform
Transforming lifecycle-common-2.6.2.jar (androidx.lifecycle:lifecycle-common:2.6.2) with DexingNoClasspathTransform
Transforming lifecycle-common-2.6.2.jar (androidx.lifecycle:lifecycle-common:2.6.2) with DexingOutputSplitTransform
Transforming lifecycle-viewmodel-savedstate-2.6.2.aar (androidx.lifecycle:lifecycle-viewmodel-savedstate:2.6.2) with JetifyTransform
Transforming lifecycle-viewmodel-savedstate-2.6.2.aar (androidx.lifecycle:lifecycle-viewmodel-savedstate:2.6.2) with AarToClassTransform
Transforming lifecycle-viewmodel-savedstate-2.6.2.aar (androidx.lifecycle:lifecycle-viewmodel-savedstate:2.6.2) with IdentityTransform
Transforming lifecycle-viewmodel-savedstate-2.6.2.aar (androidx.lifecycle:lifecycle-viewmodel-savedstate:2.6.2) with DexingNoClasspathTransform
Transforming lifecycle-viewmodel-savedstate-2.6.2.aar (androidx.lifecycle:lifecycle-viewmodel-savedstate:2.6.2) with DexingOutputSplitTransform
Transforming lifecycle-viewmodel-ktx-2.6.2.aar (androidx.lifecycle:lifecycle-viewmodel-ktx:2.6.2) with JetifyTransform
Transforming lifecycle-viewmodel-ktx-2.6.2.aar (androidx.lifecycle:lifecycle-viewmodel-ktx:2.6.2) with AarToClassTransform
Transforming lifecycle-viewmodel-ktx-2.6.2.aar (androidx.lifecycle:lifecycle-viewmodel-ktx:2.6.2) with IdentityTransform
Transforming lifecycle-viewmodel-ktx-2.6.2.aar (androidx.lifecycle:lifecycle-viewmodel-ktx:2.6.2) with DexingNoClasspathTransform
Transforming lifecycle-viewmodel-ktx-2.6.2.aar (androidx.lifecycle:lifecycle-viewmodel-ktx:2.6.2) with DexingOutputSplitTransform
Transforming lifecycle-common-java8-2.6.2.jar (androidx.lifecycle:lifecycle-common-java8:2.6.2) with JetifyTransform
Transforming lifecycle-common-java8-2.6.2.jar (androidx.lifecycle:lifecycle-common-java8:2.6.2) with IdentityTransform
Transforming lifecycle-common-java8-2.6.2.jar (androidx.lifecycle:lifecycle-common-java8:2.6.2) with IdentityTransform
Transforming lifecycle-common-java8-2.6.2.jar (androidx.lifecycle:lifecycle-common-java8:2.6.2) with DexingNoClasspathTransform
Transforming lifecycle-common-java8-2.6.2.jar (androidx.lifecycle:lifecycle-common-java8:2.6.2) with DexingOutputSplitTransform
Transforming lifecycle-viewmodel-2.6.2.aar (androidx.lifecycle:lifecycle-viewmodel:2.6.2) with JetifyTransform
Transforming lifecycle-viewmodel-2.6.2.aar (androidx.lifecycle:lifecycle-viewmodel:2.6.2) with AarToClassTransform
Transforming lifecycle-viewmodel-2.6.2.aar (androidx.lifecycle:lifecycle-viewmodel:2.6.2) with IdentityTransform
Transforming lifecycle-viewmodel-2.6.2.aar (androidx.lifecycle:lifecycle-viewmodel:2.6.2) with DexingNoClasspathTransform
Transforming lifecycle-viewmodel-2.6.2.aar (androidx.lifecycle:lifecycle-viewmodel:2.6.2) with DexingOutputSplitTransform
Transforming lifecycle-viewmodel-2.6.2.aar (androidx.lifecycle:lifecycle-viewmodel:2.6.2) with JetifyTransform
Transforming lifecycle-viewmodel-2.6.2.aar (androidx.lifecycle:lifecycle-viewmodel:2.6.2) with AarToClassTransform
Transforming lifecycle-viewmodel-2.6.2.aar (androidx.lifecycle:lifecycle-viewmodel:2.6.2) with IdentityTransform
Transforming lifecycle-viewmodel-2.6.2.aar (androidx.lifecycle:lifecycle-viewmodel:2.6.2) with DexingNoClasspathTransform
Transforming lifecycle-viewmodel-2.6.2.aar (androidx.lifecycle:lifecycle-viewmodel:2.6.2) with DexingOutputSplitTransform
Transforming lifecycle-runtime-2.6.2.aar (androidx.lifecycle:lifecycle-runtime:2.6.2) with JetifyTransform
Transforming lifecycle-runtime-2.6.2.aar (androidx.lifecycle:lifecycle-runtime:2.6.2) with AarToClassTransform
Transforming lifecycle-runtime-2.6.2.aar (androidx.lifecycle:lifecycle-runtime:2.6.2) with IdentityTransform
Transforming lifecycle-runtime-2.6.2.aar (androidx.lifecycle:lifecycle-runtime:2.6.2) with DexingNoClasspathTransform
Transforming lifecycle-runtime-2.6.2.aar (androidx.lifecycle:lifecycle-runtime:2.6.2) with DexingOutputSplitTransform
Transforming lifecycle-runtime-ktx-2.6.2.aar (androidx.lifecycle:lifecycle-runtime-ktx:2.6.2) with JetifyTransform
Transforming lifecycle-runtime-ktx-2.6.2.aar (androidx.lifecycle:lifecycle-runtime-ktx:2.6.2) with AarToClassTransform
Transforming lifecycle-runtime-ktx-2.6.2.aar (androidx.lifecycle:lifecycle-runtime-ktx:2.6.2) with IdentityTransform
Transforming lifecycle-runtime-ktx-2.6.2.aar (androidx.lifecycle:lifecycle-runtime-ktx:2.6.2) with DexingNoClasspathTransform
Transforming lifecycle-runtime-ktx-2.6.2.aar (androidx.lifecycle:lifecycle-runtime-ktx:2.6.2) with DexingOutputSplitTransform
Transforming lifecycle-viewmodel-compose-2.6.2.aar (androidx.lifecycle:lifecycle-viewmodel-compose:2.6.2) with JetifyTransform
Transforming lifecycle-viewmodel-compose-2.6.2.aar (androidx.lifecycle:lifecycle-viewmodel-compose:2.6.2) with AarToClassTransform
Transforming lifecycle-viewmodel-compose-2.6.2.aar (androidx.lifecycle:lifecycle-viewmodel-compose:2.6.2) with IdentityTransform
Transforming lifecycle-viewmodel-compose-2.6.2.aar (androidx.lifecycle:lifecycle-viewmodel-compose:2.6.2) with DexingNoClasspathTransform
Transforming lifecycle-viewmodel-compose-2.6.2.aar (androidx.lifecycle:lifecycle-viewmodel-compose:2.6.2) with DexingOutputSplitTransform
Transforming ui-release.aar (androidx.compose.ui:ui-android:1.5.4) with JetifyTransform
Transforming ui-release.aar (androidx.compose.ui:ui-android:1.5.4) with AarToClassTransform
Transforming ui-release.aar (androidx.compose.ui:ui-android:1.5.4) with IdentityTransform
Transforming ui-release.aar (androidx.compose.ui:ui-android:1.5.4) with DexingNoClasspathTransform
Transforming ui-release.aar (androidx.compose.ui:ui-android:1.5.4) with DexingOutputSplitTransform
Transforming autofill-1.0.0.aar (androidx.autofill:autofill:1.0.0) with JetifyTransform
Transforming autofill-1.0.0.aar (androidx.autofill:autofill:1.0.0) with AarToClassTransform
Transforming autofill-1.0.0.aar (androidx.autofill:autofill:1.0.0) with IdentityTransform
Transforming autofill-1.0.0.aar (androidx.autofill:autofill:1.0.0) with DexingNoClasspathTransform
Transforming autofill-1.0.0.aar (androidx.autofill:autofill:1.0.0) with DexingOutputSplitTransform
Transforming viewpager-1.0.0.aar (androidx.viewpager:viewpager:1.0.0) with JetifyTransform
Transforming viewpager-1.0.0.aar (androidx.viewpager:viewpager:1.0.0) with AarToClassTransform
Transforming viewpager-1.0.0.aar (androidx.viewpager:viewpager:1.0.0) with IdentityTransform
Transforming viewpager-1.0.0.aar (androidx.viewpager:viewpager:1.0.0) with DexingNoClasspathTransform
Transforming viewpager-1.0.0.aar (androidx.viewpager:viewpager:1.0.0) with DexingOutputSplitTransform
Transforming coordinatorlayout-1.0.0.aar (androidx.coordinatorlayout:coordinatorlayout:1.0.0) with JetifyTransform
Transforming coordinatorlayout-1.0.0.aar (androidx.coordinatorlayout:coordinatorlayout:1.0.0) with AarToClassTransform
Transforming coordinatorlayout-1.0.0.aar (androidx.coordinatorlayout:coordinatorlayout:1.0.0) with IdentityTransform
Transforming coordinatorlayout-1.0.0.aar (androidx.coordinatorlayout:coordinatorlayout:1.0.0) with DexingNoClasspathTransform
Transforming coordinatorlayout-1.0.0.aar (androidx.coordinatorlayout:coordinatorlayout:1.0.0) with DexingOutputSplitTransform
Transforming drawerlayout-1.0.0.aar (androidx.drawerlayout:drawerlayout:1.0.0) with JetifyTransform
Transforming drawerlayout-1.0.0.aar (androidx.drawerlayout:drawerlayout:1.0.0) with AarToClassTransform
Transforming drawerlayout-1.0.0.aar (androidx.drawerlayout:drawerlayout:1.0.0) with IdentityTransform
Transforming drawerlayout-1.0.0.aar (androidx.drawerlayout:drawerlayout:1.0.0) with DexingNoClasspathTransform
Transforming drawerlayout-1.0.0.aar (androidx.drawerlayout:drawerlayout:1.0.0) with DexingOutputSplitTransform
Transforming slidingpanelayout-1.0.0.aar (androidx.slidingpanelayout:slidingpanelayout:1.0.0) with JetifyTransform
Transforming slidingpanelayout-1.0.0.aar (androidx.slidingpanelayout:slidingpanelayout:1.0.0) with AarToClassTransform
Transforming slidingpanelayout-1.0.0.aar (androidx.slidingpanelayout:slidingpanelayout:1.0.0) with IdentityTransform
Transforming slidingpanelayout-1.0.0.aar (androidx.slidingpanelayout:slidingpanelayout:1.0.0) with DexingNoClasspathTransform
Transforming slidingpanelayout-1.0.0.aar (androidx.slidingpanelayout:slidingpanelayout:1.0.0) with DexingOutputSplitTransform
Transforming customview-1.0.0.aar (androidx.customview:customview:1.0.0) with JetifyTransform
Transforming customview-1.0.0.aar (androidx.customview:customview:1.0.0) with AarToClassTransform
Transforming customview-1.0.0.aar (androidx.customview:customview:1.0.0) with IdentityTransform
Transforming customview-1.0.0.aar (androidx.customview:customview:1.0.0) with DexingNoClasspathTransform
Transforming customview-1.0.0.aar (androidx.customview:customview:1.0.0) with DexingOutputSplitTransform
Transforming swiperefreshlayout-1.0.0.aar (androidx.swiperefreshlayout:swiperefreshlayout:1.0.0) with JetifyTransform
Transforming swiperefreshlayout-1.0.0.aar (androidx.swiperefreshlayout:swiperefreshlayout:1.0.0) with AarToClassTransform
Transforming swiperefreshlayout-1.0.0.aar (androidx.swiperefreshlayout:swiperefreshlayout:1.0.0) with IdentityTransform
Transforming swiperefreshlayout-1.0.0.aar (androidx.swiperefreshlayout:swiperefreshlayout:1.0.0) with DexingNoClasspathTransform
Transforming swiperefreshlayout-1.0.0.aar (androidx.swiperefreshlayout:swiperefreshlayout:1.0.0) with DexingOutputSplitTransform
Transforming asynclayoutinflater-1.0.0.aar (androidx.asynclayoutinflater:asynclayoutinflater:1.0.0) with JetifyTransform
Transforming asynclayoutinflater-1.0.0.aar (androidx.asynclayoutinflater:asynclayoutinflater:1.0.0) with AarToClassTransform
Transforming asynclayoutinflater-1.0.0.aar (androidx.asynclayoutinflater:asynclayoutinflater:1.0.0) with IdentityTransform
Transforming asynclayoutinflater-1.0.0.aar (androidx.asynclayoutinflater:asynclayoutinflater:1.0.0) with DexingNoClasspathTransform
Transforming asynclayoutinflater-1.0.0.aar (androidx.asynclayoutinflater:asynclayoutinflater:1.0.0) with DexingOutputSplitTransform
Transforming core-1.12.0.aar (androidx.core:core:1.12.0) with JetifyTransform
Transforming core-1.12.0.aar (androidx.core:core:1.12.0) with AarToClassTransform
Transforming core-1.12.0.aar (androidx.core:core:1.12.0) with IdentityTransform
Transforming core-1.12.0.aar (androidx.core:core:1.12.0) with DexingNoClasspathTransform
Transforming core-1.12.0.aar (androidx.core:core:1.12.0) with DexingOutputSplitTransform
Transforming core-1.12.0.aar (androidx.core:core:1.12.0) with JetifyTransform
Transforming core-1.12.0.aar (androidx.core:core:1.12.0) with AarToClassTransform
Transforming core-1.12.0.aar (androidx.core:core:1.12.0) with IdentityTransform
Transforming core-1.12.0.aar (androidx.core:core:1.12.0) with DexingNoClasspathTransform
Transforming core-1.12.0.aar (androidx.core:core:1.12.0) with DexingOutputSplitTransform
Transforming customview-poolingcontainer-1.0.0.aar (androidx.customview:customview-poolingcontainer:1.0.0) with JetifyTransform
Transforming customview-poolingcontainer-1.0.0.aar (androidx.customview:customview-poolingcontainer:1.0.0) with AarToClassTransform
Transforming customview-poolingcontainer-1.0.0.aar (androidx.customview:customview-poolingcontainer:1.0.0) with IdentityTransform
Transforming customview-poolingcontainer-1.0.0.aar (androidx.customview:customview-poolingcontainer:1.0.0) with DexingNoClasspathTransform
Transforming customview-poolingcontainer-1.0.0.aar (androidx.customview:customview-poolingcontainer:1.0.0) with DexingOutputSplitTransform
Transforming core-ktx-1.12.0.aar (androidx.core:core-ktx:1.12.0) with JetifyTransform
Transforming core-ktx-1.12.0.aar (androidx.core:core-ktx:1.12.0) with AarToClassTransform
Transforming core-ktx-1.12.0.aar (androidx.core:core-ktx:1.12.0) with IdentityTransform
Transforming core-ktx-1.12.0.aar (androidx.core:core-ktx:1.12.0) with DexingNoClasspathTransform
Transforming core-ktx-1.12.0.aar (androidx.core:core-ktx:1.12.0) with DexingOutputSplitTransform
Transforming room-common-2.6.1.jar (androidx.room:room-common:2.6.1) with JetifyTransform
Transforming room-common-2.6.1.jar (androidx.room:room-common:2.6.1) with IdentityTransform
Transforming room-common-2.6.1.jar (androidx.room:room-common:2.6.1) with IdentityTransform
Transforming room-common-2.6.1.jar (androidx.room:room-common:2.6.1) with DexingNoClasspathTransform
Transforming room-common-2.6.1.jar (androidx.room:room-common:2.6.1) with DexingOutputSplitTransform
Transforming room-runtime-2.6.1.aar (androidx.room:room-runtime:2.6.1) with JetifyTransform
Transforming room-runtime-2.6.1.aar (androidx.room:room-runtime:2.6.1) with AarToClassTransform
Transforming room-runtime-2.6.1.aar (androidx.room:room-runtime:2.6.1) with IdentityTransform
Transforming room-runtime-2.6.1.aar (androidx.room:room-runtime:2.6.1) with DexingNoClasspathTransform
Transforming room-runtime-2.6.1.aar (androidx.room:room-runtime:2.6.1) with DexingOutputSplitTransform
Transforming room-ktx-2.6.1.aar (androidx.room:room-ktx:2.6.1) with JetifyTransform
Transforming room-ktx-2.6.1.aar (androidx.room:room-ktx:2.6.1) with AarToClassTransform
Transforming room-ktx-2.6.1.aar (androidx.room:room-ktx:2.6.1) with IdentityTransform
Transforming room-ktx-2.6.1.aar (androidx.room:room-ktx:2.6.1) with DexingNoClasspathTransform
Transforming room-ktx-2.6.1.aar (androidx.room:room-ktx:2.6.1) with DexingOutputSplitTransform
Transforming datastore-preferences-1.0.0.aar (androidx.datastore:datastore-preferences:1.0.0) with JetifyTransform
Transforming datastore-preferences-1.0.0.aar (androidx.datastore:datastore-preferences:1.0.0) with AarToClassTransform
Transforming datastore-preferences-1.0.0.aar (androidx.datastore:datastore-preferences:1.0.0) with IdentityTransform
Transforming datastore-preferences-1.0.0.aar (androidx.datastore:datastore-preferences:1.0.0) with DexingNoClasspathTransform
Transforming datastore-preferences-1.0.0.aar (androidx.datastore:datastore-preferences:1.0.0) with DexingOutputSplitTransform
Transforming sqlite-framework-2.4.0.aar (androidx.sqlite:sqlite-framework:2.4.0) with JetifyTransform
Transforming sqlite-framework-2.4.0.aar (androidx.sqlite:sqlite-framework:2.4.0) with AarToClassTransform
Transforming sqlite-framework-2.4.0.aar (androidx.sqlite:sqlite-framework:2.4.0) with IdentityTransform
Transforming sqlite-framework-2.4.0.aar (androidx.sqlite:sqlite-framework:2.4.0) with DexingNoClasspathTransform
Transforming sqlite-framework-2.4.0.aar (androidx.sqlite:sqlite-framework:2.4.0) with DexingOutputSplitTransform
Transforming sqlite-2.4.0.aar (androidx.sqlite:sqlite:2.4.0) with JetifyTransform
Transforming sqlite-2.4.0.aar (androidx.sqlite:sqlite:2.4.0) with AarToClassTransform
Transforming sqlite-2.4.0.aar (androidx.sqlite:sqlite:2.4.0) with IdentityTransform
Transforming sqlite-2.4.0.aar (androidx.sqlite:sqlite:2.4.0) with DexingNoClasspathTransform
Transforming sqlite-2.4.0.aar (androidx.sqlite:sqlite:2.4.0) with DexingOutputSplitTransform
Transforming datastore-1.0.0.aar (androidx.datastore:datastore:1.0.0) with JetifyTransform
Transforming datastore-1.0.0.aar (androidx.datastore:datastore:1.0.0) with AarToClassTransform
Transforming datastore-1.0.0.aar (androidx.datastore:datastore:1.0.0) with IdentityTransform
Transforming datastore-1.0.0.aar (androidx.datastore:datastore:1.0.0) with DexingNoClasspathTransform
Transforming datastore-1.0.0.aar (androidx.datastore:datastore:1.0.0) with DexingOutputSplitTransform
Transforming datastore-preferences-core-1.0.0.jar (androidx.datastore:datastore-preferences-core:1.0.0) with JetifyTransform
Transforming datastore-preferences-core-1.0.0.jar (androidx.datastore:datastore-preferences-core:1.0.0) with IdentityTransform
Transforming datastore-preferences-core-1.0.0.jar (androidx.datastore:datastore-preferences-core:1.0.0) with IdentityTransform
Transforming datastore-preferences-core-1.0.0.jar (androidx.datastore:datastore-preferences-core:1.0.0) with DexingNoClasspathTransform
Transforming datastore-preferences-core-1.0.0.jar (androidx.datastore:datastore-preferences-core:1.0.0) with DexingOutputSplitTransform
Transforming annotation-experimental-1.3.0.aar (androidx.annotation:annotation-experimental:1.3.0) with JetifyTransform
Transforming annotation-experimental-1.3.0.aar (androidx.annotation:annotation-experimental:1.3.0) with AarToClassTransform
Transforming annotation-experimental-1.3.0.aar (androidx.annotation:annotation-experimental:1.3.0) with IdentityTransform
Transforming annotation-experimental-1.3.0.aar (androidx.annotation:annotation-experimental:1.3.0) with DexingNoClasspathTransform
Transforming annotation-experimental-1.3.0.aar (androidx.annotation:annotation-experimental:1.3.0) with DexingOutputSplitTransform
Transforming runtime-saveable-release.aar (androidx.compose.runtime:runtime-saveable-android:1.5.4) with JetifyTransform
Transforming runtime-saveable-release.aar (androidx.compose.runtime:runtime-saveable-android:1.5.4) with AarToClassTransform
Transforming runtime-saveable-release.aar (androidx.compose.runtime:runtime-saveable-android:1.5.4) with IdentityTransform
Transforming runtime-saveable-release.aar (androidx.compose.runtime:runtime-saveable-android:1.5.4) with DexingNoClasspathTransform
Transforming runtime-saveable-release.aar (androidx.compose.runtime:runtime-saveable-android:1.5.4) with DexingOutputSplitTransform
Transforming runtime-release.aar (androidx.compose.runtime:runtime-android:1.5.4) with JetifyTransform
Transforming runtime-release.aar (androidx.compose.runtime:runtime-android:1.5.4) with AarToClassTransform
Transforming runtime-release.aar (androidx.compose.runtime:runtime-android:1.5.4) with IdentityTransform
Transforming runtime-release.aar (androidx.compose.runtime:runtime-android:1.5.4) with DexingNoClasspathTransform
Transforming runtime-release.aar (androidx.compose.runtime:runtime-android:1.5.4) with DexingOutputSplitTransform
Transforming kotlinx-coroutines-android-1.7.3.jar (org.jetbrains.kotlinx:kotlinx-coroutines-android:1.7.3) with JetifyTransform
Transforming kotlinx-coroutines-android-1.7.3.jar (org.jetbrains.kotlinx:kotlinx-coroutines-android:1.7.3) with IdentityTransform
Transforming kotlinx-coroutines-android-1.7.3.jar (org.jetbrains.kotlinx:kotlinx-coroutines-android:1.7.3) with IdentityTransform
Transforming kotlinx-coroutines-android-1.7.3.jar (org.jetbrains.kotlinx:kotlinx-coroutines-android:1.7.3) with DexingNoClasspathTransform
Transforming kotlinx-coroutines-android-1.7.3.jar (org.jetbrains.kotlinx:kotlinx-coroutines-android:1.7.3) with DexingOutputSplitTransform
Transforming datastore-core-1.0.0.jar (androidx.datastore:datastore-core:1.0.0) with JetifyTransform
Transforming datastore-core-1.0.0.jar (androidx.datastore:datastore-core:1.0.0) with IdentityTransform
Transforming datastore-core-1.0.0.jar (androidx.datastore:datastore-core:1.0.0) with IdentityTransform
Transforming datastore-core-1.0.0.jar (androidx.datastore:datastore-core:1.0.0) with DexingNoClasspathTransform
Transforming datastore-core-1.0.0.jar (androidx.datastore:datastore-core:1.0.0) with DexingOutputSplitTransform
Transforming kotlinx-coroutines-core-jvm-1.7.3.jar (org.jetbrains.kotlinx:kotlinx-coroutines-core-jvm:1.7.3) with JetifyTransform
Transforming kotlinx-coroutines-core-jvm-1.7.3.jar (org.jetbrains.kotlinx:kotlinx-coroutines-core-jvm:1.7.3) with IdentityTransform
Transforming kotlinx-coroutines-core-jvm-1.7.3.jar (org.jetbrains.kotlinx:kotlinx-coroutines-core-jvm:1.7.3) with IdentityTransform
Transforming kotlinx-coroutines-core-jvm-1.7.3.jar (org.jetbrains.kotlinx:kotlinx-coroutines-core-jvm:1.7.3) with DexingNoClasspathTransform
Transforming kotlinx-coroutines-core-jvm-1.7.3.jar (org.jetbrains.kotlinx:kotlinx-coroutines-core-jvm:1.7.3) with DexingOutputSplitTransform
Transforming kotlin-stdlib-jdk8-1.8.22.jar (org.jetbrains.kotlin:kotlin-stdlib-jdk8:1.8.22) with JetifyTransform
Transforming kotlin-stdlib-jdk8-1.8.22.jar (org.jetbrains.kotlin:kotlin-stdlib-jdk8:1.8.22) with IdentityTransform
Transforming kotlin-stdlib-jdk8-1.8.22.jar (org.jetbrains.kotlin:kotlin-stdlib-jdk8:1.8.22) with IdentityTransform
Transforming kotlin-stdlib-jdk8-1.8.22.jar (org.jetbrains.kotlin:kotlin-stdlib-jdk8:1.8.22) with DexingNoClasspathTransform
Transforming kotlin-stdlib-jdk8-1.8.22.jar (org.jetbrains.kotlin:kotlin-stdlib-jdk8:1.8.22) with DexingOutputSplitTransform
Transforming core-runtime-2.2.0.aar (androidx.arch.core:core-runtime:2.2.0) with JetifyTransform
Transforming core-runtime-2.2.0.aar (androidx.arch.core:core-runtime:2.2.0) with AarToClassTransform
Transforming core-runtime-2.2.0.aar (androidx.arch.core:core-runtime:2.2.0) with IdentityTransform
Transforming core-runtime-2.2.0.aar (androidx.arch.core:core-runtime:2.2.0) with DexingNoClasspathTransform
Transforming core-runtime-2.2.0.aar (androidx.arch.core:core-runtime:2.2.0) with DexingOutputSplitTransform
Transforming interpolator-1.0.0.aar (androidx.interpolator:interpolator:1.0.0) with JetifyTransform
Transforming interpolator-1.0.0.aar (androidx.interpolator:interpolator:1.0.0) with AarToClassTransform
Transforming interpolator-1.0.0.aar (androidx.interpolator:interpolator:1.0.0) with IdentityTransform
Transforming interpolator-1.0.0.aar (androidx.interpolator:interpolator:1.0.0) with DexingNoClasspathTransform
Transforming interpolator-1.0.0.aar (androidx.interpolator:interpolator:1.0.0) with DexingOutputSplitTransform
Transforming interpolator-1.0.0.aar (androidx.interpolator:interpolator:1.0.0) with JetifyTransform
Transforming interpolator-1.0.0.aar (androidx.interpolator:interpolator:1.0.0) with AarToClassTransform
Transforming interpolator-1.0.0.aar (androidx.interpolator:interpolator:1.0.0) with IdentityTransform
Transforming interpolator-1.0.0.aar (androidx.interpolator:interpolator:1.0.0) with DexingNoClasspathTransform
Transforming interpolator-1.0.0.aar (androidx.interpolator:interpolator:1.0.0) with DexingOutputSplitTransform
Transforming versionedparcelable-1.1.1.aar (androidx.versionedparcelable:versionedparcelable:1.1.1) with JetifyTransform
Transforming versionedparcelable-1.1.1.aar (androidx.versionedparcelable:versionedparcelable:1.1.1) with AarToClassTransform
Transforming versionedparcelable-1.1.1.aar (androidx.versionedparcelable:versionedparcelable:1.1.1) with IdentityTransform
Transforming versionedparcelable-1.1.1.aar (androidx.versionedparcelable:versionedparcelable:1.1.1) with DexingNoClasspathTransform
Transforming versionedparcelable-1.1.1.aar (androidx.versionedparcelable:versionedparcelable:1.1.1) with DexingOutputSplitTransform
Transforming core-common-2.2.0.jar (androidx.arch.core:core-common:2.2.0) with JetifyTransform
Transforming core-common-2.2.0.jar (androidx.arch.core:core-common:2.2.0) with IdentityTransform
Transforming core-common-2.2.0.jar (androidx.arch.core:core-common:2.2.0) with IdentityTransform
Transforming core-common-2.2.0.jar (androidx.arch.core:core-common:2.2.0) with DexingNoClasspathTransform
Transforming core-common-2.2.0.jar (androidx.arch.core:core-common:2.2.0) with DexingOutputSplitTransform
Transforming profileinstaller-1.3.0.aar (androidx.profileinstaller:profileinstaller:1.3.0) with JetifyTransform
Transforming profileinstaller-1.3.0.aar (androidx.profileinstaller:profileinstaller:1.3.0) with AarToClassTransform
Transforming profileinstaller-1.3.0.aar (androidx.profileinstaller:profileinstaller:1.3.0) with IdentityTransform
Transforming profileinstaller-1.3.0.aar (androidx.profileinstaller:profileinstaller:1.3.0) with DexingNoClasspathTransform
Transforming profileinstaller-1.3.0.aar (androidx.profileinstaller:profileinstaller:1.3.0) with DexingOutputSplitTransform
Transforming startup-runtime-1.1.1.aar (androidx.startup:startup-runtime:1.1.1) with JetifyTransform
Transforming startup-runtime-1.1.1.aar (androidx.startup:startup-runtime:1.1.1) with AarToClassTransform
Transforming startup-runtime-1.1.1.aar (androidx.startup:startup-runtime:1.1.1) with IdentityTransform
Transforming startup-runtime-1.1.1.aar (androidx.startup:startup-runtime:1.1.1) with DexingNoClasspathTransform
Transforming startup-runtime-1.1.1.aar (androidx.startup:startup-runtime:1.1.1) with DexingOutputSplitTransform
Transforming concurrent-futures-1.1.0.jar (androidx.concurrent:concurrent-futures:1.1.0) with JetifyTransform
Transforming concurrent-futures-1.1.0.jar (androidx.concurrent:concurrent-futures:1.1.0) with IdentityTransform
Transforming concurrent-futures-1.1.0.jar (androidx.concurrent:concurrent-futures:1.1.0) with IdentityTransform
Transforming concurrent-futures-1.1.0.jar (androidx.concurrent:concurrent-futures:1.1.0) with DexingNoClasspathTransform
Transforming concurrent-futures-1.1.0.jar (androidx.concurrent:concurrent-futures:1.1.0) with DexingOutputSplitTransform
Transforming tracing-1.0.0.aar (androidx.tracing:tracing:1.0.0) with JetifyTransform
Transforming tracing-1.0.0.aar (androidx.tracing:tracing:1.0.0) with AarToClassTransform
Transforming tracing-1.0.0.aar (androidx.tracing:tracing:1.0.0) with IdentityTransform
Transforming tracing-1.0.0.aar (androidx.tracing:tracing:1.0.0) with DexingNoClasspathTransform
Transforming tracing-1.0.0.aar (androidx.tracing:tracing:1.0.0) with DexingOutputSplitTransform
Transforming cursoradapter-1.0.0.aar (androidx.cursoradapter:cursoradapter:1.0.0) with JetifyTransform
Transforming cursoradapter-1.0.0.aar (androidx.cursoradapter:cursoradapter:1.0.0) with AarToClassTransform
Transforming cursoradapter-1.0.0.aar (androidx.cursoradapter:cursoradapter:1.0.0) with IdentityTransform
Transforming cursoradapter-1.0.0.aar (androidx.cursoradapter:cursoradapter:1.0.0) with DexingNoClasspathTransform
Transforming cursoradapter-1.0.0.aar (androidx.cursoradapter:cursoradapter:1.0.0) with DexingOutputSplitTransform
Transforming documentfile-1.0.0.aar (androidx.documentfile:documentfile:1.0.0) with JetifyTransform
Transforming documentfile-1.0.0.aar (androidx.documentfile:documentfile:1.0.0) with AarToClassTransform
Transforming documentfile-1.0.0.aar (androidx.documentfile:documentfile:1.0.0) with IdentityTransform
Transforming documentfile-1.0.0.aar (androidx.documentfile:documentfile:1.0.0) with DexingNoClasspathTransform
Transforming documentfile-1.0.0.aar (androidx.documentfile:documentfile:1.0.0) with DexingOutputSplitTransform
Transforming localbroadcastmanager-1.0.0.aar (androidx.localbroadcastmanager:localbroadcastmanager:1.0.0) with JetifyTransform
Transforming localbroadcastmanager-1.0.0.aar (androidx.localbroadcastmanager:localbroadcastmanager:1.0.0) with AarToClassTransform
Transforming localbroadcastmanager-1.0.0.aar (androidx.localbroadcastmanager:localbroadcastmanager:1.0.0) with IdentityTransform
Transforming localbroadcastmanager-1.0.0.aar (androidx.localbroadcastmanager:localbroadcastmanager:1.0.0) with DexingNoClasspathTransform
Transforming localbroadcastmanager-1.0.0.aar (androidx.localbroadcastmanager:localbroadcastmanager:1.0.0) with DexingOutputSplitTransform
Transforming print-1.0.0.aar (androidx.print:print:1.0.0) with JetifyTransform
Transforming print-1.0.0.aar (androidx.print:print:1.0.0) with AarToClassTransform
Transforming print-1.0.0.aar (androidx.print:print:1.0.0) with IdentityTransform
Transforming print-1.0.0.aar (androidx.print:print:1.0.0) with DexingNoClasspathTransform
Transforming print-1.0.0.aar (androidx.print:print:1.0.0) with DexingOutputSplitTransform
Transforming collection-ktx-1.1.0.jar (androidx.collection:collection-ktx:1.1.0) with JetifyTransform
Transforming collection-ktx-1.1.0.jar (androidx.collection:collection-ktx:1.1.0) with IdentityTransform
Transforming collection-ktx-1.1.0.jar (androidx.collection:collection-ktx:1.1.0) with IdentityTransform
Transforming collection-ktx-1.1.0.jar (androidx.collection:collection-ktx:1.1.0) with DexingNoClasspathTransform
Transforming collection-ktx-1.1.0.jar (androidx.collection:collection-ktx:1.1.0) with DexingOutputSplitTransform
Transforming collection-1.1.0.jar (androidx.collection:collection:1.1.0) with JetifyTransform
Transforming collection-1.1.0.jar (androidx.collection:collection:1.1.0) with IdentityTransform
Transforming collection-1.1.0.jar (androidx.collection:collection:1.1.0) with IdentityTransform
Transforming collection-1.1.0.jar (androidx.collection:collection:1.1.0) with DexingNoClasspathTransform
Transforming collection-1.1.0.jar (androidx.collection:collection:1.1.0) with DexingOutputSplitTransform
Transforming annotation-jvm-1.6.0.jar (androidx.annotation:annotation-jvm:1.6.0) with JetifyTransform
Transforming annotation-jvm-1.6.0.jar (androidx.annotation:annotation-jvm:1.6.0) with IdentityTransform
Transforming annotation-jvm-1.6.0.jar (androidx.annotation:annotation-jvm:1.6.0) with IdentityTransform
Transforming annotation-jvm-1.6.0.jar (androidx.annotation:annotation-jvm:1.6.0) with DexingNoClasspathTransform
Transforming annotation-jvm-1.6.0.jar (androidx.annotation:annotation-jvm:1.6.0) with DexingOutputSplitTransform
Transforming kotlin-stdlib-jdk7-1.8.22.jar (org.jetbrains.kotlin:kotlin-stdlib-jdk7:1.8.22) with JetifyTransform
Transforming kotlin-stdlib-jdk7-1.8.22.jar (org.jetbrains.kotlin:kotlin-stdlib-jdk7:1.8.22) with IdentityTransform
Transforming kotlin-stdlib-jdk7-1.8.22.jar (org.jetbrains.kotlin:kotlin-stdlib-jdk7:1.8.22) with IdentityTransform
Transforming kotlin-stdlib-jdk7-1.8.22.jar (org.jetbrains.kotlin:kotlin-stdlib-jdk7:1.8.22) with DexingNoClasspathTransform
Transforming kotlin-stdlib-jdk7-1.8.22.jar (org.jetbrains.kotlin:kotlin-stdlib-jdk7:1.8.22) with DexingOutputSplitTransform
Transforming kotlin-stdlib-1.9.20.jar (org.jetbrains.kotlin:kotlin-stdlib:1.9.20) with JetifyTransform
Transforming kotlin-stdlib-1.9.20.jar (org.jetbrains.kotlin:kotlin-stdlib:1.9.20) with IdentityTransform
Transforming kotlin-stdlib-1.9.20.jar (org.jetbrains.kotlin:kotlin-stdlib:1.9.20) with IdentityTransform
Transforming kotlin-stdlib-1.9.20.jar (org.jetbrains.kotlin:kotlin-stdlib:1.9.20) with DexingNoClasspathTransform
Transforming kotlin-stdlib-1.9.20.jar (org.jetbrains.kotlin:kotlin-stdlib:1.9.20) with DexingOutputSplitTransform
Transforming google-api-client-android-2.2.0.jar (com.google.api-client:google-api-client-android:2.2.0) with JetifyTransform
Transforming google-api-client-android-2.2.0.jar (com.google.api-client:google-api-client-android:2.2.0) with IdentityTransform
Transforming google-api-client-android-2.2.0.jar (com.google.api-client:google-api-client-android:2.2.0) with IdentityTransform
Transforming google-api-client-android-2.2.0.jar (com.google.api-client:google-api-client-android:2.2.0) with DexingNoClasspathTransform
Transforming google-api-client-android-2.2.0.jar (com.google.api-client:google-api-client-android:2.2.0) with DexingOutputSplitTransform
Transforming google-api-services-drive-v3-rev20220815-2.0.0.jar (com.google.apis:google-api-services-drive:v3-rev20220815-2.0.0) with JetifyTransform
Transforming google-api-services-drive-v3-rev20220815-2.0.0.jar (com.google.apis:google-api-services-drive:v3-rev20220815-2.0.0) with IdentityTransform
Transforming google-api-services-drive-v3-rev20220815-2.0.0.jar (com.google.apis:google-api-services-drive:v3-rev20220815-2.0.0) with IdentityTransform
Transforming google-api-services-drive-v3-rev20220815-2.0.0.jar (com.google.apis:google-api-services-drive:v3-rev20220815-2.0.0) with DexingNoClasspathTransform
Transforming google-api-services-drive-v3-rev20220815-2.0.0.jar (com.google.apis:google-api-services-drive:v3-rev20220815-2.0.0) with DexingOutputSplitTransform
Transforming google-api-client-2.0.0.jar (com.google.api-client:google-api-client:2.0.0) with JetifyTransform
Transforming google-api-client-2.0.0.jar (com.google.api-client:google-api-client:2.0.0) with IdentityTransform
Transforming google-api-client-2.0.0.jar (com.google.api-client:google-api-client:2.0.0) with IdentityTransform
Transforming google-api-client-2.0.0.jar (com.google.api-client:google-api-client:2.0.0) with DexingNoClasspathTransform
Transforming google-api-client-2.0.0.jar (com.google.api-client:google-api-client:2.0.0) with DexingOutputSplitTransform
Transforming google-oauth-client-1.34.1.jar (com.google.oauth-client:google-oauth-client:1.34.1) with JetifyTransform
Transforming google-oauth-client-1.34.1.jar (com.google.oauth-client:google-oauth-client:1.34.1) with IdentityTransform
Transforming google-oauth-client-1.34.1.jar (com.google.oauth-client:google-oauth-client:1.34.1) with IdentityTransform
Transforming google-oauth-client-1.34.1.jar (com.google.oauth-client:google-oauth-client:1.34.1) with DexingNoClasspathTransform
Transforming google-oauth-client-1.34.1.jar (com.google.oauth-client:google-oauth-client:1.34.1) with DexingOutputSplitTransform
Transforming google-http-client-gson-1.43.3.jar (com.google.http-client:google-http-client-gson:1.43.3) with JetifyTransform
Transforming google-http-client-gson-1.43.3.jar (com.google.http-client:google-http-client-gson:1.43.3) with IdentityTransform
Transforming google-http-client-gson-1.43.3.jar (com.google.http-client:google-http-client-gson:1.43.3) with IdentityTransform
Transforming google-http-client-gson-1.43.3.jar (com.google.http-client:google-http-client-gson:1.43.3) with DexingNoClasspathTransform
Transforming google-http-client-gson-1.43.3.jar (com.google.http-client:google-http-client-gson:1.43.3) with DexingOutputSplitTransform
Transforming annotations-23.0.0.jar (org.jetbrains:annotations:23.0.0) with JetifyTransform
Transforming annotations-23.0.0.jar (org.jetbrains:annotations:23.0.0) with IdentityTransform
Transforming annotations-23.0.0.jar (org.jetbrains:annotations:23.0.0) with IdentityTransform
Transforming annotations-23.0.0.jar (org.jetbrains:annotations:23.0.0) with DexingNoClasspathTransform
Transforming annotations-23.0.0.jar (org.jetbrains:annotations:23.0.0) with DexingOutputSplitTransform
Transforming google-http-client-apache-v2-1.42.1.jar (com.google.http-client:google-http-client-apache-v2:1.42.1) with JetifyTransform
Transforming google-http-client-apache-v2-1.42.1.jar (com.google.http-client:google-http-client-apache-v2:1.42.1) with IdentityTransform
Transforming google-http-client-apache-v2-1.42.1.jar (com.google.http-client:google-http-client-apache-v2:1.42.1) with IdentityTransform
Transforming google-http-client-apache-v2-1.42.1.jar (com.google.http-client:google-http-client-apache-v2:1.42.1) with DexingNoClasspathTransform
Transforming google-http-client-apache-v2-1.42.1.jar (com.google.http-client:google-http-client-apache-v2:1.42.1) with DexingOutputSplitTransform
Transforming google-http-client-1.43.3.jar (com.google.http-client:google-http-client:1.43.3) with JetifyTransform
Transforming google-http-client-1.43.3.jar (com.google.http-client:google-http-client:1.43.3) with IdentityTransform
Transforming google-http-client-1.43.3.jar (com.google.http-client:google-http-client:1.43.3) with IdentityTransform
Transforming google-http-client-1.43.3.jar (com.google.http-client:google-http-client:1.43.3) with DexingNoClasspathTransform
Transforming google-http-client-1.43.3.jar (com.google.http-client:google-http-client:1.43.3) with DexingOutputSplitTransform
Transforming gson-2.10.1.jar (com.google.code.gson:gson:2.10.1) with JetifyTransform
Transforming gson-2.10.1.jar (com.google.code.gson:gson:2.10.1) with IdentityTransform
Transforming gson-2.10.1.jar (com.google.code.gson:gson:2.10.1) with IdentityTransform
Transforming gson-2.10.1.jar (com.google.code.gson:gson:2.10.1) with DexingNoClasspathTransform
Transforming gson-2.10.1.jar (com.google.code.gson:gson:2.10.1) with DexingOutputSplitTransform
Transforming opencensus-contrib-http-util-0.31.1.jar (io.opencensus:opencensus-contrib-http-util:0.31.1) with JetifyTransform
Transforming opencensus-contrib-http-util-0.31.1.jar (io.opencensus:opencensus-contrib-http-util:0.31.1) with IdentityTransform
Transforming opencensus-contrib-http-util-0.31.1.jar (io.opencensus:opencensus-contrib-http-util:0.31.1) with IdentityTransform
Transforming opencensus-contrib-http-util-0.31.1.jar (io.opencensus:opencensus-contrib-http-util:0.31.1) with DexingNoClasspathTransform
Transforming opencensus-contrib-http-util-0.31.1.jar (io.opencensus:opencensus-contrib-http-util:0.31.1) with DexingOutputSplitTransform
Transforming guava-31.1-jre.jar (com.google.guava:guava:31.1-jre) with JetifyTransform
Transforming guava-31.1-jre.jar (com.google.guava:guava:31.1-jre) with IdentityTransform
Transforming guava-31.1-jre.jar (com.google.guava:guava:31.1-jre) with IdentityTransform
Transforming guava-31.1-jre.jar (com.google.guava:guava:31.1-jre) with DexingNoClasspathTransform
Transforming guava-31.1-jre.jar (com.google.guava:guava:31.1-jre) with DexingOutputSplitTransform
Transforming httpclient-4.5.14.jar (org.apache.httpcomponents:httpclient:4.5.14) with JetifyTransform
Transforming httpclient-4.5.14.jar (org.apache.httpcomponents:httpclient:4.5.14) with IdentityTransform
Transforming httpclient-4.5.14.jar (org.apache.httpcomponents:httpclient:4.5.14) with IdentityTransform
Transforming httpclient-4.5.14.jar (org.apache.httpcomponents:httpclient:4.5.14) with DexingNoClasspathTransform
Transforming httpclient-4.5.14.jar (org.apache.httpcomponents:httpclient:4.5.14) with DexingOutputSplitTransform
Transforming httpcore-4.4.16.jar (org.apache.httpcomponents:httpcore:4.4.16) with JetifyTransform
Transforming httpcore-4.4.16.jar (org.apache.httpcomponents:httpcore:4.4.16) with IdentityTransform
Transforming httpcore-4.4.16.jar (org.apache.httpcomponents:httpcore:4.4.16) with IdentityTransform
Transforming httpcore-4.4.16.jar (org.apache.httpcomponents:httpcore:4.4.16) with DexingNoClasspathTransform
Transforming httpcore-4.4.16.jar (org.apache.httpcomponents:httpcore:4.4.16) with DexingOutputSplitTransform
Transforming jsr305-3.0.2.jar (com.google.code.findbugs:jsr305:3.0.2) with JetifyTransform
Transforming jsr305-3.0.2.jar (com.google.code.findbugs:jsr305:3.0.2) with IdentityTransform
Transforming jsr305-3.0.2.jar (com.google.code.findbugs:jsr305:3.0.2) with IdentityTransform
Transforming jsr305-3.0.2.jar (com.google.code.findbugs:jsr305:3.0.2) with DexingNoClasspathTransform
Transforming jsr305-3.0.2.jar (com.google.code.findbugs:jsr305:3.0.2) with DexingOutputSplitTransform
Transforming error_prone_annotations-2.18.0.jar (com.google.errorprone:error_prone_annotations:2.18.0) with JetifyTransform
Transforming error_prone_annotations-2.18.0.jar (com.google.errorprone:error_prone_annotations:2.18.0) with IdentityTransform
Transforming error_prone_annotations-2.18.0.jar (com.google.errorprone:error_prone_annotations:2.18.0) with IdentityTransform
Transforming error_prone_annotations-2.18.0.jar (com.google.errorprone:error_prone_annotations:2.18.0) with DexingNoClasspathTransform
Transforming error_prone_annotations-2.18.0.jar (com.google.errorprone:error_prone_annotations:2.18.0) with DexingOutputSplitTransform
Transforming j2objc-annotations-2.8.jar (com.google.j2objc:j2objc-annotations:2.8) with JetifyTransform
Transforming j2objc-annotations-2.8.jar (com.google.j2objc:j2objc-annotations:2.8) with IdentityTransform
Transforming j2objc-annotations-2.8.jar (com.google.j2objc:j2objc-annotations:2.8) with IdentityTransform
Transforming j2objc-annotations-2.8.jar (com.google.j2objc:j2objc-annotations:2.8) with DexingNoClasspathTransform
Transforming j2objc-annotations-2.8.jar (com.google.j2objc:j2objc-annotations:2.8) with DexingOutputSplitTransform
Transforming opencensus-api-0.31.1.jar (io.opencensus:opencensus-api:0.31.1) with JetifyTransform
Transforming opencensus-api-0.31.1.jar (io.opencensus:opencensus-api:0.31.1) with IdentityTransform
Transforming opencensus-api-0.31.1.jar (io.opencensus:opencensus-api:0.31.1) with IdentityTransform
Transforming opencensus-api-0.31.1.jar (io.opencensus:opencensus-api:0.31.1) with DexingNoClasspathTransform
Transforming opencensus-api-0.31.1.jar (io.opencensus:opencensus-api:0.31.1) with DexingOutputSplitTransform
Transforming listenablefuture-9999.0-empty-to-avoid-conflict-with-guava.jar (com.google.guava:listenablefuture:9999.0-empty-to-avoid-conflict-with-guava) with JetifyTransform
Transforming listenablefuture-9999.0-empty-to-avoid-conflict-with-guava.jar (com.google.guava:listenablefuture:9999.0-empty-to-avoid-conflict-with-guava) with IdentityTransform
Transforming listenablefuture-9999.0-empty-to-avoid-conflict-with-guava.jar (com.google.guava:listenablefuture:9999.0-empty-to-avoid-conflict-with-guava) with IdentityTransform
Transforming listenablefuture-9999.0-empty-to-avoid-conflict-with-guava.jar (com.google.guava:listenablefuture:9999.0-empty-to-avoid-conflict-with-guava) with DexingNoClasspathTransform
Transforming listenablefuture-9999.0-empty-to-avoid-conflict-with-guava.jar (com.google.guava:listenablefuture:9999.0-empty-to-avoid-conflict-with-guava) with DexingOutputSplitTransform
Transforming failureaccess-1.0.1.jar (com.google.guava:failureaccess:1.0.1) with JetifyTransform
Transforming failureaccess-1.0.1.jar (com.google.guava:failureaccess:1.0.1) with IdentityTransform
Transforming failureaccess-1.0.1.jar (com.google.guava:failureaccess:1.0.1) with IdentityTransform
Transforming failureaccess-1.0.1.jar (com.google.guava:failureaccess:1.0.1) with DexingNoClasspathTransform
Transforming failureaccess-1.0.1.jar (com.google.guava:failureaccess:1.0.1) with DexingOutputSplitTransform
Transforming checker-qual-3.12.0.jar (org.checkerframework:checker-qual:3.12.0) with JetifyTransform
Transforming checker-qual-3.12.0.jar (org.checkerframework:checker-qual:3.12.0) with IdentityTransform
Transforming checker-qual-3.12.0.jar (org.checkerframework:checker-qual:3.12.0) with IdentityTransform
Transforming checker-qual-3.12.0.jar (org.checkerframework:checker-qual:3.12.0) with DexingNoClasspathTransform
Transforming checker-qual-3.12.0.jar (org.checkerframework:checker-qual:3.12.0) with DexingOutputSplitTransform
Transforming commons-logging-1.2.jar (commons-logging:commons-logging:1.2) with JetifyTransform
Transforming commons-logging-1.2.jar (commons-logging:commons-logging:1.2) with IdentityTransform
Transforming commons-logging-1.2.jar (commons-logging:commons-logging:1.2) with IdentityTransform
Transforming commons-logging-1.2.jar (commons-logging:commons-logging:1.2) with DexingNoClasspathTransform
Transforming commons-logging-1.2.jar (commons-logging:commons-logging:1.2) with DexingOutputSplitTransform
Transforming commons-codec-1.11.jar (commons-codec:commons-codec:1.11) with JetifyTransform
Transforming commons-codec-1.11.jar (commons-codec:commons-codec:1.11) with IdentityTransform
Transforming commons-codec-1.11.jar (commons-codec:commons-codec:1.11) with IdentityTransform
Transforming commons-codec-1.11.jar (commons-codec:commons-codec:1.11) with DexingNoClasspathTransform
Transforming commons-codec-1.11.jar (commons-codec:commons-codec:1.11) with DexingOutputSplitTransform
Transforming grpc-context-1.27.2.jar (io.grpc:grpc-context:1.27.2) with JetifyTransform
Transforming grpc-context-1.27.2.jar (io.grpc:grpc-context:1.27.2) with IdentityTransform
Transforming grpc-context-1.27.2.jar (io.grpc:grpc-context:1.27.2) with IdentityTransform
Transforming grpc-context-1.27.2.jar (io.grpc:grpc-context:1.27.2) with DexingNoClasspathTransform
Transforming grpc-context-1.27.2.jar (io.grpc:grpc-context:1.27.2) with DexingOutputSplitTransform
Caching disabled for task ':app:mergeExtDexDebug' because:
  Build cache is disabled
Skipping task ':app:mergeExtDexDebug' as it is up-to-date.
Resolve mutations for :app:mergeLibDexDebug (Thread[Execution worker Thread 12,5,main]) started.
:app:mergeLibDexDebug (Thread[Execution worker Thread 12,5,main]) started.

> Task :app:mergeLibDexDebug UP-TO-DATE
Caching disabled for task ':app:mergeLibDexDebug' because:
  Build cache is disabled
Skipping task ':app:mergeLibDexDebug' as it is up-to-date.
Resolve mutations for :app:mergeDebugJniLibFolders (Thread[Execution worker Thread 12,5,main]) started.
:app:mergeDebugJniLibFolders (Thread[Execution worker Thread 12,5,main]) started.

> Task :app:mergeDebugJniLibFolders UP-TO-DATE
Caching disabled for task ':app:mergeDebugJniLibFolders' because:
  Build cache is disabled
Skipping task ':app:mergeDebugJniLibFolders' as it is up-to-date.
Resolve mutations for :app:mergeDebugNativeLibs (Thread[Execution worker Thread 12,5,main]) started.
:app:mergeDebugNativeLibs (Thread[Execution worker Thread 12,5,main]) started.

> Task :app:mergeDebugNativeLibs NO-SOURCE
Transforming play-services-auth-20.7.0.aar (com.google.android.gms:play-services-auth:20.7.0) with JetifyTransform
Transforming play-services-auth-20.7.0.aar (com.google.android.gms:play-services-auth:20.7.0) with ExtractAarTransform
Transforming play-services-auth-20.7.0.aar (com.google.android.gms:play-services-auth:20.7.0) with AarTransform
Transforming play-services-auth-api-phone-18.0.1.aar (com.google.android.gms:play-services-auth-api-phone:18.0.1) with JetifyTransform
Transforming play-services-auth-api-phone-18.0.1.aar (com.google.android.gms:play-services-auth-api-phone:18.0.1) with ExtractAarTransform
Transforming play-services-auth-api-phone-18.0.1.aar (com.google.android.gms:play-services-auth-api-phone:18.0.1) with AarTransform
Transforming play-services-auth-base-18.0.4.aar (com.google.android.gms:play-services-auth-base:18.0.4) with JetifyTransform
Transforming play-services-auth-base-18.0.4.aar (com.google.android.gms:play-services-auth-base:18.0.4) with ExtractAarTransform
Transforming play-services-auth-base-18.0.4.aar (com.google.android.gms:play-services-auth-base:18.0.4) with AarTransform
Transforming play-services-fido-20.0.1.aar (com.google.android.gms:play-services-fido:20.0.1) with JetifyTransform
Transforming play-services-fido-20.0.1.aar (com.google.android.gms:play-services-fido:20.0.1) with ExtractAarTransform
Transforming play-services-fido-20.0.1.aar (com.google.android.gms:play-services-fido:20.0.1) with AarTransform
Transforming play-services-base-18.0.1.aar (com.google.android.gms:play-services-base:18.0.1) with JetifyTransform
Transforming play-services-base-18.0.1.aar (com.google.android.gms:play-services-base:18.0.1) with ExtractAarTransform
Transforming play-services-base-18.0.1.aar (com.google.android.gms:play-services-base:18.0.1) with AarTransform
Transforming play-services-tasks-18.0.1.aar (com.google.android.gms:play-services-tasks:18.0.1) with JetifyTransform
Transforming play-services-tasks-18.0.1.aar (com.google.android.gms:play-services-tasks:18.0.1) with ExtractAarTransform
Transforming play-services-tasks-18.0.1.aar (com.google.android.gms:play-services-tasks:18.0.1) with AarTransform
Transforming play-services-basement-18.2.0.aar (com.google.android.gms:play-services-basement:18.2.0) with JetifyTransform
Transforming play-services-basement-18.2.0.aar (com.google.android.gms:play-services-basement:18.2.0) with ExtractAarTransform
Transforming play-services-basement-18.2.0.aar (com.google.android.gms:play-services-basement:18.2.0) with AarTransform
Transforming fragment-1.0.0.aar (androidx.fragment:fragment:1.0.0) with JetifyTransform
Transforming fragment-1.0.0.aar (androidx.fragment:fragment:1.0.0) with ExtractAarTransform
Transforming fragment-1.0.0.aar (androidx.fragment:fragment:1.0.0) with AarTransform
Transforming legacy-support-core-ui-1.0.0.aar (androidx.legacy:legacy-support-core-ui:1.0.0) with JetifyTransform
Transforming legacy-support-core-ui-1.0.0.aar (androidx.legacy:legacy-support-core-ui:1.0.0) with ExtractAarTransform
Transforming legacy-support-core-ui-1.0.0.aar (androidx.legacy:legacy-support-core-ui:1.0.0) with AarTransform
Transforming legacy-support-core-utils-1.0.0.aar (androidx.legacy:legacy-support-core-utils:1.0.0) with JetifyTransform
Transforming legacy-support-core-utils-1.0.0.aar (androidx.legacy:legacy-support-core-utils:1.0.0) with ExtractAarTransform
Transforming legacy-support-core-utils-1.0.0.aar (androidx.legacy:legacy-support-core-utils:1.0.0) with AarTransform
Transforming loader-1.0.0.aar (androidx.loader:loader:1.0.0) with JetifyTransform
Transforming loader-1.0.0.aar (androidx.loader:loader:1.0.0) with ExtractAarTransform
Transforming loader-1.0.0.aar (androidx.loader:loader:1.0.0) with AarTransform
Transforming work-runtime-ktx-2.9.0.aar (androidx.work:work-runtime-ktx:2.9.0) with JetifyTransform
Transforming work-runtime-ktx-2.9.0.aar (androidx.work:work-runtime-ktx:2.9.0) with ExtractAarTransform
Transforming work-runtime-ktx-2.9.0.aar (androidx.work:work-runtime-ktx:2.9.0) with AarTransform
Transforming work-runtime-2.9.0.aar (androidx.work:work-runtime:2.9.0) with JetifyTransform
Transforming work-runtime-2.9.0.aar (androidx.work:work-runtime:2.9.0) with ExtractAarTransform
Transforming work-runtime-2.9.0.aar (androidx.work:work-runtime:2.9.0) with AarTransform
Transforming navigation-common-2.7.5.aar (androidx.navigation:navigation-common:2.7.5) with JetifyTransform
Transforming navigation-common-2.7.5.aar (androidx.navigation:navigation-common:2.7.5) with ExtractAarTransform
Transforming navigation-common-2.7.5.aar (androidx.navigation:navigation-common:2.7.5) with AarTransform
Transforming navigation-runtime-2.7.5.aar (androidx.navigation:navigation-runtime:2.7.5) with JetifyTransform
Transforming navigation-runtime-2.7.5.aar (androidx.navigation:navigation-runtime:2.7.5) with ExtractAarTransform
Transforming navigation-runtime-2.7.5.aar (androidx.navigation:navigation-runtime:2.7.5) with AarTransform
Transforming navigation-common-ktx-2.7.5.aar (androidx.navigation:navigation-common-ktx:2.7.5) with JetifyTransform
Transforming navigation-common-ktx-2.7.5.aar (androidx.navigation:navigation-common-ktx:2.7.5) with ExtractAarTransform
Transforming navigation-common-ktx-2.7.5.aar (androidx.navigation:navigation-common-ktx:2.7.5) with AarTransform
Transforming navigation-runtime-ktx-2.7.5.aar (androidx.navigation:navigation-runtime-ktx:2.7.5) with JetifyTransform
Transforming navigation-runtime-ktx-2.7.5.aar (androidx.navigation:navigation-runtime-ktx:2.7.5) with ExtractAarTransform
Transforming navigation-runtime-ktx-2.7.5.aar (androidx.navigation:navigation-runtime-ktx:2.7.5) with AarTransform
Transforming navigation-compose-2.7.5.aar (androidx.navigation:navigation-compose:2.7.5) with JetifyTransform
Transforming navigation-compose-2.7.5.aar (androidx.navigation:navigation-compose:2.7.5) with ExtractAarTransform
Transforming navigation-compose-2.7.5.aar (androidx.navigation:navigation-compose:2.7.5) with AarTransform
Transforming material3-1.1.2.aar (androidx.compose.material3:material3:1.1.2) with JetifyTransform
Transforming material3-1.1.2.aar (androidx.compose.material3:material3:1.1.2) with ExtractAarTransform
Transforming material3-1.1.2.aar (androidx.compose.material3:material3:1.1.2) with AarTransform
Transforming activity-1.8.1.aar (androidx.activity:activity:1.8.1) with JetifyTransform
Transforming activity-1.8.1.aar (androidx.activity:activity:1.8.1) with ExtractAarTransform
Transforming activity-1.8.1.aar (androidx.activity:activity:1.8.1) with AarTransform
Transforming activity-ktx-1.8.1.aar (androidx.activity:activity-ktx:1.8.1) with JetifyTransform
Transforming activity-ktx-1.8.1.aar (androidx.activity:activity-ktx:1.8.1) with ExtractAarTransform
Transforming activity-ktx-1.8.1.aar (androidx.activity:activity-ktx:1.8.1) with AarTransform
Transforming material-ripple-release.aar (androidx.compose.material:material-ripple-android:1.5.4) with JetifyTransform
Transforming material-ripple-release.aar (androidx.compose.material:material-ripple-android:1.5.4) with ExtractAarTransform
Transforming material-ripple-release.aar (androidx.compose.material:material-ripple-android:1.5.4) with AarTransform
Transforming material-icons-core-release.aar (androidx.compose.material:material-icons-core-android:1.5.4) with JetifyTransform
Transforming material-icons-core-release.aar (androidx.compose.material:material-icons-core-android:1.5.4) with ExtractAarTransform
Transforming material-icons-core-release.aar (androidx.compose.material:material-icons-core-android:1.5.4) with AarTransform
Transforming material-icons-extended-release.aar (androidx.compose.material:material-icons-extended-android:1.5.4) with JetifyTransform
Transforming material-icons-extended-release.aar (androidx.compose.material:material-icons-extended-android:1.5.4) with ExtractAarTransform
Transforming material-icons-extended-release.aar (androidx.compose.material:material-icons-extended-android:1.5.4) with AarTransform
Transforming material-release.aar (androidx.compose.material:material-android:1.5.4) with JetifyTransform
Transforming material-release.aar (androidx.compose.material:material-android:1.5.4) with ExtractAarTransform
Transforming material-release.aar (androidx.compose.material:material-android:1.5.4) with AarTransform
Transforming animation-core-release.aar (androidx.compose.animation:animation-core-android:1.5.4) with JetifyTransform
Transforming animation-core-release.aar (androidx.compose.animation:animation-core-android:1.5.4) with ExtractAarTransform
Transforming animation-core-release.aar (androidx.compose.animation:animation-core-android:1.5.4) with AarTransform
Transforming animation-release.aar (androidx.compose.animation:animation-android:1.5.4) with JetifyTransform
Transforming animation-release.aar (androidx.compose.animation:animation-android:1.5.4) with ExtractAarTransform
Transforming animation-release.aar (androidx.compose.animation:animation-android:1.5.4) with AarTransform
Transforming foundation-layout-release.aar (androidx.compose.foundation:foundation-layout-android:1.5.4) with JetifyTransform
Transforming foundation-layout-release.aar (androidx.compose.foundation:foundation-layout-android:1.5.4) with ExtractAarTransform
Transforming foundation-layout-release.aar (androidx.compose.foundation:foundation-layout-android:1.5.4) with AarTransform
Transforming foundation-release.aar (androidx.compose.foundation:foundation-android:1.5.4) with JetifyTransform
Transforming foundation-release.aar (androidx.compose.foundation:foundation-android:1.5.4) with ExtractAarTransform
Transforming foundation-release.aar (androidx.compose.foundation:foundation-android:1.5.4) with AarTransform
Transforming ui-tooling-data-release.aar (androidx.compose.ui:ui-tooling-data-android:1.5.4) with JetifyTransform
Transforming ui-tooling-data-release.aar (androidx.compose.ui:ui-tooling-data-android:1.5.4) with ExtractAarTransform
Transforming ui-tooling-data-release.aar (androidx.compose.ui:ui-tooling-data-android:1.5.4) with AarTransform
Transforming ui-unit-release.aar (androidx.compose.ui:ui-unit-android:1.5.4) with JetifyTransform
Transforming ui-unit-release.aar (androidx.compose.ui:ui-unit-android:1.5.4) with ExtractAarTransform
Transforming ui-unit-release.aar (androidx.compose.ui:ui-unit-android:1.5.4) with AarTransform
Transforming ui-geometry-release.aar (androidx.compose.ui:ui-geometry-android:1.5.4) with JetifyTransform
Transforming ui-geometry-release.aar (androidx.compose.ui:ui-geometry-android:1.5.4) with ExtractAarTransform
Transforming ui-geometry-release.aar (androidx.compose.ui:ui-geometry-android:1.5.4) with AarTransform
Transforming ui-util-release.aar (androidx.compose.ui:ui-util-android:1.5.4) with JetifyTransform
Transforming ui-util-release.aar (androidx.compose.ui:ui-util-android:1.5.4) with ExtractAarTransform
Transforming ui-util-release.aar (androidx.compose.ui:ui-util-android:1.5.4) with AarTransform
Transforming ui-text-release.aar (androidx.compose.ui:ui-text-android:1.5.4) with JetifyTransform
Transforming ui-text-release.aar (androidx.compose.ui:ui-text-android:1.5.4) with ExtractAarTransform
Transforming ui-text-release.aar (androidx.compose.ui:ui-text-android:1.5.4) with AarTransform
Transforming ui-tooling-preview-release.aar (androidx.compose.ui:ui-tooling-preview-android:1.5.4) with JetifyTransform
Transforming ui-tooling-preview-release.aar (androidx.compose.ui:ui-tooling-preview-android:1.5.4) with ExtractAarTransform
Transforming ui-tooling-preview-release.aar (androidx.compose.ui:ui-tooling-preview-android:1.5.4) with AarTransform
Transforming ui-graphics-release.aar (androidx.compose.ui:ui-graphics-android:1.5.4) with JetifyTransform
Transforming ui-graphics-release.aar (androidx.compose.ui:ui-graphics-android:1.5.4) with ExtractAarTransform
Transforming ui-graphics-release.aar (androidx.compose.ui:ui-graphics-android:1.5.4) with AarTransform
Transforming ui-test-manifest-1.5.4.aar (androidx.compose.ui:ui-test-manifest:1.5.4) with JetifyTransform
Transforming ui-test-manifest-1.5.4.aar (androidx.compose.ui:ui-test-manifest:1.5.4) with ExtractAarTransform
Transforming ui-test-manifest-1.5.4.aar (androidx.compose.ui:ui-test-manifest:1.5.4) with AarTransform
Transforming ui-tooling-release.aar (androidx.compose.ui:ui-tooling-android:1.5.4) with JetifyTransform
Transforming ui-tooling-release.aar (androidx.compose.ui:ui-tooling-android:1.5.4) with ExtractAarTransform
Transforming ui-tooling-release.aar (androidx.compose.ui:ui-tooling-android:1.5.4) with AarTransform
Transforming activity-compose-1.8.1.aar (androidx.activity:activity-compose:1.8.1) with JetifyTransform
Transforming activity-compose-1.8.1.aar (androidx.activity:activity-compose:1.8.1) with ExtractAarTransform
Transforming activity-compose-1.8.1.aar (androidx.activity:activity-compose:1.8.1) with AarTransform
Transforming emoji2-1.4.0.aar (androidx.emoji2:emoji2:1.4.0) with JetifyTransform
Transforming emoji2-1.4.0.aar (androidx.emoji2:emoji2:1.4.0) with ExtractAarTransform
Transforming emoji2-1.4.0.aar (androidx.emoji2:emoji2:1.4.0) with AarTransform
Transforming lifecycle-process-2.6.2.aar (androidx.lifecycle:lifecycle-process:2.6.2) with JetifyTransform
Transforming lifecycle-process-2.6.2.aar (androidx.lifecycle:lifecycle-process:2.6.2) with ExtractAarTransform
Transforming lifecycle-process-2.6.2.aar (androidx.lifecycle:lifecycle-process:2.6.2) with AarTransform
Transforming lifecycle-service-2.6.2.aar (androidx.lifecycle:lifecycle-service:2.6.2) with JetifyTransform
Transforming lifecycle-service-2.6.2.aar (androidx.lifecycle:lifecycle-service:2.6.2) with ExtractAarTransform
Transforming lifecycle-service-2.6.2.aar (androidx.lifecycle:lifecycle-service:2.6.2) with AarTransform
Transforming lifecycle-livedata-2.6.2.aar (androidx.lifecycle:lifecycle-livedata:2.6.2) with JetifyTransform
Transforming lifecycle-livedata-2.6.2.aar (androidx.lifecycle:lifecycle-livedata:2.6.2) with ExtractAarTransform
Transforming lifecycle-livedata-2.6.2.aar (androidx.lifecycle:lifecycle-livedata:2.6.2) with AarTransform
Transforming lifecycle-livedata-2.6.2.aar (androidx.lifecycle:lifecycle-livedata:2.6.2) with JetifyTransform
Transforming lifecycle-livedata-2.6.2.aar (androidx.lifecycle:lifecycle-livedata:2.6.2) with ExtractAarTransform
Transforming lifecycle-livedata-2.6.2.aar (androidx.lifecycle:lifecycle-livedata:2.6.2) with AarTransform
Transforming lifecycle-livedata-core-2.6.2.aar (androidx.lifecycle:lifecycle-livedata-core:2.6.2) with JetifyTransform
Transforming lifecycle-livedata-core-2.6.2.aar (androidx.lifecycle:lifecycle-livedata-core:2.6.2) with ExtractAarTransform
Transforming lifecycle-livedata-core-2.6.2.aar (androidx.lifecycle:lifecycle-livedata-core:2.6.2) with AarTransform
Transforming savedstate-ktx-1.2.1.aar (androidx.savedstate:savedstate-ktx:1.2.1) with JetifyTransform
Transforming savedstate-ktx-1.2.1.aar (androidx.savedstate:savedstate-ktx:1.2.1) with ExtractAarTransform
Transforming savedstate-ktx-1.2.1.aar (androidx.savedstate:savedstate-ktx:1.2.1) with AarTransform
Transforming savedstate-1.2.1.aar (androidx.savedstate:savedstate:1.2.1) with JetifyTransform
Transforming savedstate-1.2.1.aar (androidx.savedstate:savedstate:1.2.1) with ExtractAarTransform
Transforming savedstate-1.2.1.aar (androidx.savedstate:savedstate:1.2.1) with AarTransform
Transforming lifecycle-common-2.6.2.jar (androidx.lifecycle:lifecycle-common:2.6.2) with JetifyTransform
Transforming lifecycle-common-2.6.2.jar (androidx.lifecycle:lifecycle-common:2.6.2) with ExtractJniTransform
Transforming lifecycle-viewmodel-savedstate-2.6.2.aar (androidx.lifecycle:lifecycle-viewmodel-savedstate:2.6.2) with JetifyTransform
Transforming lifecycle-viewmodel-savedstate-2.6.2.aar (androidx.lifecycle:lifecycle-viewmodel-savedstate:2.6.2) with ExtractAarTransform
Transforming lifecycle-viewmodel-savedstate-2.6.2.aar (androidx.lifecycle:lifecycle-viewmodel-savedstate:2.6.2) with AarTransform
Transforming lifecycle-viewmodel-ktx-2.6.2.aar (androidx.lifecycle:lifecycle-viewmodel-ktx:2.6.2) with JetifyTransform
Transforming lifecycle-viewmodel-ktx-2.6.2.aar (androidx.lifecycle:lifecycle-viewmodel-ktx:2.6.2) with ExtractAarTransform
Transforming lifecycle-viewmodel-ktx-2.6.2.aar (androidx.lifecycle:lifecycle-viewmodel-ktx:2.6.2) with AarTransform
Transforming lifecycle-common-java8-2.6.2.jar (androidx.lifecycle:lifecycle-common-java8:2.6.2) with JetifyTransform
Transforming lifecycle-common-java8-2.6.2.jar (androidx.lifecycle:lifecycle-common-java8:2.6.2) with ExtractJniTransform
Transforming lifecycle-viewmodel-2.6.2.aar (androidx.lifecycle:lifecycle-viewmodel:2.6.2) with JetifyTransform
Transforming lifecycle-viewmodel-2.6.2.aar (androidx.lifecycle:lifecycle-viewmodel:2.6.2) with ExtractAarTransform
Transforming lifecycle-viewmodel-2.6.2.aar (androidx.lifecycle:lifecycle-viewmodel:2.6.2) with AarTransform
Transforming lifecycle-viewmodel-2.6.2.aar (androidx.lifecycle:lifecycle-viewmodel:2.6.2) with JetifyTransform
Transforming lifecycle-viewmodel-2.6.2.aar (androidx.lifecycle:lifecycle-viewmodel:2.6.2) with ExtractAarTransform
Transforming lifecycle-viewmodel-2.6.2.aar (androidx.lifecycle:lifecycle-viewmodel:2.6.2) with AarTransform
Transforming lifecycle-runtime-2.6.2.aar (androidx.lifecycle:lifecycle-runtime:2.6.2) with JetifyTransform
Transforming lifecycle-runtime-2.6.2.aar (androidx.lifecycle:lifecycle-runtime:2.6.2) with ExtractAarTransform
Transforming lifecycle-runtime-2.6.2.aar (androidx.lifecycle:lifecycle-runtime:2.6.2) with AarTransform
Transforming lifecycle-runtime-ktx-2.6.2.aar (androidx.lifecycle:lifecycle-runtime-ktx:2.6.2) with JetifyTransform
Transforming lifecycle-runtime-ktx-2.6.2.aar (androidx.lifecycle:lifecycle-runtime-ktx:2.6.2) with ExtractAarTransform
Transforming lifecycle-runtime-ktx-2.6.2.aar (androidx.lifecycle:lifecycle-runtime-ktx:2.6.2) with AarTransform
Transforming lifecycle-viewmodel-compose-2.6.2.aar (androidx.lifecycle:lifecycle-viewmodel-compose:2.6.2) with JetifyTransform
Transforming lifecycle-viewmodel-compose-2.6.2.aar (androidx.lifecycle:lifecycle-viewmodel-compose:2.6.2) with ExtractAarTransform
Transforming lifecycle-viewmodel-compose-2.6.2.aar (androidx.lifecycle:lifecycle-viewmodel-compose:2.6.2) with AarTransform
Transforming ui-release.aar (androidx.compose.ui:ui-android:1.5.4) with JetifyTransform
Transforming ui-release.aar (androidx.compose.ui:ui-android:1.5.4) with ExtractAarTransform
Transforming ui-release.aar (androidx.compose.ui:ui-android:1.5.4) with AarTransform
Transforming autofill-1.0.0.aar (androidx.autofill:autofill:1.0.0) with JetifyTransform
Transforming autofill-1.0.0.aar (androidx.autofill:autofill:1.0.0) with ExtractAarTransform
Transforming autofill-1.0.0.aar (androidx.autofill:autofill:1.0.0) with AarTransform
Transforming viewpager-1.0.0.aar (androidx.viewpager:viewpager:1.0.0) with JetifyTransform
Transforming viewpager-1.0.0.aar (androidx.viewpager:viewpager:1.0.0) with ExtractAarTransform
Transforming viewpager-1.0.0.aar (androidx.viewpager:viewpager:1.0.0) with AarTransform
Transforming coordinatorlayout-1.0.0.aar (androidx.coordinatorlayout:coordinatorlayout:1.0.0) with JetifyTransform
Transforming coordinatorlayout-1.0.0.aar (androidx.coordinatorlayout:coordinatorlayout:1.0.0) with ExtractAarTransform
Transforming coordinatorlayout-1.0.0.aar (androidx.coordinatorlayout:coordinatorlayout:1.0.0) with AarTransform
Transforming drawerlayout-1.0.0.aar (androidx.drawerlayout:drawerlayout:1.0.0) with JetifyTransform
Transforming drawerlayout-1.0.0.aar (androidx.drawerlayout:drawerlayout:1.0.0) with ExtractAarTransform
Transforming drawerlayout-1.0.0.aar (androidx.drawerlayout:drawerlayout:1.0.0) with AarTransform
Transforming slidingpanelayout-1.0.0.aar (androidx.slidingpanelayout:slidingpanelayout:1.0.0) with JetifyTransform
Transforming slidingpanelayout-1.0.0.aar (androidx.slidingpanelayout:slidingpanelayout:1.0.0) with ExtractAarTransform
Transforming slidingpanelayout-1.0.0.aar (androidx.slidingpanelayout:slidingpanelayout:1.0.0) with AarTransform
Transforming customview-1.0.0.aar (androidx.customview:customview:1.0.0) with JetifyTransform
Transforming customview-1.0.0.aar (androidx.customview:customview:1.0.0) with ExtractAarTransform
Transforming customview-1.0.0.aar (androidx.customview:customview:1.0.0) with AarTransform
Transforming swiperefreshlayout-1.0.0.aar (androidx.swiperefreshlayout:swiperefreshlayout:1.0.0) with JetifyTransform
Transforming swiperefreshlayout-1.0.0.aar (androidx.swiperefreshlayout:swiperefreshlayout:1.0.0) with ExtractAarTransform
Transforming swiperefreshlayout-1.0.0.aar (androidx.swiperefreshlayout:swiperefreshlayout:1.0.0) with AarTransform
Transforming asynclayoutinflater-1.0.0.aar (androidx.asynclayoutinflater:asynclayoutinflater:1.0.0) with JetifyTransform
Transforming asynclayoutinflater-1.0.0.aar (androidx.asynclayoutinflater:asynclayoutinflater:1.0.0) with ExtractAarTransform
Transforming asynclayoutinflater-1.0.0.aar (androidx.asynclayoutinflater:asynclayoutinflater:1.0.0) with AarTransform
Transforming core-1.12.0.aar (androidx.core:core:1.12.0) with JetifyTransform
Transforming core-1.12.0.aar (androidx.core:core:1.12.0) with ExtractAarTransform
Transforming core-1.12.0.aar (androidx.core:core:1.12.0) with AarTransform
Transforming core-1.12.0.aar (androidx.core:core:1.12.0) with JetifyTransform
Transforming core-1.12.0.aar (androidx.core:core:1.12.0) with ExtractAarTransform
Transforming core-1.12.0.aar (androidx.core:core:1.12.0) with AarTransform
Transforming customview-poolingcontainer-1.0.0.aar (androidx.customview:customview-poolingcontainer:1.0.0) with JetifyTransform
Transforming customview-poolingcontainer-1.0.0.aar (androidx.customview:customview-poolingcontainer:1.0.0) with ExtractAarTransform
Transforming customview-poolingcontainer-1.0.0.aar (androidx.customview:customview-poolingcontainer:1.0.0) with AarTransform
Transforming core-ktx-1.12.0.aar (androidx.core:core-ktx:1.12.0) with JetifyTransform
Transforming core-ktx-1.12.0.aar (androidx.core:core-ktx:1.12.0) with ExtractAarTransform
Transforming core-ktx-1.12.0.aar (androidx.core:core-ktx:1.12.0) with AarTransform
Transforming room-common-2.6.1.jar (androidx.room:room-common:2.6.1) with JetifyTransform
Transforming room-common-2.6.1.jar (androidx.room:room-common:2.6.1) with ExtractJniTransform
Transforming room-runtime-2.6.1.aar (androidx.room:room-runtime:2.6.1) with JetifyTransform
Transforming room-runtime-2.6.1.aar (androidx.room:room-runtime:2.6.1) with ExtractAarTransform
Transforming room-runtime-2.6.1.aar (androidx.room:room-runtime:2.6.1) with AarTransform
Transforming room-ktx-2.6.1.aar (androidx.room:room-ktx:2.6.1) with JetifyTransform
Transforming room-ktx-2.6.1.aar (androidx.room:room-ktx:2.6.1) with ExtractAarTransform
Transforming room-ktx-2.6.1.aar (androidx.room:room-ktx:2.6.1) with AarTransform
Transforming datastore-preferences-1.0.0.aar (androidx.datastore:datastore-preferences:1.0.0) with JetifyTransform
Transforming datastore-preferences-1.0.0.aar (androidx.datastore:datastore-preferences:1.0.0) with ExtractAarTransform
Transforming datastore-preferences-1.0.0.aar (androidx.datastore:datastore-preferences:1.0.0) with AarTransform
Transforming sqlite-framework-2.4.0.aar (androidx.sqlite:sqlite-framework:2.4.0) with JetifyTransform
Transforming sqlite-framework-2.4.0.aar (androidx.sqlite:sqlite-framework:2.4.0) with ExtractAarTransform
Transforming sqlite-framework-2.4.0.aar (androidx.sqlite:sqlite-framework:2.4.0) with AarTransform
Transforming sqlite-2.4.0.aar (androidx.sqlite:sqlite:2.4.0) with JetifyTransform
Transforming sqlite-2.4.0.aar (androidx.sqlite:sqlite:2.4.0) with ExtractAarTransform
Transforming sqlite-2.4.0.aar (androidx.sqlite:sqlite:2.4.0) with AarTransform
Transforming datastore-1.0.0.aar (androidx.datastore:datastore:1.0.0) with JetifyTransform
Transforming datastore-1.0.0.aar (androidx.datastore:datastore:1.0.0) with ExtractAarTransform
Transforming datastore-1.0.0.aar (androidx.datastore:datastore:1.0.0) with AarTransform
Transforming datastore-preferences-core-1.0.0.jar (androidx.datastore:datastore-preferences-core:1.0.0) with JetifyTransform
Transforming datastore-preferences-core-1.0.0.jar (androidx.datastore:datastore-preferences-core:1.0.0) with ExtractJniTransform
Transforming annotation-experimental-1.3.0.aar (androidx.annotation:annotation-experimental:1.3.0) with JetifyTransform
Transforming annotation-experimental-1.3.0.aar (androidx.annotation:annotation-experimental:1.3.0) with ExtractAarTransform
Transforming annotation-experimental-1.3.0.aar (androidx.annotation:annotation-experimental:1.3.0) with AarTransform
Transforming runtime-saveable-release.aar (androidx.compose.runtime:runtime-saveable-android:1.5.4) with JetifyTransform
Transforming runtime-saveable-release.aar (androidx.compose.runtime:runtime-saveable-android:1.5.4) with ExtractAarTransform
Transforming runtime-saveable-release.aar (androidx.compose.runtime:runtime-saveable-android:1.5.4) with AarTransform
Transforming runtime-release.aar (androidx.compose.runtime:runtime-android:1.5.4) with JetifyTransform
Transforming runtime-release.aar (androidx.compose.runtime:runtime-android:1.5.4) with ExtractAarTransform
Transforming runtime-release.aar (androidx.compose.runtime:runtime-android:1.5.4) with AarTransform
Transforming kotlinx-coroutines-android-1.7.3.jar (org.jetbrains.kotlinx:kotlinx-coroutines-android:1.7.3) with JetifyTransform
Transforming kotlinx-coroutines-android-1.7.3.jar (org.jetbrains.kotlinx:kotlinx-coroutines-android:1.7.3) with ExtractJniTransform
Transforming datastore-core-1.0.0.jar (androidx.datastore:datastore-core:1.0.0) with JetifyTransform
Transforming datastore-core-1.0.0.jar (androidx.datastore:datastore-core:1.0.0) with ExtractJniTransform
Transforming kotlinx-coroutines-core-jvm-1.7.3.jar (org.jetbrains.kotlinx:kotlinx-coroutines-core-jvm:1.7.3) with JetifyTransform
Transforming kotlinx-coroutines-core-jvm-1.7.3.jar (org.jetbrains.kotlinx:kotlinx-coroutines-core-jvm:1.7.3) with ExtractJniTransform
Transforming kotlin-stdlib-jdk8-1.8.22.jar (org.jetbrains.kotlin:kotlin-stdlib-jdk8:1.8.22) with JetifyTransform
Transforming kotlin-stdlib-jdk8-1.8.22.jar (org.jetbrains.kotlin:kotlin-stdlib-jdk8:1.8.22) with ExtractJniTransform
Transforming core-runtime-2.2.0.aar (androidx.arch.core:core-runtime:2.2.0) with JetifyTransform
Transforming core-runtime-2.2.0.aar (androidx.arch.core:core-runtime:2.2.0) with ExtractAarTransform
Transforming core-runtime-2.2.0.aar (androidx.arch.core:core-runtime:2.2.0) with AarTransform
Transforming interpolator-1.0.0.aar (androidx.interpolator:interpolator:1.0.0) with JetifyTransform
Transforming interpolator-1.0.0.aar (androidx.interpolator:interpolator:1.0.0) with ExtractAarTransform
Transforming interpolator-1.0.0.aar (androidx.interpolator:interpolator:1.0.0) with AarTransform
Transforming interpolator-1.0.0.aar (androidx.interpolator:interpolator:1.0.0) with JetifyTransform
Transforming interpolator-1.0.0.aar (androidx.interpolator:interpolator:1.0.0) with ExtractAarTransform
Transforming interpolator-1.0.0.aar (androidx.interpolator:interpolator:1.0.0) with AarTransform
Transforming versionedparcelable-1.1.1.aar (androidx.versionedparcelable:versionedparcelable:1.1.1) with JetifyTransform
Transforming versionedparcelable-1.1.1.aar (androidx.versionedparcelable:versionedparcelable:1.1.1) with ExtractAarTransform
Transforming versionedparcelable-1.1.1.aar (androidx.versionedparcelable:versionedparcelable:1.1.1) with AarTransform
Transforming core-common-2.2.0.jar (androidx.arch.core:core-common:2.2.0) with JetifyTransform
Transforming core-common-2.2.0.jar (androidx.arch.core:core-common:2.2.0) with ExtractJniTransform
Transforming profileinstaller-1.3.0.aar (androidx.profileinstaller:profileinstaller:1.3.0) with JetifyTransform
Transforming profileinstaller-1.3.0.aar (androidx.profileinstaller:profileinstaller:1.3.0) with ExtractAarTransform
Transforming profileinstaller-1.3.0.aar (androidx.profileinstaller:profileinstaller:1.3.0) with AarTransform
Transforming startup-runtime-1.1.1.aar (androidx.startup:startup-runtime:1.1.1) with JetifyTransform
Transforming startup-runtime-1.1.1.aar (androidx.startup:startup-runtime:1.1.1) with ExtractAarTransform
Transforming startup-runtime-1.1.1.aar (androidx.startup:startup-runtime:1.1.1) with AarTransform
Transforming concurrent-futures-1.1.0.jar (androidx.concurrent:concurrent-futures:1.1.0) with JetifyTransform
Transforming concurrent-futures-1.1.0.jar (androidx.concurrent:concurrent-futures:1.1.0) with ExtractJniTransform
Transforming tracing-1.0.0.aar (androidx.tracing:tracing:1.0.0) with JetifyTransform
Transforming tracing-1.0.0.aar (androidx.tracing:tracing:1.0.0) with ExtractAarTransform
Transforming tracing-1.0.0.aar (androidx.tracing:tracing:1.0.0) with AarTransform
Transforming cursoradapter-1.0.0.aar (androidx.cursoradapter:cursoradapter:1.0.0) with JetifyTransform
Transforming cursoradapter-1.0.0.aar (androidx.cursoradapter:cursoradapter:1.0.0) with ExtractAarTransform
Transforming cursoradapter-1.0.0.aar (androidx.cursoradapter:cursoradapter:1.0.0) with AarTransform
Transforming documentfile-1.0.0.aar (androidx.documentfile:documentfile:1.0.0) with JetifyTransform
Transforming documentfile-1.0.0.aar (androidx.documentfile:documentfile:1.0.0) with ExtractAarTransform
Transforming documentfile-1.0.0.aar (androidx.documentfile:documentfile:1.0.0) with AarTransform
Transforming localbroadcastmanager-1.0.0.aar (androidx.localbroadcastmanager:localbroadcastmanager:1.0.0) with JetifyTransform
Transforming localbroadcastmanager-1.0.0.aar (androidx.localbroadcastmanager:localbroadcastmanager:1.0.0) with ExtractAarTransform
Transforming localbroadcastmanager-1.0.0.aar (androidx.localbroadcastmanager:localbroadcastmanager:1.0.0) with AarTransform
Transforming print-1.0.0.aar (androidx.print:print:1.0.0) with JetifyTransform
Transforming print-1.0.0.aar (androidx.print:print:1.0.0) with ExtractAarTransform
Transforming print-1.0.0.aar (androidx.print:print:1.0.0) with AarTransform
Transforming collection-ktx-1.1.0.jar (androidx.collection:collection-ktx:1.1.0) with JetifyTransform
Transforming collection-ktx-1.1.0.jar (androidx.collection:collection-ktx:1.1.0) with ExtractJniTransform
Transforming collection-1.1.0.jar (androidx.collection:collection:1.1.0) with JetifyTransform
Transforming collection-1.1.0.jar (androidx.collection:collection:1.1.0) with ExtractJniTransform
Transforming annotation-jvm-1.6.0.jar (androidx.annotation:annotation-jvm:1.6.0) with JetifyTransform
Transforming annotation-jvm-1.6.0.jar (androidx.annotation:annotation-jvm:1.6.0) with ExtractJniTransform
Transforming kotlin-stdlib-jdk7-1.8.22.jar (org.jetbrains.kotlin:kotlin-stdlib-jdk7:1.8.22) with JetifyTransform
Transforming kotlin-stdlib-jdk7-1.8.22.jar (org.jetbrains.kotlin:kotlin-stdlib-jdk7:1.8.22) with ExtractJniTransform
Transforming kotlin-stdlib-1.9.20.jar (org.jetbrains.kotlin:kotlin-stdlib:1.9.20) with JetifyTransform
Transforming kotlin-stdlib-1.9.20.jar (org.jetbrains.kotlin:kotlin-stdlib:1.9.20) with ExtractJniTransform
Transforming google-api-client-android-2.2.0.jar (com.google.api-client:google-api-client-android:2.2.0) with JetifyTransform
Transforming google-api-client-android-2.2.0.jar (com.google.api-client:google-api-client-android:2.2.0) with ExtractJniTransform
Transforming google-api-services-drive-v3-rev20220815-2.0.0.jar (com.google.apis:google-api-services-drive:v3-rev20220815-2.0.0) with JetifyTransform
Transforming google-api-services-drive-v3-rev20220815-2.0.0.jar (com.google.apis:google-api-services-drive:v3-rev20220815-2.0.0) with ExtractJniTransform
Transforming google-api-client-2.0.0.jar (com.google.api-client:google-api-client:2.0.0) with JetifyTransform
Transforming google-api-client-2.0.0.jar (com.google.api-client:google-api-client:2.0.0) with ExtractJniTransform
Transforming google-oauth-client-1.34.1.jar (com.google.oauth-client:google-oauth-client:1.34.1) with JetifyTransform
Transforming google-oauth-client-1.34.1.jar (com.google.oauth-client:google-oauth-client:1.34.1) with ExtractJniTransform
Transforming google-http-client-gson-1.43.3.jar (com.google.http-client:google-http-client-gson:1.43.3) with JetifyTransform
Transforming google-http-client-gson-1.43.3.jar (com.google.http-client:google-http-client-gson:1.43.3) with ExtractJniTransform
Transforming annotations-23.0.0.jar (org.jetbrains:annotations:23.0.0) with JetifyTransform
Transforming annotations-23.0.0.jar (org.jetbrains:annotations:23.0.0) with ExtractJniTransform
Transforming google-http-client-apache-v2-1.42.1.jar (com.google.http-client:google-http-client-apache-v2:1.42.1) with JetifyTransform
Transforming google-http-client-apache-v2-1.42.1.jar (com.google.http-client:google-http-client-apache-v2:1.42.1) with ExtractJniTransform
Transforming google-http-client-1.43.3.jar (com.google.http-client:google-http-client:1.43.3) with JetifyTransform
Transforming google-http-client-1.43.3.jar (com.google.http-client:google-http-client:1.43.3) with ExtractJniTransform
Transforming gson-2.10.1.jar (com.google.code.gson:gson:2.10.1) with JetifyTransform
Transforming gson-2.10.1.jar (com.google.code.gson:gson:2.10.1) with ExtractJniTransform
Transforming opencensus-contrib-http-util-0.31.1.jar (io.opencensus:opencensus-contrib-http-util:0.31.1) with JetifyTransform
Transforming opencensus-contrib-http-util-0.31.1.jar (io.opencensus:opencensus-contrib-http-util:0.31.1) with ExtractJniTransform
Transforming guava-31.1-jre.jar (com.google.guava:guava:31.1-jre) with JetifyTransform
Transforming guava-31.1-jre.jar (com.google.guava:guava:31.1-jre) with ExtractJniTransform
Transforming httpclient-4.5.14.jar (org.apache.httpcomponents:httpclient:4.5.14) with JetifyTransform
Transforming httpclient-4.5.14.jar (org.apache.httpcomponents:httpclient:4.5.14) with ExtractJniTransform
Transforming httpcore-4.4.16.jar (org.apache.httpcomponents:httpcore:4.4.16) with JetifyTransform
Transforming httpcore-4.4.16.jar (org.apache.httpcomponents:httpcore:4.4.16) with ExtractJniTransform
Transforming jsr305-3.0.2.jar (com.google.code.findbugs:jsr305:3.0.2) with JetifyTransform
Transforming jsr305-3.0.2.jar (com.google.code.findbugs:jsr305:3.0.2) with ExtractJniTransform
Transforming error_prone_annotations-2.18.0.jar (com.google.errorprone:error_prone_annotations:2.18.0) with JetifyTransform
Transforming error_prone_annotations-2.18.0.jar (com.google.errorprone:error_prone_annotations:2.18.0) with ExtractJniTransform
Transforming j2objc-annotations-2.8.jar (com.google.j2objc:j2objc-annotations:2.8) with JetifyTransform
Transforming j2objc-annotations-2.8.jar (com.google.j2objc:j2objc-annotations:2.8) with ExtractJniTransform
Transforming opencensus-api-0.31.1.jar (io.opencensus:opencensus-api:0.31.1) with JetifyTransform
Transforming opencensus-api-0.31.1.jar (io.opencensus:opencensus-api:0.31.1) with ExtractJniTransform
Transforming listenablefuture-9999.0-empty-to-avoid-conflict-with-guava.jar (com.google.guava:listenablefuture:9999.0-empty-to-avoid-conflict-with-guava) with JetifyTransform
Transforming listenablefuture-9999.0-empty-to-avoid-conflict-with-guava.jar (com.google.guava:listenablefuture:9999.0-empty-to-avoid-conflict-with-guava) with ExtractJniTransform
Transforming failureaccess-1.0.1.jar (com.google.guava:failureaccess:1.0.1) with JetifyTransform
Transforming failureaccess-1.0.1.jar (com.google.guava:failureaccess:1.0.1) with ExtractJniTransform
Transforming checker-qual-3.12.0.jar (org.checkerframework:checker-qual:3.12.0) with JetifyTransform
Transforming checker-qual-3.12.0.jar (org.checkerframework:checker-qual:3.12.0) with ExtractJniTransform
Transforming commons-logging-1.2.jar (commons-logging:commons-logging:1.2) with JetifyTransform
Transforming commons-logging-1.2.jar (commons-logging:commons-logging:1.2) with ExtractJniTransform
Transforming commons-codec-1.11.jar (commons-codec:commons-codec:1.11) with JetifyTransform
Transforming commons-codec-1.11.jar (commons-codec:commons-codec:1.11) with ExtractJniTransform
Transforming grpc-context-1.27.2.jar (io.grpc:grpc-context:1.27.2) with JetifyTransform
Transforming grpc-context-1.27.2.jar (io.grpc:grpc-context:1.27.2) with ExtractJniTransform
Skipping task ':app:mergeDebugNativeLibs' as it has no source files and no previous output files.
Resolve mutations for :app:stripDebugDebugSymbols (Thread[Execution worker Thread 12,5,main]) started.
:app:stripDebugDebugSymbols (Thread[Execution worker Thread 12,5,main]) started.

> Task :app:stripDebugDebugSymbols NO-SOURCE
Skipping task ':app:stripDebugDebugSymbols' as it has no source files and no previous output files.
Resolve mutations for :app:validateSigningDebug (Thread[Execution worker Thread 12,5,main]) started.
:app:validateSigningDebug (Thread[Execution worker Thread 14,5,main]) started.

> Task :app:validateSigningDebug UP-TO-DATE
Caching disabled for task ':app:validateSigningDebug' because:
  Build cache is disabled
Skipping task ':app:validateSigningDebug' as it is up-to-date.
Resolve mutations for :app:writeDebugAppMetadata (Thread[Execution worker Thread 14,5,main]) started.
:app:writeDebugAppMetadata (Thread[included builds,5,main]) started.

> Task :app:writeDebugAppMetadata UP-TO-DATE
Caching disabled for task ':app:writeDebugAppMetadata' because:
  Build cache is disabled
Skipping task ':app:writeDebugAppMetadata' as it is up-to-date.
Resolve mutations for :app:writeDebugSigningConfigVersions (Thread[included builds,5,main]) started.
:app:writeDebugSigningConfigVersions (Thread[included builds,5,main]) started.

> Task :app:writeDebugSigningConfigVersions UP-TO-DATE
Caching disabled for task ':app:writeDebugSigningConfigVersions' because:
  Build cache is disabled
Skipping task ':app:writeDebugSigningConfigVersions' as it is up-to-date.

> Task :app:compileDebugKotlin FAILED
Transforming R.jar with ClasspathEntrySnapshotTransform
Transforming navigation-common-2.7.5-api.jar with ClasspathEntrySnapshotTransform
Transforming navigation-runtime-2.7.5-api.jar with ClasspathEntrySnapshotTransform
Transforming navigation-common-ktx-2.7.5-api.jar with ClasspathEntrySnapshotTransform
Transforming navigation-runtime-ktx-2.7.5-api.jar with ClasspathEntrySnapshotTransform
Transforming jetified-navigation-compose-2.7.5-api.jar with ClasspathEntrySnapshotTransform
Transforming jetified-material3-1.1.2-api.jar with ClasspathEntrySnapshotTransform
Transforming jetified-play-services-auth-20.7.0-api.jar with ClasspathEntrySnapshotTransform
Transforming jetified-play-services-auth-api-phone-18.0.1-api.jar with ClasspathEntrySnapshotTransform
Transforming jetified-play-services-auth-base-18.0.4-api.jar with ClasspathEntrySnapshotTransform
Transforming jetified-play-services-fido-20.0.1-api.jar with ClasspathEntrySnapshotTransform
Transforming jetified-play-services-base-18.0.1-api.jar with ClasspathEntrySnapshotTransform
Transforming jetified-play-services-tasks-18.0.1-api.jar with ClasspathEntrySnapshotTransform
Transforming jetified-play-services-basement-18.2.0-api.jar with ClasspathEntrySnapshotTransform
Transforming fragment-1.0.0-api.jar with ClasspathEntrySnapshotTransform
Transforming legacy-support-core-ui-1.0.0-api.jar with ClasspathEntrySnapshotTransform
Transforming legacy-support-core-utils-1.0.0-api.jar with ClasspathEntrySnapshotTransform
Transforming loader-1.0.0-api.jar with ClasspathEntrySnapshotTransform
Transforming viewpager-1.0.0-api.jar with ClasspathEntrySnapshotTransform
Transforming coordinatorlayout-1.0.0-api.jar with ClasspathEntrySnapshotTransform
Transforming drawerlayout-1.0.0-api.jar with ClasspathEntrySnapshotTransform
Transforming slidingpanelayout-1.0.0-api.jar with ClasspathEntrySnapshotTransform
Transforming customview-1.0.0-api.jar with ClasspathEntrySnapshotTransform
Transforming swiperefreshlayout-1.0.0-api.jar with ClasspathEntrySnapshotTransform
Transforming asynclayoutinflater-1.0.0-api.jar with ClasspathEntrySnapshotTransform
Transforming core-1.12.0-api.jar with ClasspathEntrySnapshotTransform
Transforming work-runtime-ktx-2.9.0-api.jar with ClasspathEntrySnapshotTransform
Transforming work-runtime-2.9.0-api.jar with ClasspathEntrySnapshotTransform
Transforming lifecycle-livedata-2.6.2-api.jar with ClasspathEntrySnapshotTransform
Transforming lifecycle-livedata-core-2.6.2-api.jar with ClasspathEntrySnapshotTransform
Transforming lifecycle-common-2.6.2.jar with ClasspathEntrySnapshotTransform
Transforming jetified-lifecycle-viewmodel-savedstate-2.6.2-api.jar with ClasspathEntrySnapshotTransform
Transforming jetified-lifecycle-viewmodel-ktx-2.6.2-api.jar with ClasspathEntrySnapshotTransform
Transforming lifecycle-common-java8-2.6.2.jar with ClasspathEntrySnapshotTransform
Transforming lifecycle-viewmodel-2.6.2-api.jar with ClasspathEntrySnapshotTransform
Transforming lifecycle-runtime-2.6.2-api.jar with ClasspathEntrySnapshotTransform
Transforming jetified-lifecycle-runtime-ktx-2.6.2-api.jar with ClasspathEntrySnapshotTransform
Transforming jetified-lifecycle-viewmodel-compose-2.6.2-api.jar with ClasspathEntrySnapshotTransform
Transforming jetified-material-icons-core-release-api.jar with ClasspathEntrySnapshotTransform
Transforming jetified-material-icons-extended-release-api.jar with ClasspathEntrySnapshotTransform
Transforming jetified-material-ripple-release-api.jar with ClasspathEntrySnapshotTransform
Transforming jetified-foundation-layout-release-api.jar with ClasspathEntrySnapshotTransform
Transforming jetified-foundation-release-api.jar with ClasspathEntrySnapshotTransform
Transforming jetified-animation-core-release-api.jar with ClasspathEntrySnapshotTransform
Transforming jetified-animation-release-api.jar with ClasspathEntrySnapshotTransform
Transforming jetified-ui-unit-release-api.jar with ClasspathEntrySnapshotTransform
Transforming jetified-ui-geometry-release-api.jar with ClasspathEntrySnapshotTransform
Transforming jetified-ui-tooling-data-release-api.jar with ClasspathEntrySnapshotTransform
Transforming jetified-ui-text-release-api.jar with ClasspathEntrySnapshotTransform
Transforming jetified-ui-tooling-preview-release-api.jar with ClasspathEntrySnapshotTransform
Transforming jetified-ui-graphics-release-api.jar with ClasspathEntrySnapshotTransform
Transforming jetified-ui-release-api.jar with ClasspathEntrySnapshotTransform
Transforming jetified-ui-tooling-release-api.jar with ClasspathEntrySnapshotTransform
Transforming jetified-ui-test-manifest-1.5.4-api.jar with ClasspathEntrySnapshotTransform
Transforming jetified-activity-1.8.1-api.jar with ClasspathEntrySnapshotTransform
Transforming jetified-activity-compose-1.8.1-api.jar with ClasspathEntrySnapshotTransform
Transforming jetified-activity-ktx-1.8.1-api.jar with ClasspathEntrySnapshotTransform
Transforming jetified-core-ktx-1.12.0-api.jar with ClasspathEntrySnapshotTransform
Transforming room-common-2.6.1.jar with ClasspathEntrySnapshotTransform
Transforming room-runtime-2.6.1-api.jar with ClasspathEntrySnapshotTransform
Transforming jetified-room-ktx-2.6.1-api.jar with ClasspathEntrySnapshotTransform
Transforming jetified-datastore-preferences-1.0.0-api.jar with ClasspathEntrySnapshotTransform
Transforming jetified-annotation-experimental-1.3.0-api.jar with ClasspathEntrySnapshotTransform
Transforming jetified-datastore-1.0.0-api.jar with ClasspathEntrySnapshotTransform
Transforming jetified-runtime-saveable-release-api.jar with ClasspathEntrySnapshotTransform
Transforming jetified-runtime-release-api.jar with ClasspathEntrySnapshotTransform
Transforming jetified-datastore-preferences-core-1.0.0.jar with ClasspathEntrySnapshotTransform
Transforming jetified-datastore-core-1.0.0.jar with ClasspathEntrySnapshotTransform
Transforming jetified-kotlinx-coroutines-core-jvm-1.7.3.jar with ClasspathEntrySnapshotTransform
Transforming jetified-kotlinx-coroutines-android-1.7.3.jar with ClasspathEntrySnapshotTransform
Transforming jetified-kotlin-stdlib-jdk8-1.8.22.jar with ClasspathEntrySnapshotTransform
Transforming jetified-savedstate-ktx-1.2.1-api.jar with ClasspathEntrySnapshotTransform
Transforming jetified-savedstate-1.2.1-api.jar with ClasspathEntrySnapshotTransform
Transforming sqlite-framework-2.4.0-api.jar with ClasspathEntrySnapshotTransform
Transforming sqlite-2.4.0-api.jar with ClasspathEntrySnapshotTransform
Transforming versionedparcelable-1.1.1-api.jar with ClasspathEntrySnapshotTransform
Transforming core-runtime-2.2.0-api.jar with ClasspathEntrySnapshotTransform
Transforming core-common-2.2.0.jar with ClasspathEntrySnapshotTransform
Transforming collection-1.1.0.jar with ClasspathEntrySnapshotTransform
Transforming interpolator-1.0.0-api.jar with ClasspathEntrySnapshotTransform
Transforming cursoradapter-1.0.0-api.jar with ClasspathEntrySnapshotTransform
Transforming documentfile-1.0.0-api.jar with ClasspathEntrySnapshotTransform
Transforming localbroadcastmanager-1.0.0-api.jar with ClasspathEntrySnapshotTransform
Transforming print-1.0.0-api.jar with ClasspathEntrySnapshotTransform
Transforming jetified-annotation-jvm-1.6.0.jar with ClasspathEntrySnapshotTransform
Transforming jetified-kotlin-stdlib-jdk7-1.8.22.jar with ClasspathEntrySnapshotTransform
Transforming jetified-kotlin-stdlib-1.9.20.jar with ClasspathEntrySnapshotTransform
Transforming jetified-annotations-23.0.0.jar with ClasspathEntrySnapshotTransform
Transforming jetified-google-api-client-android-2.2.0.jar with ClasspathEntrySnapshotTransform
Transforming jetified-google-api-services-drive-v3-rev20220815-2.0.0.jar with ClasspathEntrySnapshotTransform
Transforming jetified-google-api-client-2.0.0.jar with ClasspathEntrySnapshotTransform
Transforming jetified-google-oauth-client-1.34.1.jar with ClasspathEntrySnapshotTransform
Transforming jetified-google-http-client-gson-1.43.3.jar with ClasspathEntrySnapshotTransform
Transforming jetified-google-http-client-apache-v2-1.42.1.jar with ClasspathEntrySnapshotTransform
Transforming jetified-google-http-client-1.43.3.jar with ClasspathEntrySnapshotTransform
Transforming jetified-opencensus-contrib-http-util-0.31.1.jar with ClasspathEntrySnapshotTransform
Transforming jetified-guava-31.1-jre.jar with ClasspathEntrySnapshotTransform
Transforming jetified-listenablefuture-9999.0-empty-to-avoid-conflict-with-guava.jar with ClasspathEntrySnapshotTransform
Transforming jetified-startup-runtime-1.1.1-api.jar with ClasspathEntrySnapshotTransform
Transforming jetified-httpclient-4.5.14.jar with ClasspathEntrySnapshotTransform
Transforming jetified-httpcore-4.4.16.jar with ClasspathEntrySnapshotTransform
Transforming jetified-commons-logging-1.2.jar with ClasspathEntrySnapshotTransform
Transforming jetified-commons-codec-1.11.jar with ClasspathEntrySnapshotTransform
Transforming jetified-jsr305-3.0.2.jar with ClasspathEntrySnapshotTransform
Transforming jetified-error_prone_annotations-2.18.0.jar with ClasspathEntrySnapshotTransform
Transforming jetified-failureaccess-1.0.1.jar with ClasspathEntrySnapshotTransform
Transforming jetified-checker-qual-3.12.0.jar with ClasspathEntrySnapshotTransform
Transforming jetified-j2objc-annotations-2.8.jar with ClasspathEntrySnapshotTransform
Transforming jetified-opencensus-api-0.31.1.jar with ClasspathEntrySnapshotTransform
Transforming jetified-grpc-context-1.27.2.jar with ClasspathEntrySnapshotTransform
Transforming jetified-gson-2.10.1.jar with ClasspathEntrySnapshotTransform
Transforming android.jar with ClasspathEntrySnapshotTransform
Transforming core-lambda-stubs.jar with ClasspathEntrySnapshotTransform
Transforming debug with ClasspathEntrySnapshotTransform
Caching disabled for task ':app:compileDebugKotlin' because:
  Build cache is disabled
Task ':app:compileDebugKotlin' is not up-to-date because:
  Task has failed previously.
The input changes require a full rebuild for incremental task ':app:compileDebugKotlin'.
file or directory 'E:\Dev\projects\gdrivesync\app\src\debug\kotlin', not found
file or directory 'E:\Dev\projects\gdrivesync\app\src\debug\kotlin', not found
file or directory 'E:\Dev\projects\gdrivesync\app\src\debug\java', not found
file or directory 'E:\Dev\projects\gdrivesync\app\src\debug\kotlin', not found
file or directory 'E:\Dev\projects\gdrivesync\app\src\debug\java', not found
file or directory 'E:\Dev\projects\gdrivesync\app\src\debug\kotlin', not found
file or directory 'E:\Dev\projects\gdrivesync\app\src\debug\kotlin', not found
file or directory 'E:\Dev\projects\gdrivesync\app\src\debug\java', not found
file or directory 'E:\Dev\projects\gdrivesync\app\src\debug\kotlin', not found
file or directory 'E:\Dev\projects\gdrivesync\app\src\debug\java', not found
file or directory 'E:\Dev\projects\gdrivesync\app\src\main\kotlin', not found
file or directory 'E:\Dev\projects\gdrivesync\app\src\main\kotlin', not found
file or directory 'E:\Dev\projects\gdrivesync\app\src\main\kotlin', not found
file or directory 'E:\Dev\projects\gdrivesync\app\src\main\kotlin', not found
file or directory 'E:\Dev\projects\gdrivesync\app\src\main\kotlin', not found
file or directory 'E:\Dev\projects\gdrivesync\app\src\main\kotlin', not found
file or directory 'E:\Dev\projects\gdrivesync\app\src\debug\java', not found
file or directory 'E:\Dev\projects\gdrivesync\app\src\debug\kotlin', not found
file or directory 'E:\Dev\projects\gdrivesync\app\src\debug\kotlin', not found
file or directory 'E:\Dev\projects\gdrivesync\app\src\debug\java', not found
file or directory 'E:\Dev\projects\gdrivesync\app\src\debug\kotlin', not found
file or directory 'E:\Dev\projects\gdrivesync\app\src\debug\java', not found
file or directory 'E:\Dev\projects\gdrivesync\app\src\debug\kotlin', not found
file or directory 'E:\Dev\projects\gdrivesync\app\src\debug\kotlin', not found
file or directory 'E:\Dev\projects\gdrivesync\app\src\debug\java', not found
file or directory 'E:\Dev\projects\gdrivesync\app\src\debug\kotlin', not found
file or directory 'E:\Dev\projects\gdrivesync\app\src\debug\java', not found
file or directory 'E:\Dev\projects\gdrivesync\app\src\main\kotlin', not found
file or directory 'E:\Dev\projects\gdrivesync\app\src\main\kotlin', not found
file or directory 'E:\Dev\projects\gdrivesync\app\src\debug\kotlin', not found
file or directory 'E:\Dev\projects\gdrivesync\app\src\debug\kotlin', not found
file or directory 'E:\Dev\projects\gdrivesync\app\src\debug\java', not found
file or directory 'E:\Dev\projects\gdrivesync\app\src\debug\kotlin', not found
file or directory 'E:\Dev\projects\gdrivesync\app\src\debug\java', not found
file or directory 'E:\Dev\projects\gdrivesync\app\src\debug\kotlin', not found
file or directory 'E:\Dev\projects\gdrivesync\app\src\debug\kotlin', not found
file or directory 'E:\Dev\projects\gdrivesync\app\src\debug\java', not found
file or directory 'E:\Dev\projects\gdrivesync\app\src\debug\kotlin', not found
file or directory 'E:\Dev\projects\gdrivesync\app\src\debug\java', not found
file or directory 'E:\Dev\projects\gdrivesync\app\src\main\kotlin', not found
file or directory 'E:\Dev\projects\gdrivesync\app\src\main\kotlin', not found
file or directory 'E:\Dev\projects\gdrivesync\app\src\main\kotlin', not found
file or directory 'E:\Dev\projects\gdrivesync\app\src\main\kotlin', not found
file or directory 'E:\Dev\projects\gdrivesync\app\src\main\kotlin', not found
file or directory 'E:\Dev\projects\gdrivesync\app\src\main\kotlin', not found
file or directory 'E:\Dev\projects\gdrivesync\app\src\debug\java', not found
file or directory 'E:\Dev\projects\gdrivesync\app\src\debug\kotlin', not found
file or directory 'E:\Dev\projects\gdrivesync\app\src\debug\kotlin', not found
file or directory 'E:\Dev\projects\gdrivesync\app\src\debug\java', not found
file or directory 'E:\Dev\projects\gdrivesync\app\src\debug\kotlin', not found
file or directory 'E:\Dev\projects\gdrivesync\app\src\debug\java', not found
file or directory 'E:\Dev\projects\gdrivesync\app\src\debug\kotlin', not found
file or directory 'E:\Dev\projects\gdrivesync\app\src\debug\kotlin', not found
file or directory 'E:\Dev\projects\gdrivesync\app\src\debug\java', not found
file or directory 'E:\Dev\projects\gdrivesync\app\src\debug\kotlin', not found
file or directory 'E:\Dev\projects\gdrivesync\app\src\debug\java', not found
file or directory 'E:\Dev\projects\gdrivesync\app\src\main\kotlin', not found
file or directory 'E:\Dev\projects\gdrivesync\app\src\main\kotlin', not found
file or directory 'E:\Dev\projects\gdrivesync\app\src\main\kotlin', not found
file or directory 'E:\Dev\projects\gdrivesync\app\src\main\kotlin', not found
file or directory 'E:\Dev\projects\gdrivesync\app\src\main\kotlin', not found
file or directory 'E:\Dev\projects\gdrivesync\app\src\main\kotlin', not found
file or directory 'E:\Dev\projects\gdrivesync\app\src\debug\java', not found
file or directory 'E:\Dev\projects\gdrivesync\app\src\debug\kotlin', not found
file or directory 'E:\Dev\projects\gdrivesync\app\src\debug\kotlin', not found
file or directory 'E:\Dev\projects\gdrivesync\app\src\debug\java', not found
file or directory 'E:\Dev\projects\gdrivesync\app\src\debug\kotlin', not found
file or directory 'E:\Dev\projects\gdrivesync\app\src\debug\java', not found
file or directory 'E:\Dev\projects\gdrivesync\app\src\debug\kotlin', not found
file or directory 'E:\Dev\projects\gdrivesync\app\src\debug\kotlin', not found
file or directory 'E:\Dev\projects\gdrivesync\app\src\debug\java', not found
file or directory 'E:\Dev\projects\gdrivesync\app\src\debug\kotlin', not found
file or directory 'E:\Dev\projects\gdrivesync\app\src\debug\java', not found
file or directory 'E:\Dev\projects\gdrivesync\app\src\main\kotlin', not found
file or directory 'E:\Dev\projects\gdrivesync\app\src\main\kotlin', not found
file or directory 'E:\Dev\projects\gdrivesync\app\src\main\kotlin', not found
file or directory 'E:\Dev\projects\gdrivesync\app\src\main\kotlin', not found
file or directory 'E:\Dev\projects\gdrivesync\app\src\main\kotlin', not found
file or directory 'E:\Dev\projects\gdrivesync\app\src\main\kotlin', not found
file or directory 'E:\Dev\projects\gdrivesync\app\src\debug\java', not found
Kotlin source files: E:\Dev\projects\gdrivesync\app\src\main\java\com\gdrivesync\app\data\database\SyncDatabase.kt, E:\Dev\projects\gdrivesync\app\src\main\java\com\gdrivesync\app\data\database\SyncDatabaseMigration.kt, E:\Dev\projects\gdrivesync\app\src\main\java\com\gdrivesync\app\data\database\SyncFileDao.kt, E:\Dev\projects\gdrivesync\app\src\main\java\com\gdrivesync\app\data\google\GoogleDriveService.kt, E:\Dev\projects\gdrivesync\app\src\main\java\com\gdrivesync\app\data\model\SyncFile.kt, E:\Dev\projects\gdrivesync\app\src\main\java\com\gdrivesync\app\data\preferences\PreferencesManager.kt, E:\Dev\projects\gdrivesync\app\src\main\java\com\gdrivesync\app\data\sync\SyncService.kt, E:\Dev\projects\gdrivesync\app\src\main\java\com\gdrivesync\app\GDriveSyncApplication.kt, E:\Dev\projects\gdrivesync\app\src\main\java\com\gdrivesync\app\MainActivity.kt, E:\Dev\projects\gdrivesync\app\src\main\java\com\gdrivesync\app\ui\navigation\NavGraph.kt, E:\Dev\projects\gdrivesync\app\src\main\java\com\gdrivesync\app\ui\screens\FolderSelectionScreen.kt, E:\Dev\projects\gdrivesync\app\src\main\java\com\gdrivesync\app\ui\screens\HomeScreen.kt, E:\Dev\projects\gdrivesync\app\src\main\java\com\gdrivesync\app\ui\screens\SettingsScreen.kt, E:\Dev\projects\gdrivesync\app\src\main\java\com\gdrivesync\app\ui\theme\Color.kt, E:\Dev\projects\gdrivesync\app\src\main\java\com\gdrivesync\app\ui\theme\Theme.kt, E:\Dev\projects\gdrivesync\app\src\main\java\com\gdrivesync\app\ui\theme\Type.kt, E:\Dev\projects\gdrivesync\app\src\main\java\com\gdrivesync\app\ui\viewmodel\FolderSelectionViewModel.kt, E:\Dev\projects\gdrivesync\app\src\main\java\com\gdrivesync\app\ui\viewmodel\HomeViewModel.kt, E:\Dev\projects\gdrivesync\app\src\main\java\com\gdrivesync\app\ui\viewmodel\SettingsViewModel.kt, E:\Dev\projects\gdrivesync\app\src\main\java\com\gdrivesync\app\util\FileHashUtil.kt, E:\Dev\projects\gdrivesync\app\src\main\java\com\gdrivesync\app\util\LocalFileObserver.kt, E:\Dev\projects\gdrivesync\app\src\main\java\com\gdrivesync\app\util\SyncScheduler.kt, E:\Dev\projects\gdrivesync\app\src\main\java\com\gdrivesync\app\worker\ChangeMonitorWorker.kt, E:\Dev\projects\gdrivesync\app\src\main\java\com\gdrivesync\app\worker\MainSyncWorker.kt, E:\Dev\projects\gdrivesync\app\src\main\java\com\gdrivesync\app\worker\SyncWorker.kt
Java source files: E:\Dev\projects\gdrivesync\app\build\generated\source\kapt\debug\com\gdrivesync\app\data\database\SyncDatabase_Impl.java, E:\Dev\projects\gdrivesync\app\build\generated\source\kapt\debug\com\gdrivesync\app\data\database\SyncFileDao_Impl.java
Script source files: 
Script file extensions: 
Using Kotlin/JVM incremental compilation
[KOTLIN] Kotlin compilation 'jdkHome' argument: null
i: found daemon on port 17721 (548505 ms old), trying to connect
i: connected to the daemon
Options for KOTLIN DAEMON: IncrementalCompilationOptions(super=CompilationOptions(compilerMode=INCREMENTAL_COMPILER, targetPlatform=JVM, reportCategories=[0, 3], reportSeverity=2, requestedCompilationResults=[0], kotlinScriptExtensions=[]), areFileChangesKnown=false, modifiedFiles=null, deletedFiles=null, classpathChanges=NotAvailableForNonIncrementalRun, workingDir=E:\Dev\projects\gdrivesync\app\build\kotlin\compileDebugKotlin\cacheable, multiModuleICSettings=MultiModuleICSettings(buildHistoryFile=E:\Dev\projects\gdrivesync\app\build\kotlin\compileDebugKotlin\local-state\build-history.bin, useModuleDetection=true), usePreciseJavaTracking=true, outputFiles=[E:\Dev\projects\gdrivesync\app\build\tmp\kotlin-classes\debug, E:\Dev\projects\gdrivesync\app\build\kotlin\compileDebugKotlin\cacheable, E:\Dev\projects\gdrivesync\app\build\kotlin\compileDebugKotlin\local-state])
./gradlew : e: This version (1.5.3) of the Compose Compiler requires Kotlin version 1.9.10 but you appear to be using Kotlin version 1.9.20 which is not known to be compatible.  Please consult the Compose-Kotlin compatibility map located at 
https://developer.android.com/jetpack/androidx/releases/compose-kotlin to choose a compatible version pair (or `suppressKotlinVersionCompatibilityCheck` but don't say I didn't warn you!).
Au caractère Ligne:1 : 1
+ ./gradlew assembleDebug --stacktrace --info 2>&1 | Out-File build-err ...
+ ~~~~~~~~~~~~~~~~~~~~~~~~~~~~~~~~~~~~~~~~~~~~~~~~
    + CategoryInfo          : NotSpecified: (e: This version...n't warn you!).:String) [], RemoteException
    + FullyQualifiedErrorId : NativeCommandError
 

FAILURE: Build failed with an exception.

* What went wrong:
Execution failed for task ':app:compileDebugKotlin'.
> A failure occurred while executing org.jetbrains.kotlin.compilerRunner.GradleCompilerRunnerWithWorkers$GradleKotlinCompilerWorkAction
   > Compilation error. See log for more details

* Try:
> Run with --debug option to get more log output.
> Run with --scan to get full insights.
> Get more help at https://help.gradle.org.

* Exception is:
org.gradle.api.tasks.TaskExecutionException: Execution failed for task ':app:compileDebugKotlin'.
	at org.gradle.api.internal.tasks.execution.ExecuteActionsTaskExecuter.lambda$executeIfValid$1(ExecuteActionsTaskExecuter.java:148)
	at org.gradle.internal.Try$Failure.ifSuccessfulOrElse(Try.java:282)
	at org.gradle.api.internal.tasks.execution.ExecuteActionsTaskExecuter.executeIfValid(ExecuteActionsTaskExecuter.java:146)
	at org.gradle.api.internal.tasks.execution.ExecuteActionsTaskExecuter.execute(ExecuteActionsTaskExecuter.java:134)
	at org.gradle.api.internal.tasks.execution.FinalizePropertiesTaskExecuter.execute(FinalizePropertiesTaskExecuter.java:46)
	at org.gradle.api.internal.tasks.execution.ResolveTaskExecutionModeExecuter.execute(ResolveTaskExecutionModeExecuter.java:51)
	at org.gradle.api.internal.tasks.execution.SkipTaskWithNoActionsExecuter.execute(SkipTaskWithNoActionsExecuter.java:57)
	at org.gradle.api.internal.tasks.execution.SkipOnlyIfTaskExecuter.execute(SkipOnlyIfTaskExecuter.java:74)
	at org.gradle.api.internal.tasks.execution.CatchExceptionTaskExecuter.execute(CatchExceptionTaskExecuter.java:36)
	at org.gradle.api.internal.tasks.execution.EventFiringTaskExecuter$1.executeTask(EventFiringTaskExecuter.java:77)
	at org.gradle.api.internal.tasks.execution.EventFiringTaskExecuter$1.call(EventFiringTaskExecuter.java:55)
	at org.gradle.api.internal.tasks.execution.EventFiringTaskExecuter$1.call(EventFiringTaskExecuter.java:52)
	at org.gradle.internal.operations.DefaultBuildOperationRunner$CallableBuildOperationWorker.execute(DefaultBuildOperationRunner.java:204)
	at org.gradle.internal.operations.DefaultBuildOperationRunner$CallableBuildOperationWorker.execute(DefaultBuildOperationRunner.java:199)
	at org.gradle.internal.operations.DefaultBuildOperationRunner$2.execute(DefaultBuildOperationRunner.java:66)
	at org.gradle.internal.operations.DefaultBuildOperationRunner$2.execute(DefaultBuildOperationRunner.java:59)
	at org.gradle.internal.operations.DefaultBuildOperationRunner.execute(DefaultBuildOperationRunner.java:157)
	at org.gradle.internal.operations.DefaultBuildOperationRunner.execute(DefaultBuildOperationRunner.java:59)
	at org.gradle.internal.operations.DefaultBuildOperationRunner.call(DefaultBuildOperationRunner.java:53)
	at org.gradle.internal.operations.DefaultBuildOperationExecutor.call(DefaultBuildOperationExecutor.java:73)
	at org.gradle.api.internal.tasks.execution.EventFiringTaskExecuter.execute(EventFiringTaskExecuter.java:52)
	at org.gradle.execution.plan.LocalTaskNodeExecutor.execute(LocalTaskNodeExecutor.java:42)
	at org.gradle.execution.taskgraph.DefaultTaskExecutionGraph$InvokeNodeExecutorsAction.execute(DefaultTaskExecutionGraph.java:331)
	at org.gradle.execution.taskgraph.DefaultTaskExecutionGraph$InvokeNodeExecutorsAction.execute(DefaultTaskExecutionGraph.java:318)
	at org.gradle.execution.taskgraph.DefaultTaskExecutionGraph$BuildOperationAwareExecutionAction.lambda$execute$0(DefaultTaskExecutionGraph.java:314)
	at org.gradle.internal.operations.CurrentBuildOperationRef.with(CurrentBuildOperationRef.java:80)
	at org.gradle.execution.taskgraph.DefaultTaskExecutionGraph$BuildOperationAwareExecutionAction.execute(DefaultTaskExecutionGraph.java:314)
	at org.gradle.execution.taskgraph.DefaultTaskExecutionGraph$BuildOperationAwareExecutionAction.execute(DefaultTaskExecutionGraph.java:303)
	at org.gradle.execution.plan.DefaultPlanExecutor$ExecutorWorker.execute(DefaultPlanExecutor.java:463)
	at org.gradle.execution.plan.DefaultPlanExecutor$ExecutorWorker.run(DefaultPlanExecutor.java:380)
	at org.gradle.internal.concurrent.ExecutorPolicy$CatchAndRecordFailures.onExecute(ExecutorPolicy.java:64)
	at org.gradle.internal.concurrent.AbstractManagedExecutor$1.run(AbstractManagedExecutor.java:47)
Caused by: org.gradle.workers.internal.DefaultWorkerExecutor$WorkExecutionException: A failure occurred while executing org.jetbrains.kotlin.compilerRunner.GradleCompilerRunnerWithWorkers$GradleKotlinCompilerWorkAction
	at org.gradle.workers.internal.DefaultWorkerExecutor$WorkItemExecution.waitForCompletion(DefaultWorkerExecutor.java:283)
	at org.gradle.internal.work.DefaultAsyncWorkTracker.lambda$waitForItemsAndGatherFailures$2(DefaultAsyncWorkTracker.java:130)
	at org.gradle.internal.Factories$1.create(Factories.java:31)
	at org.gradle.internal.work.DefaultWorkerLeaseService.withoutLocks(DefaultWorkerLeaseService.java:336)
	at org.gradle.internal.work.DefaultWorkerLeaseService.withoutLocks(DefaultWorkerLeaseService.java:319)
	at org.gradle.internal.work.DefaultWorkerLeaseService.withoutLock(DefaultWorkerLeaseService.java:324)
	at org.gradle.internal.work.DefaultAsyncWorkTracker.waitForItemsAndGatherFailures(DefaultAsyncWorkTracker.java:126)
	at org.gradle.internal.work.DefaultAsyncWorkTracker.waitForItemsAndGatherFailures(DefaultAsyncWorkTracker.java:92)
	at org.gradle.internal.work.DefaultAsyncWorkTracker.waitForAll(DefaultAsyncWorkTracker.java:78)
	at org.gradle.internal.work.DefaultAsyncWorkTracker.waitForCompletion(DefaultAsyncWorkTracker.java:66)
	at org.gradle.api.internal.tasks.execution.TaskExecution$3.run(TaskExecution.java:256)
	at org.gradle.internal.operations.DefaultBuildOperationRunner$1.execute(DefaultBuildOperationRunner.java:29)
	at org.gradle.internal.operations.DefaultBuildOperationRunner$1.execute(DefaultBuildOperationRunner.java:26)
	at org.gradle.internal.operations.DefaultBuildOperationRunner$2.execute(DefaultBuildOperationRunner.java:66)
	at org.gradle.internal.operations.DefaultBuildOperationRunner$2.execute(DefaultBuildOperationRunner.java:59)
	at org.gradle.internal.operations.DefaultBuildOperationRunner.execute(DefaultBuildOperationRunner.java:157)
	at org.gradle.internal.operations.DefaultBuildOperationRunner.execute(DefaultBuildOperationRunner.java:59)
	at org.gradle.internal.operations.DefaultBuildOperationRunner.run(DefaultBuildOperationRunner.java:47)
	at org.gradle.internal.operations.DefaultBuildOperationExecutor.run(DefaultBuildOperationExecutor.java:68)
	at org.gradle.api.internal.tasks.execution.TaskExecution.executeAction(TaskExecution.java:233)
	at org.gradle.api.internal.tasks.execution.TaskExecution.executeActions(TaskExecution.java:216)
	at org.gradle.api.internal.tasks.execution.TaskExecution.executeWithPreviousOutputFiles(TaskExecution.java:199)
	at org.gradle.api.internal.tasks.execution.TaskExecution.execute(TaskExecution.java:166)
	at org.gradle.internal.execution.steps.ExecuteStep.executeInternal(ExecuteStep.java:105)
	at org.gradle.internal.execution.steps.ExecuteStep.access$000(ExecuteStep.java:44)
	at org.gradle.internal.execution.steps.ExecuteStep$1.call(ExecuteStep.java:59)
	at org.gradle.internal.execution.steps.ExecuteStep$1.call(ExecuteStep.java:56)
	at org.gradle.internal.operations.DefaultBuildOperationRunner$CallableBuildOperationWorker.execute(DefaultBuildOperationRunner.java:204)
	at org.gradle.internal.operations.DefaultBuildOperationRunner$CallableBuildOperationWorker.execute(DefaultBuildOperationRunner.java:199)
	at org.gradle.internal.operations.DefaultBuildOperationRunner$2.execute(DefaultBuildOperationRunner.java:66)
	at org.gradle.internal.operations.DefaultBuildOperationRunner$2.execute(DefaultBuildOperationRunner.java:59)
	at org.gradle.internal.operations.DefaultBuildOperationRunner.execute(DefaultBuildOperationRunner.java:157)
	at org.gradle.internal.operations.DefaultBuildOperationRunner.execute(DefaultBuildOperationRunner.java:59)
	at org.gradle.internal.operations.DefaultBuildOperationRunner.call(DefaultBuildOperationRunner.java:53)
	at org.gradle.internal.operations.DefaultBuildOperationExecutor.call(DefaultBuildOperationExecutor.java:73)
	at org.gradle.internal.execution.steps.ExecuteStep.execute(ExecuteStep.java:56)
	at org.gradle.internal.execution.steps.ExecuteStep.execute(ExecuteStep.java:44)
	at org.gradle.internal.execution.steps.RemovePreviousOutputsStep.execute(RemovePreviousOutputsStep.java:67)
	at org.gradle.internal.execution.steps.RemovePreviousOutputsStep.execute(RemovePreviousOutputsStep.java:37)
	at org.gradle.internal.execution.steps.CancelExecutionStep.execute(CancelExecutionStep.java:41)
	at org.gradle.internal.execution.steps.TimeoutStep.executeWithoutTimeout(TimeoutStep.java:74)
	at org.gradle.internal.execution.steps.TimeoutStep.execute(TimeoutStep.java:55)
	at org.gradle.internal.execution.steps.CreateOutputsStep.execute(CreateOutputsStep.java:50)
	at org.gradle.internal.execution.steps.CreateOutputsStep.execute(CreateOutputsStep.java:28)
	at org.gradle.internal.execution.steps.CaptureStateAfterExecutionStep.executeDelegateBroadcastingChanges(CaptureStateAfterExecutionStep.java:100)
	at org.gradle.internal.execution.steps.CaptureStateAfterExecutionStep.execute(CaptureStateAfterExecutionStep.java:72)
	at org.gradle.internal.execution.steps.CaptureStateAfterExecutionStep.execute(CaptureStateAfterExecutionStep.java:50)
	at org.gradle.internal.execution.steps.ResolveInputChangesStep.execute(ResolveInputChangesStep.java:40)
	at org.gradle.internal.execution.steps.ResolveInputChangesStep.execute(ResolveInputChangesStep.java:29)
	at org.gradle.internal.execution.steps.BuildCacheStep.executeWithoutCache(BuildCacheStep.java:179)
	at org.gradle.internal.execution.steps.BuildCacheStep.lambda$execute$1(BuildCacheStep.java:70)
	at org.gradle.internal.Either$Right.fold(Either.java:175)
	at org.gradle.internal.execution.caching.CachingState.fold(CachingState.java:59)
	at org.gradle.internal.execution.steps.BuildCacheStep.execute(BuildCacheStep.java:68)
	at org.gradle.internal.execution.steps.BuildCacheStep.execute(BuildCacheStep.java:46)
	at org.gradle.internal.execution.steps.StoreExecutionStateStep.execute(StoreExecutionStateStep.java:36)
	at org.gradle.internal.execution.steps.StoreExecutionStateStep.execute(StoreExecutionStateStep.java:25)
	at org.gradle.internal.execution.steps.RecordOutputsStep.execute(RecordOutputsStep.java:36)
	at org.gradle.internal.execution.steps.RecordOutputsStep.execute(RecordOutputsStep.java:22)
	at org.gradle.internal.execution.steps.SkipUpToDateStep.executeBecause(SkipUpToDateStep.java:91)
	at org.gradle.internal.execution.steps.SkipUpToDateStep.lambda$execute$2(SkipUpToDateStep.java:55)
	at org.gradle.internal.execution.steps.SkipUpToDateStep.execute(SkipUpToDateStep.java:55)
	at org.gradle.internal.execution.steps.SkipUpToDateStep.execute(SkipUpToDateStep.java:37)
	at org.gradle.internal.execution.steps.ResolveChangesStep.execute(ResolveChangesStep.java:65)
	at org.gradle.internal.execution.steps.ResolveChangesStep.execute(ResolveChangesStep.java:36)
	at org.gradle.internal.execution.steps.legacy.MarkSnapshottingInputsFinishedStep.execute(MarkSnapshottingInputsFinishedStep.java:37)
	at org.gradle.internal.execution.steps.legacy.MarkSnapshottingInputsFinishedStep.execute(MarkSnapshottingInputsFinishedStep.java:27)
	at org.gradle.internal.execution.steps.ResolveCachingStateStep.execute(ResolveCachingStateStep.java:76)
	at org.gradle.internal.execution.steps.ResolveCachingStateStep.execute(ResolveCachingStateStep.java:37)
	at org.gradle.internal.execution.steps.ValidateStep.execute(ValidateStep.java:108)
	at org.gradle.internal.execution.steps.ValidateStep.execute(ValidateStep.java:55)
	at org.gradle.internal.execution.steps.CaptureStateBeforeExecutionStep.execute(CaptureStateBeforeExecutionStep.java:71)
	at org.gradle.internal.execution.steps.CaptureStateBeforeExecutionStep.execute(CaptureStateBeforeExecutionStep.java:45)
	at org.gradle.internal.execution.steps.SkipEmptyWorkStep.executeWithNonEmptySources(SkipEmptyWorkStep.java:177)
	at org.gradle.internal.execution.steps.SkipEmptyWorkStep.execute(SkipEmptyWorkStep.java:86)
	at org.gradle.internal.execution.steps.SkipEmptyWorkStep.execute(SkipEmptyWorkStep.java:53)
	at org.gradle.internal.execution.steps.RemoveUntrackedExecutionStateStep.execute(RemoveUntrackedExecutionStateStep.java:32)
	at org.gradle.internal.execution.steps.RemoveUntrackedExecutionStateStep.execute(RemoveUntrackedExecutionStateStep.java:21)
	at org.gradle.internal.execution.steps.legacy.MarkSnapshottingInputsStartedStep.execute(MarkSnapshottingInputsStartedStep.java:38)
	at org.gradle.internal.execution.steps.LoadPreviousExecutionStateStep.execute(LoadPreviousExecutionStateStep.java:36)
	at org.gradle.internal.execution.steps.LoadPreviousExecutionStateStep.execute(LoadPreviousExecutionStateStep.java:23)
	at org.gradle.internal.execution.steps.CleanupStaleOutputsStep.execute(CleanupStaleOutputsStep.java:75)
	at org.gradle.internal.execution.steps.CleanupStaleOutputsStep.execute(CleanupStaleOutputsStep.java:41)
	at org.gradle.internal.execution.steps.ExecuteWorkBuildOperationFiringStep.lambda$execute$2(ExecuteWorkBuildOperationFiringStep.java:66)
	at org.gradle.internal.execution.steps.ExecuteWorkBuildOperationFiringStep.execute(ExecuteWorkBuildOperationFiringStep.java:66)
	at org.gradle.internal.execution.steps.ExecuteWorkBuildOperationFiringStep.execute(ExecuteWorkBuildOperationFiringStep.java:38)
	at org.gradle.internal.execution.steps.AssignWorkspaceStep.lambda$execute$0(AssignWorkspaceStep.java:32)
	at org.gradle.api.internal.tasks.execution.TaskExecution$4.withWorkspace(TaskExecution.java:293)
	at org.gradle.internal.execution.steps.AssignWorkspaceStep.execute(AssignWorkspaceStep.java:30)
	at org.gradle.internal.execution.steps.AssignWorkspaceStep.execute(AssignWorkspaceStep.java:21)
	at org.gradle.internal.execution.steps.IdentityCacheStep.execute(IdentityCacheStep.java:37)
	at org.gradle.internal.execution.steps.IdentityCacheStep.execute(IdentityCacheStep.java:27)
	at org.gradle.internal.execution.steps.IdentifyStep.execute(IdentifyStep.java:47)
	at org.gradle.internal.execution.steps.IdentifyStep.execute(IdentifyStep.java:34)
	at org.gradle.internal.execution.impl.DefaultExecutionEngine$1.execute(DefaultExecutionEngine.java:64)
	at org.gradle.api.internal.tasks.execution.ExecuteActionsTaskExecuter.executeIfValid(ExecuteActionsTaskExecuter.java:145)
	at org.gradle.api.internal.tasks.execution.ExecuteActionsTaskExecuter.execute(ExecuteActionsTaskExecuter.java:134)
	at org.gradle.api.internal.tasks.execution.FinalizePropertiesTaskExecuter.execute(FinalizePropertiesTaskExecuter.java:46)
	at org.gradle.api.internal.tasks.execution.ResolveTaskExecutionModeExecuter.execute(ResolveTaskExecutionModeExecuter.java:51)
	at org.gradle.api.internal.tasks.execution.SkipTaskWithNoActionsExecuter.execute(SkipTaskWithNoActionsExecuter.java:57)
	at org.gradle.api.internal.tasks.execution.SkipOnlyIfTaskExecuter.execute(SkipOnlyIfTaskExecuter.java:74)
	at org.gradle.api.internal.tasks.execution.CatchExceptionTaskExecuter.execute(CatchExceptionTaskExecuter.java:36)
	at org.gradle.api.internal.tasks.execution.EventFiringTaskExecuter$1.executeTask(EventFiringTaskExecuter.java:77)
	at org.gradle.api.internal.tasks.execution.EventFiringTaskExecuter$1.call(EventFiringTaskExecuter.java:55)
	at org.gradle.api.internal.tasks.execution.EventFiringTaskExecuter$1.call(EventFiringTaskExecuter.java:52)
	at org.gradle.internal.operations.DefaultBuildOperationRunner$CallableBuildOperationWorker.execute(DefaultBuildOperationRunner.java:204)
	at org.gradle.internal.operations.DefaultBuildOperationRunner$CallableBuildOperationWorker.execute(DefaultBuildOperationRunner.java:199)
	at org.gradle.internal.operations.DefaultBuildOperationRunner$2.execute(DefaultBuildOperationRunner.java:66)
	at org.gradle.internal.operations.DefaultBuildOperationRunner$2.execute(DefaultBuildOperationRunner.java:59)
	at org.gradle.internal.operations.DefaultBuildOperationRunner.execute(DefaultBuildOperationRunner.java:157)
	at org.gradle.internal.operations.DefaultBuildOperationRunner.execute(DefaultBuildOperationRunner.java:59)
	at org.gradle.internal.operations.DefaultBuildOperationRunner.call(DefaultBuildOperationRunner.java:53)
	at org.gradle.internal.operations.DefaultBuildOperationExecutor.call(DefaultBuildOperationExecutor.java:73)
	at org.gradle.api.internal.tasks.execution.EventFiringTaskExecuter.execute(EventFiringTaskExecuter.java:52)
	at org.gradle.execution.plan.LocalTaskNodeExecutor.execute(LocalTaskNodeExecutor.java:42)
	at org.gradle.execution.taskgraph.DefaultTaskExecutionGraph$InvokeNodeExecutorsAction.execute(DefaultTaskExecutionGraph.java:331)
	at org.gradle.execution.taskgraph.DefaultTaskExecutionGraph$InvokeNodeExecutorsAction.execute(DefaultTaskExecutionGraph.java:318)
	at org.gradle.execution.taskgraph.DefaultTaskExecutionGraph$BuildOperationAwareExecutionAction.lambda$execute$0(DefaultTaskExecutionGraph.java:314)
	at org.gradle.internal.operations.CurrentBuildOperationRef.with(CurrentBuildOperationRef.java:80)
	at org.gradle.execution.taskgraph.DefaultTaskExecutionGraph$BuildOperationAwareExecutionAction.execute(DefaultTaskExecutionGraph.java:314)
	at org.gradle.execution.taskgraph.DefaultTaskExecutionGraph$BuildOperationAwareExecutionAction.execute(DefaultTaskExecutionGraph.java:303)
	at org.gradle.execution.plan.DefaultPlanExecutor$ExecutorWorker.execute(DefaultPlanExecutor.java:463)
	at org.gradle.execution.plan.DefaultPlanExecutor$ExecutorWorker.run(DefaultPlanExecutor.java:380)
	at org.gradle.internal.concurrent.ExecutorPolicy$CatchAndRecordFailures.onExecute(ExecutorPolicy.java:64)
	at org.gradle.internal.concurrent.AbstractManagedExecutor$1.run(AbstractManagedExecutor.java:47)
Caused by: org.jetbrains.kotlin.gradle.tasks.CompilationErrorException: Compilation error. See log for more details
	at org.jetbrains.kotlin.gradle.tasks.TasksUtilsKt.throwExceptionIfCompilationFailed(tasksUtils.kt:20)
	at org.jetbrains.kotlin.compilerRunner.GradleKotlinCompilerWork.run(GradleKotlinCompilerWork.kt:141)
	at org.jetbrains.kotlin.compilerRunner.GradleCompilerRunnerWithWorkers$GradleKotlinCompilerWorkAction.execute(GradleCompilerRunnerWithWorkers.kt:73)
	at org.gradle.workers.internal.DefaultWorkerServer.execute(DefaultWorkerServer.java:63)
	at org.gradle.workers.internal.NoIsolationWorkerFactory$1$1.create(NoIsolationWorkerFactory.java:66)
	at org.gradle.workers.internal.NoIsolationWorkerFactory$1$1.create(NoIsolationWorkerFactory.java:62)
	at org.gradle.internal.classloader.ClassLoaderUtils.executeInClassloader(ClassLoaderUtils.java:100)
	at org.gradle.workers.internal.NoIsolationWorkerFactory$1.lambda$execute$0(NoIsolationWorkerFactory.java:62)
	at org.gradle.workers.internal.AbstractWorker$1.call(AbstractWorker.java:44)
	at org.gradle.workers.internal.AbstractWorker$1.call(AbstractWorker.java:41)
	at org.gradle.internal.operations.DefaultBuildOperationRunner$CallableBuildOperationWorker.execute(DefaultBuildOperationRunner.java:204)
	at org.gradle.internal.operations.DefaultBuildOperationRunner$CallableBuildOperationWorker.execute(DefaultBuildOperationRunner.java:199)
	at org.gradle.internal.operations.DefaultBuildOperationRunner$2.execute(DefaultBuildOperationRunner.java:66)
	at org.gradle.internal.operations.DefaultBuildOperationRunner$2.execute(DefaultBuildOperationRunner.java:59)
	at org.gradle.internal.operations.DefaultBuildOperationRunner.execute(DefaultBuildOperationRunner.java:157)
	at org.gradle.internal.operations.DefaultBuildOperationRunner.execute(DefaultBuildOperationRunner.java:59)
	at org.gradle.internal.operations.DefaultBuildOperationRunner.call(DefaultBuildOperationRunner.java:53)
	at org.gradle.internal.operations.DefaultBuildOperationExecutor.call(DefaultBuildOperationExecutor.java:73)
	at org.gradle.workers.internal.AbstractWorker.executeWrappedInBuildOperation(AbstractWorker.java:41)
	at org.gradle.workers.internal.NoIsolationWorkerFactory$1.execute(NoIsolationWorkerFactory.java:59)
	at org.gradle.workers.internal.DefaultWorkerExecutor.lambda$submitWork$0(DefaultWorkerExecutor.java:170)
	at org.gradle.internal.work.DefaultConditionalExecutionQueue$ExecutionRunner.runExecution(DefaultConditionalExecutionQueue.java:187)
	at org.gradle.internal.work.DefaultConditionalExecutionQueue$ExecutionRunner.access$700(DefaultConditionalExecutionQueue.java:120)
	at org.gradle.internal.work.DefaultConditionalExecutionQueue$ExecutionRunner$1.run(DefaultConditionalExecutionQueue.java:162)
	at org.gradle.internal.Factories$1.create(Factories.java:31)
	at org.gradle.internal.work.DefaultWorkerLeaseService.withLocks(DefaultWorkerLeaseService.java:264)
	at org.gradle.internal.work.DefaultWorkerLeaseService.runAsWorkerThread(DefaultWorkerLeaseService.java:128)
	at org.gradle.internal.work.DefaultWorkerLeaseService.runAsWorkerThread(DefaultWorkerLeaseService.java:133)
	at org.gradle.internal.work.DefaultConditionalExecutionQueue$ExecutionRunner.runBatch(DefaultConditionalExecutionQueue.java:157)
	at org.gradle.internal.work.DefaultConditionalExecutionQueue$ExecutionRunner.run(DefaultConditionalExecutionQueue.java:126)
	... 2 more


BUILD FAILED in 3s
26 actionable tasks: 2 executed, 24 up-to-date
Watched directory hierarchies: [E:\Dev\projects\gdrivesync]
